Archive member included to satisfy reference by file (symbol)

c:/microsemi/softconsole_v5.1/arm-none-eabi-gcc/bin/../lib/gcc/arm-none-eabi/6.3.1/../../../../arm-none-eabi/lib/thumb/v7-m\libg.a(lib_a-exit.o)
                              c:/microsemi/softconsole_v5.1/arm-none-eabi-gcc/bin/../lib/gcc/arm-none-eabi/6.3.1/../../../../arm-none-eabi/lib/thumb/v7-m/rdimon-crt0.o (exit)
c:/microsemi/softconsole_v5.1/arm-none-eabi-gcc/bin/../lib/gcc/arm-none-eabi/6.3.1/../../../../arm-none-eabi/lib/thumb/v7-m\libg.a(lib_a-impure.o)
                              c:/microsemi/softconsole_v5.1/arm-none-eabi-gcc/bin/../lib/gcc/arm-none-eabi/6.3.1/../../../../arm-none-eabi/lib/thumb/v7-m\libg.a(lib_a-exit.o) (_global_impure_ptr)
c:/microsemi/softconsole_v5.1/arm-none-eabi-gcc/bin/../lib/gcc/arm-none-eabi/6.3.1/../../../../arm-none-eabi/lib/thumb/v7-m\libg.a(lib_a-init.o)
                              c:/microsemi/softconsole_v5.1/arm-none-eabi-gcc/bin/../lib/gcc/arm-none-eabi/6.3.1/../../../../arm-none-eabi/lib/thumb/v7-m/rdimon-crt0.o (__libc_init_array)
c:/microsemi/softconsole_v5.1/arm-none-eabi-gcc/bin/../lib/gcc/arm-none-eabi/6.3.1/../../../../arm-none-eabi/lib/thumb/v7-m\libg.a(lib_a-iprintf.o)
                              ./main.o (iprintf)
c:/microsemi/softconsole_v5.1/arm-none-eabi-gcc/bin/../lib/gcc/arm-none-eabi/6.3.1/../../../../arm-none-eabi/lib/thumb/v7-m\libg.a(lib_a-memcpy.o)
                              ./drivers/mss_sys_services/mss_sys_services.o (memcpy)
c:/microsemi/softconsole_v5.1/arm-none-eabi-gcc/bin/../lib/gcc/arm-none-eabi/6.3.1/../../../../arm-none-eabi/lib/thumb/v7-m\libg.a(lib_a-memset.o)
                              c:/microsemi/softconsole_v5.1/arm-none-eabi-gcc/bin/../lib/gcc/arm-none-eabi/6.3.1/../../../../arm-none-eabi/lib/thumb/v7-m/rdimon-crt0.o (memset)
c:/microsemi/softconsole_v5.1/arm-none-eabi-gcc/bin/../lib/gcc/arm-none-eabi/6.3.1/../../../../arm-none-eabi/lib/thumb/v7-m\libg.a(lib_a-vfiprintf.o)
                              c:/microsemi/softconsole_v5.1/arm-none-eabi-gcc/bin/../lib/gcc/arm-none-eabi/6.3.1/../../../../arm-none-eabi/lib/thumb/v7-m\libg.a(lib_a-iprintf.o) (_vfiprintf_r)
c:/microsemi/softconsole_v5.1/arm-none-eabi-gcc/bin/../lib/gcc/arm-none-eabi/6.3.1/../../../../arm-none-eabi/lib/thumb/v7-m\libg.a(lib_a-wsetup.o)
                              c:/microsemi/softconsole_v5.1/arm-none-eabi-gcc/bin/../lib/gcc/arm-none-eabi/6.3.1/../../../../arm-none-eabi/lib/thumb/v7-m\libg.a(lib_a-vfiprintf.o) (__swsetup_r)
c:/microsemi/softconsole_v5.1/arm-none-eabi-gcc/bin/../lib/gcc/arm-none-eabi/6.3.1/../../../../arm-none-eabi/lib/thumb/v7-m\libg.a(lib_a-__call_atexit.o)
                              c:/microsemi/softconsole_v5.1/arm-none-eabi-gcc/bin/../lib/gcc/arm-none-eabi/6.3.1/../../../../arm-none-eabi/lib/thumb/v7-m\libg.a(lib_a-exit.o) (__call_exitprocs)
c:/microsemi/softconsole_v5.1/arm-none-eabi-gcc/bin/../lib/gcc/arm-none-eabi/6.3.1/../../../../arm-none-eabi/lib/thumb/v7-m\libg.a(lib_a-atexit.o)
                              c:/microsemi/softconsole_v5.1/arm-none-eabi-gcc/bin/../lib/gcc/arm-none-eabi/6.3.1/../../../../arm-none-eabi/lib/thumb/v7-m\libg.a(lib_a-__call_atexit.o) (atexit)
c:/microsemi/softconsole_v5.1/arm-none-eabi-gcc/bin/../lib/gcc/arm-none-eabi/6.3.1/../../../../arm-none-eabi/lib/thumb/v7-m\libg.a(lib_a-fflush.o)
                              c:/microsemi/softconsole_v5.1/arm-none-eabi-gcc/bin/../lib/gcc/arm-none-eabi/6.3.1/../../../../arm-none-eabi/lib/thumb/v7-m\libg.a(lib_a-vfiprintf.o) (_fflush_r)
c:/microsemi/softconsole_v5.1/arm-none-eabi-gcc/bin/../lib/gcc/arm-none-eabi/6.3.1/../../../../arm-none-eabi/lib/thumb/v7-m\libg.a(lib_a-findfp.o)
                              c:/microsemi/softconsole_v5.1/arm-none-eabi-gcc/bin/../lib/gcc/arm-none-eabi/6.3.1/../../../../arm-none-eabi/lib/thumb/v7-m\libg.a(lib_a-vfiprintf.o) (__sinit)
c:/microsemi/softconsole_v5.1/arm-none-eabi-gcc/bin/../lib/gcc/arm-none-eabi/6.3.1/../../../../arm-none-eabi/lib/thumb/v7-m\libg.a(lib_a-fini.o)
                              c:/microsemi/softconsole_v5.1/arm-none-eabi-gcc/bin/../lib/gcc/arm-none-eabi/6.3.1/../../../../arm-none-eabi/lib/thumb/v7-m\libg.a(lib_a-__call_atexit.o) (__libc_fini_array)
c:/microsemi/softconsole_v5.1/arm-none-eabi-gcc/bin/../lib/gcc/arm-none-eabi/6.3.1/../../../../arm-none-eabi/lib/thumb/v7-m\libg.a(lib_a-fputwc.o)
                              c:/microsemi/softconsole_v5.1/arm-none-eabi-gcc/bin/../lib/gcc/arm-none-eabi/6.3.1/../../../../arm-none-eabi/lib/thumb/v7-m\libg.a(lib_a-vfiprintf.o) (_fputwc_r)
c:/microsemi/softconsole_v5.1/arm-none-eabi-gcc/bin/../lib/gcc/arm-none-eabi/6.3.1/../../../../arm-none-eabi/lib/thumb/v7-m\libg.a(lib_a-freer.o)
                              c:/microsemi/softconsole_v5.1/arm-none-eabi-gcc/bin/../lib/gcc/arm-none-eabi/6.3.1/../../../../arm-none-eabi/lib/thumb/v7-m\libg.a(lib_a-wsetup.o) (_free_r)
[...]
Memory Configuration

Name             Origin             Length             Attributes
ram              0x20000000         0x00010000         xrw
*default*        0x00000000         0xffffffff

Linker script and memory map

LOAD c:/microsemi/softconsole_v5.1/arm-none-eabi-gcc/bin/../lib/gcc/arm-none-eabi/6.3.1/thumb/v7-m/crti.o
LOAD c:/microsemi/softconsole_v5.1/arm-none-eabi-gcc/bin/../lib/gcc/arm-none-eabi/6.3.1/thumb/v7-m/crtbegin.o
LOAD c:/microsemi/softconsole_v5.1/arm-none-eabi-gcc/bin/../lib/gcc/arm-none-eabi/6.3.1/../../../../arm-none-eabi/lib/thumb/v7-m/rdimon-crt0.o
LOAD ./hal/CortexM3/GNU/hal.o
LOAD ./hal/CortexM3/GNU/hw_reg_access.o
LOAD ./hal/CortexM3/cortex_nvic.o
LOAD ./drivers_config/sys_config/sys_config.o
LOAD ./drivers/mss_sys_services/mss_comblk.o
LOAD ./drivers/mss_sys_services/mss_sys_services.o
LOAD ./drivers/mss_spi/mss_spi.o
LOAD ./drivers/mss_rtc/mss_rtc.o
LOAD ./drivers/mss_nvm/mss_nvm.o
LOAD ./drivers/mss_hpdma/mss_hpdma.o
LOAD ./drivers/CoreUARTapb/core_uart_apb.o
LOAD ./drivers/CorePWM/core_pwm.o
LOAD ./drivers/CoreGPIO/core_gpio.o
LOAD ./CMSIS/startup_gcc/startup_m2sxxx.o
LOAD ./CMSIS/system_m2sxxx.o
LOAD ./main.o
START GROUP
LOAD c:/microsemi/softconsole_v5.1/arm-none-eabi-gcc/bin/../lib/gcc/arm-none-eabi/6.3.1/thumb/v7-m\libgcc.a
LOAD c:/microsemi/softconsole_v5.1/arm-none-eabi-gcc/bin/../lib/gcc/arm-none-eabi/6.3.1/../../../../arm-none-eabi/lib/thumb/v7-m\libg.a
LOAD c:/microsemi/softconsole_v5.1/arm-none-eabi-gcc/bin/../lib/gcc/arm-none-eabi/6.3.1/../../../../arm-none-eabi/lib/thumb/v7-m\libc.a
END GROUP
START GROUP
LOAD c:/microsemi/softconsole_v5.1/arm-none-eabi-gcc/bin/../lib/gcc/arm-none-eabi/6.3.1/thumb/v7-m\libgcc.a
LOAD c:/microsemi/softconsole_v5.1/arm-none-eabi-gcc/bin/../lib/gcc/arm-none-eabi/6.3.1/../../../../arm-none-eabi/lib/thumb/v7-m\libc.a
LOAD c:/microsemi/softconsole_v5.1/arm-none-eabi-gcc/bin/../lib/gcc/arm-none-eabi/6.3.1/../../../../arm-none-eabi/lib/thumb/v7-m\librdimon.a
END GROUP
LOAD c:/microsemi/softconsole_v5.1/arm-none-eabi-gcc/bin/../lib/gcc/arm-none-eabi/6.3.1/thumb/v7-m/crtend.o
LOAD c:/microsemi/softconsole_v5.1/arm-none-eabi-gcc/bin/../lib/gcc/arm-none-eabi/6.3.1/thumb/v7-m/crtn.o
START GROUP
LOAD c:/microsemi/softconsole_v5.1/arm-none-eabi-gcc/bin/../lib/gcc/arm-none-eabi/6.3.1/../../../../arm-none-eabi/lib/thumb/v7-m\libc.a
LOAD c:/microsemi/softconsole_v5.1/arm-none-eabi-gcc/bin/../lib/gcc/arm-none-eabi/6.3.1/thumb/v7-m\libgcc.a
LOAD c:/microsemi/softconsole_v5.1/arm-none-eabi-gcc/bin/../lib/gcc/arm-none-eabi/6.3.1/../../../../arm-none-eabi/lib/thumb/v7-m\libm.a
END GROUP
                0x00000000                __DYNAMIC = 0x0
                0x20000000                RAM_START_ADDRESS = 0x20000000
                0x00010000                RAM_SIZE = 0x10000
                0x00001000                MAIN_STACK_SIZE = 0x1000
                0x00001000                MIN_SIZE_HEAP = 0x1000
                0x20010000                PROVIDE (__main_stack_start, (RAM_START_ADDRESS + RAM_SIZE))
                [!provide]                PROVIDE (_estack, __main_stack_start)
                0x00000000                PROVIDE (__mirrored_nvm, 0x0)
                0x00000000                PROVIDE (__smartfusion2_memory_remap, 0x0)

.vector_table   0x20000000      0x190
                0x20000000                __vector_table_load = LOADADDR (.vector_table)
                0x20000000                __vector_table_start = .
                0x20000000                __vector_table_vma_base_address = .
 *(.isr_vector)
 .isr_vector    0x20000000      0x190 ./CMSIS/startup_gcc/startup_m2sxxx.o
                0x20000000                g_pfnVectors
                0x20000190                . = ALIGN (0x10)
                0x20000190                _evector_table = .

.boot_code      0x20000190      0x320
 *(.boot_code)
 .boot_code     0x20000190      0x31c ./CMSIS/startup_gcc/startup_m2sxxx.o
                0x20000190                Reset_Handler
                0x2000037e                NMI_Handler
                0x20000380                HardFault_Handler
                0x20000382                MemManage_Handler
                0x20000384                BusFault_Handler
                0x20000386                UsageFault_Handler
                0x20000388                SVC_Handler
                0x2000038a                DebugMon_Handler
                0x2000038c                PendSV_Handler
                0x2000038e                SysTick_Handler
                0x20000390                WdogWakeup_IRQHandler
                0x20000392                RTC_Wakeup_IRQHandler
                0x20000398                I2C0_IRQHandler
                0x2000039a                I2C0_SMBAlert_IRQHandler
                0x2000039c                I2C0_SMBus_IRQHandler
                0x2000039e                I2C1_IRQHandler
                0x200003a0                I2C1_SMBAlert_IRQHandler
                0x200003a2                I2C1_SMBus_IRQHandler
                0x200003a4                UART0_IRQHandler
                0x200003a6                UART1_IRQHandler
                0x200003a8                EthernetMAC_IRQHandler
                0x200003aa                DMA_IRQHandler
                0x200003ae                Timer2_IRQHandler
                0x200003b0                CAN_IRQHandler
                0x200003b2                ENVM0_IRQHandler
                0x200003b4                ENVM1_IRQHandler
                0x200003b8                USB_IRQHandler
                0x200003ba                USB_DMA_IRQHandler
                0x200003bc                PLL_Lock_IRQHandler
                0x200003be                PLL_LockLost_IRQHandler
                0x200003c0                CommSwitchError_IRQHandler
                0x200003c2                CacheError_IRQHandler
                0x200003c4                DDR_IRQHandler
                0x200003ca                ECC_Error_IRQHandler
                0x200003cc                MDDR_IOCalib_IRQHandler
                0x200003ce                FAB_PLL_Lock_IRQHandler
                0x200003d0                FAB_PLL_LockLost_IRQHandler
                0x200003d2                FIC64_IRQHandler
                0x200003d4                FabricIrq0_IRQHandler
                0x200003da                FabricIrq3_IRQHandler
                0x200003dc                FabricIrq4_IRQHandler
                0x200003de                FabricIrq5_IRQHandler
                0x200003e0                FabricIrq6_IRQHandler
                0x200003e2                FabricIrq7_IRQHandler
                0x200003e4                FabricIrq8_IRQHandler
                0x200003e6                FabricIrq9_IRQHandler
                0x200003e8                FabricIrq10_IRQHandler
                0x200003ea                FabricIrq11_IRQHandler
                0x200003ec                FabricIrq12_IRQHandler
                0x200003ee                FabricIrq13_IRQHandler
                0x200003f0                FabricIrq14_IRQHandler
                0x200003f2                FabricIrq15_IRQHandler
                0x200003f4                GPIO0_IRQHandler
                0x200003f6                GPIO1_IRQHandler
                0x200003f8                GPIO2_IRQHandler
                0x200003fa                GPIO3_IRQHandler
                0x200003fc                GPIO4_IRQHandler
                0x200003fe                GPIO5_IRQHandler
                0x20000400                GPIO6_IRQHandler
                0x20000402                GPIO7_IRQHandler
                0x20000404                GPIO8_IRQHandler
                0x20000406                GPIO9_IRQHandler
                0x20000408                GPIO10_IRQHandler
                0x2000040a                GPIO11_IRQHandler
                0x2000040c                GPIO12_IRQHandler
                0x2000040e                GPIO13_IRQHandler
                0x20000410                GPIO14_IRQHandler
                0x20000412                GPIO15_IRQHandler
                0x20000414                GPIO16_IRQHandler
                0x20000416                GPIO17_IRQHandler
                0x20000418                GPIO18_IRQHandler
                0x2000041a                GPIO19_IRQHandler
                0x2000041c                GPIO20_IRQHandler
                0x2000041e                GPIO21_IRQHandler
                0x20000420                GPIO22_IRQHandler
                0x20000422                GPIO23_IRQHandler
                0x20000424                GPIO24_IRQHandler
                0x20000426                GPIO25_IRQHandler
                0x20000428                GPIO26_IRQHandler
                0x2000042a                GPIO27_IRQHandler
                0x2000042c                GPIO28_IRQHandler
                0x2000042e                GPIO29_IRQHandler
                0x20000430                GPIO30_IRQHandler
                0x20000432                GPIO31_IRQHandler
                0x20000434                mscc_post_hw_cfg_init
                0x200004b0                . = ALIGN (0x10)
 *fill*         0x200004ac        0x4 

.text           0x200004b0     0x5650
 CREATE_OBJECT_SYMBOLS
                0x200004b0                __text_load = LOADADDR (.text)
                0x200004b0                __text_start = .
 *(.text .text.* .gnu.linkonce.t.*)
 .text          0x200004b0       0x6c c:/microsemi/softconsole_v5.1/arm-none-eabi-gcc/bin/../lib/gcc/arm-none-eabi/6.3.1/thumb/v7-m/crtbegin.o
 .text          0x2000051c       0x90 ./hal/CortexM3/GNU/hw_reg_access.o
                0x2000051c                HW_set_32bit_reg
                0x20000520                HW_get_32bit_reg
                0x20000524                HW_set_32bit_reg_field
                0x20000540                HW_get_32bit_reg_field
                0x2000054c                HW_set_16bit_reg
                0x20000550                HW_get_16bit_reg
                0x20000554                HW_set_16bit_reg_field
                0x20000570                HW_get_16bit_reg_field
                0x2000057c                HW_set_8bit_reg
                0x20000580                HW_get_8bit_reg
                0x20000584                HW_set_8bit_reg_field
                0x200005a0                HW_get_8bit_reg_field
 .text.ComBlk_IRQHandler
                0x200005ac       0x48 ./drivers/mss_sys_services/mss_comblk.o
                0x200005ac                ComBlk_IRQHandler
 .text.handle_tx_okay_irq
                0x200005f4      0x1ac ./drivers/mss_sys_services/mss_comblk.o
 .text.handle_rx_okay_irq
                0x200007a0      0x210 ./drivers/mss_sys_services/mss_comblk.o
 .text.complete_request
                0x200009b0       0x40 ./drivers/mss_sys_services/mss_comblk.o
 .text.abort_current_cmd
                0x200009f0       0x4c ./drivers/mss_sys_services/mss_comblk.o
 .text.fill_tx_fifo
                0x20000a3c       0x60 ./drivers/mss_sys_services/mss_comblk.o
 .text.process_sys_ctrl_command
                0x20000a9c       0x28 ./drivers/mss_sys_services/mss_comblk.o
 .text.NVIC_ClearPendingIRQ
                0x20000ac4       0x34 ./drivers/mss_spi/mss_spi.o
 .text.recover_from_rx_overflow
                0x20000af8      0x128 ./drivers/mss_spi/mss_spi.o
 .text.fill_slave_tx_fifo
                0x20000c20       0xd6 ./drivers/mss_spi/mss_spi.o
 .text.read_slave_rx_fifo
                0x20000cf6       0xa6 ./drivers/mss_spi/mss_spi.o
 .text.mss_spi_isr
                0x20000d9c      0x280 ./drivers/mss_spi/mss_spi.o
 .text.SPI0_IRQHandler
                0x2000101c       0x24 ./drivers/mss_spi/mss_spi.o
                0x2000101c                SPI0_IRQHandler
 .text.SPI1_IRQHandler
                0x20001040       0x24 ./drivers/mss_spi/mss_spi.o
                0x20001040                SPI1_IRQHandler
 .text.start_transfer
                0x20001064      0x150 ./drivers/mss_hpdma/mss_hpdma.o
 .text.HPDMA_Complete_IRQHandler
                0x200011b4       0xf8 ./drivers/mss_hpdma/mss_hpdma.o
                0x200011b4                HPDMA_Complete_IRQHandler
 .text.HPDMA_Error_IRQHandler
                0x200012ac      0x100 ./drivers/mss_hpdma/mss_hpdma.o
                0x200012ac                HPDMA_Error_IRQHandler
 .text.UART_init
                0x200013ac      0x112 ./drivers/CoreUARTapb/core_uart_apb.o
                0x200013ac                UART_init
 .text.UART_send
                0x200014be       0x7e ./drivers/CoreUARTapb/core_uart_apb.o
                0x200014be                UART_send
 .text.UART_get_rx
                0x2000153c       0xc0 ./drivers/CoreUARTapb/core_uart_apb.o
                0x2000153c                UART_get_rx
 .text.UART_get_rx_status
                0x200015fc       0x3a ./drivers/CoreUARTapb/core_uart_apb.o
                0x200015fc                UART_get_rx_status
 .text.PWM_init
                0x20001636      0x13a ./drivers/CorePWM/core_pwm.o
                0x20001636                PWM_init
 .text.PWM_enable
                0x20001770       0x94 ./drivers/CorePWM/core_pwm.o
                0x20001770                PWM_enable
 .text.PWM_disable
                0x20001804       0x9c ./drivers/CorePWM/core_pwm.o
                0x20001804                PWM_disable
 .text.PWM_set_duty_cycle
                0x200018a0       0xc4 ./drivers/CorePWM/core_pwm.o
                0x200018a0                PWM_set_duty_cycle
 .text.GPIO_init
                0x20001964       0xd2 ./drivers/CoreGPIO/core_gpio.o
                0x20001964                GPIO_init
 .text.GPIO_config
                0x20001a36       0x4e ./drivers/CoreGPIO/core_gpio.o
                0x20001a36                GPIO_config
 .text.GPIO_set_outputs
                0x20001a84       0xc8 ./drivers/CoreGPIO/core_gpio.o
                0x20001a84                GPIO_set_outputs
 .text.GPIO_get_outputs
                0x20001b4c       0xcc ./drivers/CoreGPIO/core_gpio.o
                0x20001b4c                GPIO_get_outputs
 .text.GPIO_enable_irq
                0x20001c18       0x4e ./drivers/CoreGPIO/core_gpio.o
                0x20001c18                GPIO_enable_irq
 .text.GPIO_disable_irq
                0x20001c66       0x4e ./drivers/CoreGPIO/core_gpio.o
                0x20001c66                GPIO_disable_irq
 .text.GPIO_clear_irq
                0x20001cb4       0xb4 ./drivers/CoreGPIO/core_gpio.o
                0x20001cb4                GPIO_clear_irq
 .text.SystemInit
                0x20001d68       0x20 ./CMSIS/system_m2sxxx.o
                0x20001d68                SystemInit
 .text.SystemCoreClockUpdate
                0x20001d88       0xfc ./CMSIS/system_m2sxxx.o
                0x20001d88                SystemCoreClockUpdate
 .text.get_rcosc_25_50mhz_frequency
                0x20001e84       0x3c ./CMSIS/system_m2sxxx.o
 .text.set_clock_frequency_globals
                0x20001ec0       0x5c ./CMSIS/system_m2sxxx.o
 .text.get_silicon_revision
                0x20001f1c       0x48 ./CMSIS/system_m2sxxx.o
 .text.silicon_workarounds
                0x20001f64       0x22 ./CMSIS/system_m2sxxx.o
 *fill*         0x20001f86        0x2 
 .text.m2s050_rev_a_workarounds
                0x20001f88       0x30 ./CMSIS/system_m2sxxx.o
 .text.NVIC_EnableIRQ
                0x20001fb8       0x30 ./main.o
 .text.NVIC_DisableIRQ
                0x20001fe8       0x34 ./main.o
 .text.NVIC_ClearPendingIRQ
                0x2000201c       0x34 ./main.o
 .text.NVIC_SetPriority
                0x20002050       0x54 ./main.o
 .text.MSS_TIM1_init
                0x200020a4       0x5c ./main.o
 .text.MSS_TIM1_start
                0x20002100       0x18 ./main.o
 .text.MSS_TIM1_load_immediate
                0x20002118       0x1a ./main.o
 *fill*         0x20002132        0x2 
 .text.MSS_TIM1_enable_irq
                0x20002134       0x1c ./main.o
 .text.MSS_TIM1_disable_irq
                0x20002150       0x1c ./main.o
 .text.MSS_TIM1_clear_irq
                0x2000216c       0x18 ./main.o
 .text.main     0x20002184      0x2e8 ./main.o
                0x20002184                main
 .text.Timer1_IRQHandler
                0x2000246c       0x2c ./main.o
                0x2000246c                Timer1_IRQHandler
 .text.FabricIrq1_IRQHandler
                0x20002498       0x5c ./main.o
                0x20002498                FabricIrq1_IRQHandler
 .text.FabricIrq2_IRQHandler
                0x200024f4       0x30 ./main.o
                0x200024f4                FabricIrq2_IRQHandler
 .text.delay    0x20002524       0x2e ./main.o
                0x20002524                delay
 *fill*         0x20002552        0x2 
 .text.__libc_init_array
                0x20002554       0x50 c:/microsemi/softconsole_v5.1/arm-none-eabi-gcc/bin/../lib/gcc/arm-none-eabi/6.3.1/../../../../arm-none-eabi/lib/thumb/v7-m\libg.a(lib_a-init.o)
                0x20002554                __libc_init_array
 .text.iprintf  0x200025a4       0x28 c:/microsemi/softconsole_v5.1/arm-none-eabi-gcc/bin/../lib/gcc/arm-none-eabi/6.3.1/../../../../arm-none-eabi/lib/thumb/v7-m\libg.a(lib_a-iprintf.o)
                0x200025a4                iprintf
 .text          0x200025cc       0xec c:/microsemi/softconsole_v5.1/arm-none-eabi-gcc/bin/../lib/gcc/arm-none-eabi/6.3.1/../../../../arm-none-eabi/lib/thumb/v7-m\libg.a(lib_a-memcpy.o)
                0x200025cc                memcpy
 .text.memset   0x200026b8       0x9c c:/microsemi/softconsole_v5.1/arm-none-eabi-gcc/bin/../lib/gcc/arm-none-eabi/6.3.1/../../../../arm-none-eabi/lib/thumb/v7-m\libg.a(lib_a-memset.o)
                0x200026b8                memset
 .text.__sprint_r.part.0
                0x20002754       0x80 c:/microsemi/softconsole_v5.1/arm-none-eabi-gcc/bin/../lib/gcc/arm-none-eabi/6.3.1/../../../../arm-none-eabi/lib/thumb/v7-m\libg.a(lib_a-vfiprintf.o)
 .text._vfiprintf_r
                0x200027d4      0xc88 c:/microsemi/softconsole_v5.1/arm-none-eabi-gcc/bin/../lib/gcc/arm-none-eabi/6.3.1/../../../../arm-none-eabi/lib/thumb/v7-m\libg.a(lib_a-vfiprintf.o)
                0x200027d4                _vfiprintf_r
 .text.__sbprintf
                0x2000345c       0x88 c:/microsemi/softconsole_v5.1/arm-none-eabi-gcc/bin/../lib/gcc/arm-none-eabi/6.3.1/../../../../arm-none-eabi/lib/thumb/v7-m\libg.a(lib_a-vfiprintf.o)
 .text.__swsetup_r
                0x200034e4       0xc8 c:/microsemi/softconsole_v5.1/arm-none-eabi-gcc/bin/../lib/gcc/arm-none-eabi/6.3.1/../../../../arm-none-eabi/lib/thumb/v7-m\libg.a(lib_a-wsetup.o)
                0x200034e4                __swsetup_r
 .text.startup.register_fini
                0x200035ac       0x14 c:/microsemi/softconsole_v5.1/arm-none-eabi-gcc/bin/../lib/gcc/arm-none-eabi/6.3.1/../../../../arm-none-eabi/lib/thumb/v7-m\libg.a(lib_a-__call_atexit.o)
 .text.atexit   0x200035c0        0xc c:/microsemi/softconsole_v5.1/arm-none-eabi-gcc/bin/../lib/gcc/arm-none-eabi/6.3.1/../../../../arm-none-eabi/lib/thumb/v7-m\libg.a(lib_a-atexit.o)
                0x200035c0                atexit
 .text.__sflush_r
                0x200035cc      0x138 c:/microsemi/softconsole_v5.1/arm-none-eabi-gcc/bin/../lib/gcc/arm-none-eabi/6.3.1/../../../../arm-none-eabi/lib/thumb/v7-m\libg.a(lib_a-fflush.o)
                0x200035cc                __sflush_r
 .text._fflush_r
                0x20003704       0x54 c:/microsemi/softconsole_v5.1/arm-none-eabi-gcc/bin/../lib/gcc/arm-none-eabi/6.3.1/../../../../arm-none-eabi/lib/thumb/v7-m\libg.a(lib_a-fflush.o)
                0x20003704                _fflush_r
 .text._cleanup_r
                0x20003758        0xc c:/microsemi/softconsole_v5.1/arm-none-eabi-gcc/bin/../lib/gcc/arm-none-eabi/6.3.1/../../../../arm-none-eabi/lib/thumb/v7-m\libg.a(lib_a-findfp.o)
                0x20003758                _cleanup_r
 .text.std.isra.0
                0x20003764       0x50 c:/microsemi/softconsole_v5.1/arm-none-eabi-gcc/bin/../lib/gcc/arm-none-eabi/6.3.1/../../../../arm-none-eabi/lib/thumb/v7-m\libg.a(lib_a-findfp.o)
 .text.__sinit  0x200037b4       0x60 c:/microsemi/softconsole_v5.1/arm-none-eabi-gcc/bin/../lib/gcc/arm-none-eabi/6.3.1/../../../../arm-none-eabi/lib/thumb/v7-m\libg.a(lib_a-findfp.o)
                0x200037b4                __sinit
 .text.__sfp_lock_acquire
                0x20003814        0xc c:/microsemi/softconsole_v5.1/arm-none-eabi-gcc/bin/../lib/gcc/arm-none-eabi/6.3.1/../../../../arm-none-eabi/lib/thumb/v7-m\libg.a(lib_a-findfp.o)
                0x20003814                __sfp_lock_acquire
 .text.__sfp_lock_release
                0x20003820        0xc c:/microsemi/softconsole_v5.1/arm-none-eabi-gcc/bin/../lib/gcc/arm-none-eabi/6.3.1/../../../../arm-none-eabi/lib/thumb/v7-m\libg.a(lib_a-findfp.o)
                0x20003820                __sfp_lock_release
 .text.__libc_fini_array
                0x2000382c       0x34 c:/microsemi/softconsole_v5.1/arm-none-eabi-gcc/bin/../lib/gcc/arm-none-eabi/6.3.1/../../../../arm-none-eabi/lib/thumb/v7-m\libg.a(lib_a-fini.o)
                0x2000382c                __libc_fini_array
 .text.__fputwc
                0x20003860       0x98 c:/microsemi/softconsole_v5.1/arm-none-eabi-gcc/bin/../lib/gcc/arm-none-eabi/6.3.1/../../../../arm-none-eabi/lib/thumb/v7-m\libg.a(lib_a-fputwc.o)
                0x20003860                __fputwc
 .text._fputwc_r
                0x200038f8       0x68 c:/microsemi/softconsole_v5.1/arm-none-eabi-gcc/bin/../lib/gcc/arm-none-eabi/6.3.1/../../../../arm-none-eabi/lib/thumb/v7-m\libg.a(lib_a-fputwc.o)
                0x200038f8                _fputwc_r
 .text._malloc_trim_r
                0x20003960       0xa0 c:/microsemi/softconsole_v5.1/arm-none-eabi-gcc/bin/../lib/gcc/arm-none-eabi/6.3.1/../../../../arm-none-eabi/lib/thumb/v7-m\libg.a(lib_a-freer.o)
                0x20003960                _malloc_trim_r
 .text._free_r  0x20003a00      0x1cc c:/microsemi/softconsole_v5.1/arm-none-eabi-gcc/bin/../lib/gcc/arm-none-eabi/6.3.1/../../../../arm-none-eabi/lib/thumb/v7-m\libg.a(lib_a-freer.o)
                0x20003a00                _free_r
 .text.__sfvwrite_r
                0x20003bcc      0x2f4 c:/microsemi/softconsole_v5.1/arm-none-eabi-gcc/bin/../lib/gcc/arm-none-eabi/6.3.1/../../../../arm-none-eabi/lib/thumb/v7-m\libg.a(lib_a-fvwrite.o)
                0x20003bcc                __sfvwrite_r
 .text._fwalk_reent
                0x20003ec0       0x50 c:/microsemi/softconsole_v5.1/arm-none-eabi-gcc/bin/../lib/gcc/arm-none-eabi/6.3.1/../../../../arm-none-eabi/lib/thumb/v7-m\libg.a(lib_a-fwalk.o)
                0x20003ec0                _fwalk_reent
 .text.__locale_mb_cur_max
                0x20003f10       0x1c c:/microsemi/softconsole_v5.1/arm-none-eabi-gcc/bin/../lib/gcc/arm-none-eabi/6.3.1/../../../../arm-none-eabi/lib/thumb/v7-m\libg.a(lib_a-locale.o)
                0x20003f10                __locale_mb_cur_max
 .text.__retarget_lock_init_recursive
                0x20003f2c        0x4 c:/microsemi/softconsole_v5.1/arm-none-eabi-gcc/bin/../lib/gcc/arm-none-eabi/6.3.1/../../../../arm-none-eabi/lib/thumb/v7-m\libg.a(lib_a-lock.o)
                0x20003f2c                __retarget_lock_init_recursive
 .text.__retarget_lock_close_recursive
                0x20003f30        0x4 c:/microsemi/softconsole_v5.1/arm-none-eabi-gcc/bin/../lib/gcc/arm-none-eabi/6.3.1/../../../../arm-none-eabi/lib/thumb/v7-m\libg.a(lib_a-lock.o)
                0x20003f30                __retarget_lock_close_recursive
 .text.__retarget_lock_acquire_recursive
                0x20003f34        0x4 c:/microsemi/softconsole_v5.1/arm-none-eabi-gcc/bin/../lib/gcc/arm-none-eabi/6.3.1/../../../../arm-none-eabi/lib/thumb/v7-m\libg.a(lib_a-lock.o)
                0x20003f34                __retarget_lock_acquire_recursive
 .text.__retarget_lock_release_recursive
                0x20003f38        0x4 c:/microsemi/softconsole_v5.1/arm-none-eabi-gcc/bin/../lib/gcc/arm-none-eabi/6.3.1/../../../../arm-none-eabi/lib/thumb/v7-m\libg.a(lib_a-lock.o)
                0x20003f38                __retarget_lock_release_recursive
 .text.__swhatbuf_r
                0x20003f3c       0x5c c:/microsemi/softconsole_v5.1/arm-none-eabi-gcc/bin/../lib/gcc/arm-none-eabi/6.3.1/../../../../arm-none-eabi/lib/thumb/v7-m\libg.a(lib_a-makebuf.o)
                0x20003f3c                __swhatbuf_r
 .text.__smakebuf_r
                0x20003f98       0x94 c:/microsemi/softconsole_v5.1/arm-none-eabi-gcc/bin/../lib/gcc/arm-none-eabi/6.3.1/../../../../arm-none-eabi/lib/thumb/v7-m\libg.a(lib_a-makebuf.o)
                0x20003f98                __smakebuf_r
 .text._malloc_r
                0x2000402c      0x544 c:/microsemi/softconsole_v5.1/arm-none-eabi-gcc/bin/../lib/gcc/arm-none-eabi/6.3.1/../../../../arm-none-eabi/lib/thumb/v7-m\libg.a(lib_a-mallocr.o)
                0x2000402c                _malloc_r
 .text.__ascii_mbtowc
                0x20004570       0x2c c:/microsemi/softconsole_v5.1/arm-none-eabi-gcc/bin/../lib/gcc/arm-none-eabi/6.3.1/../../../../arm-none-eabi/lib/thumb/v7-m\libg.a(lib_a-mbtowc_r.o)
                0x20004570                __ascii_mbtowc
 .text.memchr   0x2000459c       0x8c c:/microsemi/softconsole_v5.1/arm-none-eabi-gcc/bin/../lib/gcc/arm-none-eabi/6.3.1/../../../../arm-none-eabi/lib/thumb/v7-m\libg.a(lib_a-memchr-stub.o)
                0x2000459c                memchr
 .text.memmove  0x20004628       0xc8 c:/microsemi/softconsole_v5.1/arm-none-eabi-gcc/bin/../lib/gcc/arm-none-eabi/6.3.1/../../../../arm-none-eabi/lib/thumb/v7-m\libg.a(lib_a-memmove.o)
                0x20004628                memmove
 .text.__malloc_lock
                0x200046f0        0xc c:/microsemi/softconsole_v5.1/arm-none-eabi-gcc/bin/../lib/gcc/arm-none-eabi/6.3.1/../../../../arm-none-eabi/lib/thumb/v7-m\libg.a(lib_a-mlock.o)
                0x200046f0                __malloc_lock
 .text.__malloc_unlock
                0x200046fc        0xc c:/microsemi/softconsole_v5.1/arm-none-eabi-gcc/bin/../lib/gcc/arm-none-eabi/6.3.1/../../../../arm-none-eabi/lib/thumb/v7-m\libg.a(lib_a-mlock.o)
                0x200046fc                __malloc_unlock
 .text._realloc_r
                0x20004708      0x36c c:/microsemi/softconsole_v5.1/arm-none-eabi-gcc/bin/../lib/gcc/arm-none-eabi/6.3.1/../../../../arm-none-eabi/lib/thumb/v7-m\libg.a(lib_a-reallocr.o)
                0x20004708                _realloc_r
 .text._sbrk_r  0x20004a74       0x24 c:/microsemi/softconsole_v5.1/arm-none-eabi-gcc/bin/../lib/gcc/arm-none-eabi/6.3.1/../../../../arm-none-eabi/lib/thumb/v7-m\libg.a(lib_a-sbrkr.o)
                0x20004a74                _sbrk_r
 .text.__sread  0x20004a98       0x24 c:/microsemi/softconsole_v5.1/arm-none-eabi-gcc/bin/../lib/gcc/arm-none-eabi/6.3.1/../../../../arm-none-eabi/lib/thumb/v7-m\libg.a(lib_a-stdio.o)
                0x20004a98                __sread
 .text.__swrite
                0x20004abc       0x3c c:/microsemi/softconsole_v5.1/arm-none-eabi-gcc/bin/../lib/gcc/arm-none-eabi/6.3.1/../../../../arm-none-eabi/lib/thumb/v7-m\libg.a(lib_a-stdio.o)
                0x20004abc                __swrite
 .text.__sseek  0x20004af8       0x20 c:/microsemi/softconsole_v5.1/arm-none-eabi-gcc/bin/../lib/gcc/arm-none-eabi/6.3.1/../../../../arm-none-eabi/lib/thumb/v7-m\libg.a(lib_a-stdio.o)
                0x20004af8                __sseek
 .text.__sclose
                0x20004b18        0x8 c:/microsemi/softconsole_v5.1/arm-none-eabi-gcc/bin/../lib/gcc/arm-none-eabi/6.3.1/../../../../arm-none-eabi/lib/thumb/v7-m\libg.a(lib_a-stdio.o)
                0x20004b18                __sclose
 .text.strlen   0x20004b20       0x5c c:/microsemi/softconsole_v5.1/arm-none-eabi-gcc/bin/../lib/gcc/arm-none-eabi/6.3.1/../../../../arm-none-eabi/lib/thumb/v7-m\libg.a(lib_a-strlen-stub.o)
                0x20004b20                strlen
 .text.__swbuf_r
                0x20004b7c       0xb0 c:/microsemi/softconsole_v5.1/arm-none-eabi-gcc/bin/../lib/gcc/arm-none-eabi/6.3.1/../../../../arm-none-eabi/lib/thumb/v7-m\libg.a(lib_a-wbuf.o)
                0x20004b7c                __swbuf_r
 .text._wcrtomb_r
                0x20004c2c       0x54 c:/microsemi/softconsole_v5.1/arm-none-eabi-gcc/bin/../lib/gcc/arm-none-eabi/6.3.1/../../../../arm-none-eabi/lib/thumb/v7-m\libg.a(lib_a-wcrtomb.o)
                0x20004c2c                _wcrtomb_r
 .text.__ascii_wctomb
                0x20004c80       0x18 c:/microsemi/softconsole_v5.1/arm-none-eabi-gcc/bin/../lib/gcc/arm-none-eabi/6.3.1/../../../../arm-none-eabi/lib/thumb/v7-m\libg.a(lib_a-wctomb_r.o)
                0x20004c80                __ascii_wctomb
 .text._write_r
                0x20004c98       0x2c c:/microsemi/softconsole_v5.1/arm-none-eabi-gcc/bin/../lib/gcc/arm-none-eabi/6.3.1/../../../../arm-none-eabi/lib/thumb/v7-m\libg.a(lib_a-writer.o)
                0x20004c98                _write_r
 .text.__register_exitproc
                0x20004cc4       0xc4 c:/microsemi/softconsole_v5.1/arm-none-eabi-gcc/bin/../lib/gcc/arm-none-eabi/6.3.1/../../../../arm-none-eabi/lib/thumb/v7-m\libg.a(lib_a-__atexit.o)
                0x20004cc4                __register_exitproc
 .text._close_r
                0x20004d88       0x24 c:/microsemi/softconsole_v5.1/arm-none-eabi-gcc/bin/../lib/gcc/arm-none-eabi/6.3.1/../../../../arm-none-eabi/lib/thumb/v7-m\libg.a(lib_a-closer.o)
                0x20004d88                _close_r
 .text._fclose_r
                0x20004dac       0xc4 c:/microsemi/softconsole_v5.1/arm-none-eabi-gcc/bin/../lib/gcc/arm-none-eabi/6.3.1/../../../../arm-none-eabi/lib/thumb/v7-m\libg.a(lib_a-fclose.o)
                0x20004dac                _fclose_r
 .text._fstat_r
                0x20004e70       0x28 c:/microsemi/softconsole_v5.1/arm-none-eabi-gcc/bin/../lib/gcc/arm-none-eabi/6.3.1/../../../../arm-none-eabi/lib/thumb/v7-m\libg.a(lib_a-fstatr.o)
                0x20004e70                _fstat_r
 .text._isatty_r
                0x20004e98       0x24 c:/microsemi/softconsole_v5.1/arm-none-eabi-gcc/bin/../lib/gcc/arm-none-eabi/6.3.1/../../../../arm-none-eabi/lib/thumb/v7-m\libg.a(lib_a-isattyr.o)
                0x20004e98                _isatty_r
 .text._lseek_r
                0x20004ebc       0x2c c:/microsemi/softconsole_v5.1/arm-none-eabi-gcc/bin/../lib/gcc/arm-none-eabi/6.3.1/../../../../arm-none-eabi/lib/thumb/v7-m\libg.a(lib_a-lseekr.o)
                0x20004ebc                _lseek_r
 .text._read_r  0x20004ee8       0x2c c:/microsemi/softconsole_v5.1/arm-none-eabi-gcc/bin/../lib/gcc/arm-none-eabi/6.3.1/../../../../arm-none-eabi/lib/thumb/v7-m\libg.a(lib_a-readr.o)
                0x20004ee8                _read_r
 .text          0x20004f14       0x30 c:/microsemi/softconsole_v5.1/arm-none-eabi-gcc/bin/../lib/gcc/arm-none-eabi/6.3.1/thumb/v7-m\libgcc.a(_aeabi_uldivmod.o)
                0x20004f14                __aeabi_uldivmod
 .text          0x20004f44      0x2dc c:/microsemi/softconsole_v5.1/arm-none-eabi-gcc/bin/../lib/gcc/arm-none-eabi/6.3.1/thumb/v7-m\libgcc.a(_udivmoddi4.o)
                0x20004f44                __udivmoddi4
 .text          0x20005220        0x4 c:/microsemi/softconsole_v5.1/arm-none-eabi-gcc/bin/../lib/gcc/arm-none-eabi/6.3.1/thumb/v7-m\libgcc.a(_dvmd_tls.o)
                0x20005220                __aeabi_idiv0
                0x20005220                __aeabi_ldiv0
 .text.findslot
                0x20005224       0x38 c:/microsemi/softconsole_v5.1/arm-none-eabi-gcc/bin/../lib/gcc/arm-none-eabi/6.3.1/../../../../arm-none-eabi/lib/thumb/v7-m\librdimon.a(rdimon-syscalls.o)
 .text.checkerror.part.0
                0x2000525c       0x1c c:/microsemi/softconsole_v5.1/arm-none-eabi-gcc/bin/../lib/gcc/arm-none-eabi/6.3.1/../../../../arm-none-eabi/lib/thumb/v7-m\librdimon.a(rdimon-syscalls.o)
 .text.initialise_monitor_handles
                0x20005278       0xa8 c:/microsemi/softconsole_v5.1/arm-none-eabi-gcc/bin/../lib/gcc/arm-none-eabi/6.3.1/../../../../arm-none-eabi/lib/thumb/v7-m\librdimon.a(rdimon-syscalls.o)
                0x20005278                initialise_monitor_handles
 .text._read    0x20005320       0x54 c:/microsemi/softconsole_v5.1/arm-none-eabi-gcc/bin/../lib/gcc/arm-none-eabi/6.3.1/../../../../arm-none-eabi/lib/thumb/v7-m\librdimon.a(rdimon-syscalls.o)
                0x20005320                _read
 .text._swilseek
                0x20005374       0xa0 c:/microsemi/softconsole_v5.1/arm-none-eabi-gcc/bin/../lib/gcc/arm-none-eabi/6.3.1/../../../../arm-none-eabi/lib/thumb/v7-m\librdimon.a(rdimon-syscalls.o)
                0x20005374                _swilseek
 .text._lseek   0x20005414        0x4 c:/microsemi/softconsole_v5.1/arm-none-eabi-gcc/bin/../lib/gcc/arm-none-eabi/6.3.1/../../../../arm-none-eabi/lib/thumb/v7-m\librdimon.a(rdimon-syscalls.o)
                0x20005414                _lseek
 .text._write   0x20005418       0x78 c:/microsemi/softconsole_v5.1/arm-none-eabi-gcc/bin/../lib/gcc/arm-none-eabi/6.3.1/../../../../arm-none-eabi/lib/thumb/v7-m\librdimon.a(rdimon-syscalls.o)
                0x20005418                _write
 .text._close   0x20005490       0x68 c:/microsemi/softconsole_v5.1/arm-none-eabi-gcc/bin/../lib/gcc/arm-none-eabi/6.3.1/../../../../arm-none-eabi/lib/thumb/v7-m\librdimon.a(rdimon-syscalls.o)
                0x20005490                _close
 .text._sbrk    0x200054f8       0x4c c:/microsemi/softconsole_v5.1/arm-none-eabi-gcc/bin/../lib/gcc/arm-none-eabi/6.3.1/../../../../arm-none-eabi/lib/thumb/v7-m\librdimon.a(rdimon-syscalls.o)
                0x200054f8                _sbrk
 .text._swistat
                0x20005544       0x4c c:/microsemi/softconsole_v5.1/arm-none-eabi-gcc/bin/../lib/gcc/arm-none-eabi/6.3.1/../../../../arm-none-eabi/lib/thumb/v7-m\librdimon.a(rdimon-syscalls.o)
                0x20005544                _swistat
 .text._fstat   0x20005590       0x1c c:/microsemi/softconsole_v5.1/arm-none-eabi-gcc/bin/../lib/gcc/arm-none-eabi/6.3.1/../../../../arm-none-eabi/lib/thumb/v7-m\librdimon.a(rdimon-syscalls.o)
                0x20005590                _fstat
 .text._isatty  0x200055ac       0x3c c:/microsemi/softconsole_v5.1/arm-none-eabi-gcc/bin/../lib/gcc/arm-none-eabi/6.3.1/../../../../arm-none-eabi/lib/thumb/v7-m\librdimon.a(rdimon-syscalls.o)
                0x200055ac                _isatty
 .text.__errno  0x200055e8        0xc c:/microsemi/softconsole_v5.1/arm-none-eabi-gcc/bin/../lib/gcc/arm-none-eabi/6.3.1/../../../../arm-none-eabi/lib/thumb/v7-m\libc.a(lib_a-errno.o)
                0x200055e8                __errno
 *(.plt)
 *(.gnu.warning)
 *(.glue_7t)
 .glue_7t       0x200055f4        0x0 linker stubs
 *(.glue_7)
 .glue_7        0x200055f4        0x0 linker stubs
 *(.vfp11_veneer)
 .vfp11_veneer  0x200055f4        0x0 linker stubs
                0x200055f4                . = ALIGN (0x4)
 *crtbegin.o(.ctors)
 *(EXCLUDE_FILE(*crtend.o) .ctors)
 *(SORT(.ctors.*))
 *crtend.o(.ctors)
 *crtbegin.o(.dtors)
 *(EXCLUDE_FILE(*crtend.o) .dtors)
 *(SORT(.dtors.*))
 *crtend.o(.dtors)
 *(.rodata .rodata.* .gnu.linkonce.r.*)
 .rodata.g_pwm_id_mask_lut
                0x200055f4       0x11 ./drivers/CorePWM/core_pwm.o
 *fill*         0x20005605        0x3 
 .rodata.g_pwm_posedge_offset_lut
                0x20005608       0x44 ./drivers/CorePWM/core_pwm.o
 .rodata.g_pwm_negedge_offset_lut
                0x2000564c       0x44 ./drivers/CorePWM/core_pwm.o
 .rodata        0x20005690        0x8 ./CMSIS/system_m2sxxx.o
 .rodata        0x20005698      0x2d6 ./main.o
 *fill*         0x2000596e        0x2 
 .rodata._global_impure_ptr
                0x20005970        0x4 c:/microsemi/softconsole_v5.1/arm-none-eabi-gcc/bin/../lib/gcc/arm-none-eabi/6.3.1/../../../../arm-none-eabi/lib/thumb/v7-m\libg.a(lib_a-impure.o)
                0x20005970                _global_impure_ptr
 .rodata._vfiprintf_r.str1.4
                0x20005974       0x2f c:/microsemi/softconsole_v5.1/arm-none-eabi-gcc/bin/../lib/gcc/arm-none-eabi/6.3.1/../../../../arm-none-eabi/lib/thumb/v7-m\libg.a(lib_a-vfiprintf.o)
 *fill*         0x200059a3        0x1 
 .rodata.blanks.7222
                0x200059a4       0x10 c:/microsemi/softconsole_v5.1/arm-none-eabi-gcc/bin/../lib/gcc/arm-none-eabi/6.3.1/../../../../arm-none-eabi/lib/thumb/v7-m\libg.a(lib_a-vfiprintf.o)
 .rodata.zeroes.7223
                0x200059b4       0x10 c:/microsemi/softconsole_v5.1/arm-none-eabi-gcc/bin/../lib/gcc/arm-none-eabi/6.3.1/../../../../arm-none-eabi/lib/thumb/v7-m\libg.a(lib_a-vfiprintf.o)
 .rodata._setlocale_r.str1.4
                0x200059c4        0xa c:/microsemi/softconsole_v5.1/arm-none-eabi-gcc/bin/../lib/gcc/arm-none-eabi/6.3.1/../../../../arm-none-eabi/lib/thumb/v7-m\libg.a(lib_a-locale.o)
                                  0xd (size before relaxing)
 *fill*         0x200059ce        0x2 
 .rodata.str1.4
                0x200059d0        0x2 c:/microsemi/softconsole_v5.1/arm-none-eabi-gcc/bin/../lib/gcc/arm-none-eabi/6.3.1/../../../../arm-none-eabi/lib/thumb/v7-m\libg.a(lib_a-locale.o)
 *fill*         0x200059d2        0x2 
 .rodata._ctype_
                0x200059d4      0x101 c:/microsemi/softconsole_v5.1/arm-none-eabi-gcc/bin/../lib/gcc/arm-none-eabi/6.3.1/../../../../arm-none-eabi/lib/thumb/v7-m\libg.a(lib_a-ctype_.o)
                0x200059d4                _ctype_
 *fill*         0x20005ad5        0x3 
 .rodata.initialise_monitor_handles.str1.4
                0x20005ad8        0x4 c:/microsemi/softconsole_v5.1/arm-none-eabi-gcc/bin/../lib/gcc/arm-none-eabi/6.3.1/../../../../arm-none-eabi/lib/thumb/v7-m\librdimon.a(rdimon-syscalls.o)
 *(.ARM.extab* .gnu.linkonce.armextab.*)
 *(.gcc_except_table)
 *(.eh_frame_hdr)
 *(.eh_frame)
 .eh_frame      0x20005adc        0x0 c:/microsemi/softconsole_v5.1/arm-none-eabi-gcc/bin/../lib/gcc/arm-none-eabi/6.3.1/thumb/v7-m/crtbegin.o
 *(.vector_table)
 *(.init)
 .init          0x20005adc        0x4 c:/microsemi/softconsole_v5.1/arm-none-eabi-gcc/bin/../lib/gcc/arm-none-eabi/6.3.1/thumb/v7-m/crti.o
                0x20005adc                _init
 .init          0x20005ae0        0x8 c:/microsemi/softconsole_v5.1/arm-none-eabi-gcc/bin/../lib/gcc/arm-none-eabi/6.3.1/thumb/v7-m/crtn.o
 *(.fini)
 .fini          0x20005ae8        0x4 c:/microsemi/softconsole_v5.1/arm-none-eabi-gcc/bin/../lib/gcc/arm-none-eabi/6.3.1/thumb/v7-m/crti.o
                0x20005ae8                _fini
 .fini          0x20005aec        0x8 c:/microsemi/softconsole_v5.1/arm-none-eabi-gcc/bin/../lib/gcc/arm-none-eabi/6.3.1/thumb/v7-m/crtn.o
                0x20005af4                PROVIDE (__preinit_array_start, .)
 *(.preinit_array)
                0x20005af4                PROVIDE (__preinit_array_end, .)
                0x20005af4                PROVIDE (__init_array_start, .)
 *(SORT(.init_array.*))
 .init_array.00000
                0x20005af4        0x4 c:/microsemi/softconsole_v5.1/arm-none-eabi-gcc/bin/../lib/gcc/arm-none-eabi/6.3.1/../../../../arm-none-eabi/lib/thumb/v7-m\libg.a(lib_a-__call_atexit.o)
 *(.init_array)
 .init_array    0x20005af8        0x4 c:/microsemi/softconsole_v5.1/arm-none-eabi-gcc/bin/../lib/gcc/arm-none-eabi/6.3.1/thumb/v7-m/crtbegin.o
                0x20005afc                PROVIDE (__init_array_end, .)
                0x20005afc                PROVIDE (__fini_array_start, .)
 *(.fini_array)
 .fini_array    0x20005afc        0x4 c:/microsemi/softconsole_v5.1/arm-none-eabi-gcc/bin/../lib/gcc/arm-none-eabi/6.3.1/thumb/v7-m/crtbegin.o
 *(SORT(.fini_array.*))
                0x20005b00                PROVIDE (__fini_array_end, .)
                0x20005b00                . = ALIGN (0x10)
                0x20005b00                __exidx_start = .

.v4_bx          0x20005b00        0x0
 .v4_bx         0x20005b00        0x0 linker stubs

.iplt           0x20005b00        0x0
 .iplt          0x20005b00        0x0 c:/microsemi/softconsole_v5.1/arm-none-eabi-gcc/bin/../lib/gcc/arm-none-eabi/6.3.1/thumb/v7-m/crtbegin.o

.ARM.exidx      0x20005b00        0x8
 *(.ARM.exidx* .gnu.linkonce.armexidx.*)
 .ARM.exidx     0x20005b00        0x8 c:/microsemi/softconsole_v5.1/arm-none-eabi-gcc/bin/../lib/gcc/arm-none-eabi/6.3.1/thumb/v7-m\libgcc.a(_udivmoddi4.o)
                0x20005b08                __exidx_end = .
                0x20005b08                _etext = .
                [!provide]                PROVIDE (__text_end, .)

.rel.dyn        0x20005b08        0x0
 .rel.iplt      0x20005b08        0x0 c:/microsemi/softconsole_v5.1/arm-none-eabi-gcc/bin/../lib/gcc/arm-none-eabi/6.3.1/thumb/v7-m/crtbegin.o

.data           0x20005b10      0x9f0
                0x20005b10                __data_load = LOADADDR (.data)
                0x20005b10                _sidata = LOADADDR (.data)
                0x20005b10                __data_start = .
                0x20005b10                _sdata = .
 *(.jcr)
 .jcr           0x20005b10        0x0 c:/microsemi/softconsole_v5.1/arm-none-eabi-gcc/bin/../lib/gcc/arm-none-eabi/6.3.1/thumb/v7-m/crtbegin.o
 .jcr           0x20005b10        0x4 c:/microsemi/softconsole_v5.1/arm-none-eabi-gcc/bin/../lib/gcc/arm-none-eabi/6.3.1/thumb/v7-m/crtend.o
 *(.got.plt)
 *(.got)
 *(.shdata)
 *(.data .data.* .gnu.linkonce.d.*)
 .data.SystemCoreClock
                0x20005b14        0x4 ./CMSIS/system_m2sxxx.o
                0x20005b14                SystemCoreClock
 .data.g_FrequencyPCLK0
                0x20005b18        0x4 ./CMSIS/system_m2sxxx.o
                0x20005b18                g_FrequencyPCLK0
 .data.g_FrequencyPCLK1
                0x20005b1c        0x4 ./CMSIS/system_m2sxxx.o
                0x20005b1c                g_FrequencyPCLK1
 .data.g_FrequencyPCLK2
                0x20005b20        0x4 ./CMSIS/system_m2sxxx.o
                0x20005b20                g_FrequencyPCLK2
 .data.g_FrequencyFIC0
                0x20005b24        0x4 ./CMSIS/system_m2sxxx.o
                0x20005b24                g_FrequencyFIC0
 .data.g_FrequencyFIC1
                0x20005b28        0x4 ./CMSIS/system_m2sxxx.o
                0x20005b28                g_FrequencyFIC1
 .data.g_FrequencyFIC64
                0x20005b2c        0x4 ./CMSIS/system_m2sxxx.o
                0x20005b2c                g_FrequencyFIC64
 .data.g_message
                0x20005b30        0xc ./main.o
                0x20005b30                g_message
 .data.g_gpio_pattern
                0x20005b3c        0x4 ./main.o
                0x20005b3c                g_gpio_pattern
 .data._impure_ptr
                0x20005b40        0x4 c:/microsemi/softconsole_v5.1/arm-none-eabi-gcc/bin/../lib/gcc/arm-none-eabi/6.3.1/../../../../arm-none-eabi/lib/thumb/v7-m\libg.a(lib_a-impure.o)
                0x20005b40                _impure_ptr
 *fill*         0x20005b44        0x4 
 .data.impure_data
                0x20005b48      0x428 c:/microsemi/softconsole_v5.1/arm-none-eabi-gcc/bin/../lib/gcc/arm-none-eabi/6.3.1/../../../../arm-none-eabi/lib/thumb/v7-m\libg.a(lib_a-impure.o)
 .data.__atexit_recursive_mutex
                0x20005f70        0x4 c:/microsemi/softconsole_v5.1/arm-none-eabi-gcc/bin/../lib/gcc/arm-none-eabi/6.3.1/../../../../arm-none-eabi/lib/thumb/v7-m\libg.a(lib_a-__call_atexit.o)
                0x20005f70                __atexit_recursive_mutex
 .data.__global_locale
                0x20005f74      0x16c c:/microsemi/softconsole_v5.1/arm-none-eabi-gcc/bin/../lib/gcc/arm-none-eabi/6.3.1/../../../../arm-none-eabi/lib/thumb/v7-m\libg.a(lib_a-locale.o)
                0x20005f74                __global_locale
 .data.__malloc_av_
                0x200060e0      0x408 c:/microsemi/softconsole_v5.1/arm-none-eabi-gcc/bin/../lib/gcc/arm-none-eabi/6.3.1/../../../../arm-none-eabi/lib/thumb/v7-m\libg.a(lib_a-mallocr.o)
                0x200060e0                __malloc_av_
 .data.__malloc_sbrk_base
                0x200064e8        0x4 c:/microsemi/softconsole_v5.1/arm-none-eabi-gcc/bin/../lib/gcc/arm-none-eabi/6.3.1/../../../../arm-none-eabi/lib/thumb/v7-m\libg.a(lib_a-mallocr.o)
                0x200064e8                __malloc_sbrk_base
 .data.__malloc_trim_threshold
                0x200064ec        0x4 c:/microsemi/softconsole_v5.1/arm-none-eabi-gcc/bin/../lib/gcc/arm-none-eabi/6.3.1/../../../../arm-none-eabi/lib/thumb/v7-m\libg.a(lib_a-mallocr.o)
                0x200064ec                __malloc_trim_threshold
 .data.__heap_limit
                0x200064f0        0x4 c:/microsemi/softconsole_v5.1/arm-none-eabi-gcc/bin/../lib/gcc/arm-none-eabi/6.3.1/../../../../arm-none-eabi/lib/thumb/v7-m\librdimon.a(rdimon-syscalls.o)
                0x200064f0                __heap_limit
                0x20006500                . = ALIGN (0x10)
 *fill*         0x200064f4        0xc 
                0x20006500                _edata = .

.igot.plt       0x20006500        0x0
 .igot.plt      0x20006500        0x0 c:/microsemi/softconsole_v5.1/arm-none-eabi-gcc/bin/../lib/gcc/arm-none-eabi/6.3.1/thumb/v7-m/crtbegin.o

.bss            0x20006500      0x290
                0x20006500                __bss_start__ = .
                0x20006500                _sbss = .
 *(.shbss)
 *(.bss .bss.* .gnu.linkonce.b.*)
 .bss           0x20006500       0x1c c:/microsemi/softconsole_v5.1/arm-none-eabi-gcc/bin/../lib/gcc/arm-none-eabi/6.3.1/thumb/v7-m/crtbegin.o
 .bss.g_comblk_cmd_opcode
                0x2000651c        0x1 ./drivers/mss_sys_services/mss_comblk.o
 *fill*         0x2000651d        0x3 
 .bss.g_comblk_p_cmd
                0x20006520        0x4 ./drivers/mss_sys_services/mss_comblk.o
 .bss.g_comblk_cmd_size
                0x20006524        0x2 ./drivers/mss_sys_services/mss_comblk.o
 *fill*         0x20006526        0x2 
 .bss.g_comblk_p_data
                0x20006528        0x4 ./drivers/mss_sys_services/mss_comblk.o
 .bss.g_comblk_data_size
                0x2000652c        0x4 ./drivers/mss_sys_services/mss_comblk.o
 .bss.g_comblk_p_response
                0x20006530        0x4 ./drivers/mss_sys_services/mss_comblk.o
 .bss.g_comblk_response_size
                0x20006534        0x2 ./drivers/mss_sys_services/mss_comblk.o
 .bss.g_comblk_response_idx
                0x20006536        0x2 ./drivers/mss_sys_services/mss_comblk.o
 .bss.g_comblk_completion_handler
                0x20006538        0x4 ./drivers/mss_sys_services/mss_comblk.o
 .bss.g_comblk_page_handler
                0x2000653c        0x4 ./drivers/mss_sys_services/mss_comblk.o
 .bss.g_request_in_progress
                0x20006540        0x1 ./drivers/mss_sys_services/mss_comblk.o
 .bss.g_comblk_state
                0x20006541        0x1 ./drivers/mss_sys_services/mss_comblk.o
 *fill*         0x20006542        0x2 
 .bss.g_async_event_handler
                0x20006544        0x4 ./drivers/mss_sys_services/mss_comblk.o
 .bss.g_transfer
                0x20006548       0x18 ./drivers/mss_hpdma/mss_hpdma.o
 .bss.g_hpdma_end_desc
                0x20006560        0x4 ./drivers/mss_hpdma/mss_hpdma.o
 .bss.g_hpdma_current_desc
                0x20006564        0x4 ./drivers/mss_hpdma/mss_hpdma.o
 .bss.__malloc_current_mallinfo
                0x20006568       0x28 c:/microsemi/softconsole_v5.1/arm-none-eabi-gcc/bin/../lib/gcc/arm-none-eabi/6.3.1/../../../../arm-none-eabi/lib/thumb/v7-m\libg.a(lib_a-mallocr.o)
                0x20006568                __malloc_current_mallinfo
 .bss.__malloc_max_sbrked_mem
                0x20006590        0x4 c:/microsemi/softconsole_v5.1/arm-none-eabi-gcc/bin/../lib/gcc/arm-none-eabi/6.3.1/../../../../arm-none-eabi/lib/thumb/v7-m\libg.a(lib_a-mallocr.o)
                0x20006590                __malloc_max_sbrked_mem
 .bss.__malloc_max_total_mem
                0x20006594        0x4 c:/microsemi/softconsole_v5.1/arm-none-eabi-gcc/bin/../lib/gcc/arm-none-eabi/6.3.1/../../../../arm-none-eabi/lib/thumb/v7-m\libg.a(lib_a-mallocr.o)
                0x20006594                __malloc_max_total_mem
 .bss.__malloc_top_pad
                0x20006598        0x4 c:/microsemi/softconsole_v5.1/arm-none-eabi-gcc/bin/../lib/gcc/arm-none-eabi/6.3.1/../../../../arm-none-eabi/lib/thumb/v7-m\libg.a(lib_a-mallocr.o)
                0x20006598                __malloc_top_pad
 .bss.heap_end.6174
                0x2000659c        0x4 c:/microsemi/softconsole_v5.1/arm-none-eabi-gcc/bin/../lib/gcc/arm-none-eabi/6.3.1/../../../../arm-none-eabi/lib/thumb/v7-m\librdimon.a(rdimon-syscalls.o)
 .bss.monitor_stderr
                0x200065a0        0x4 c:/microsemi/softconsole_v5.1/arm-none-eabi-gcc/bin/../lib/gcc/arm-none-eabi/6.3.1/../../../../arm-none-eabi/lib/thumb/v7-m\librdimon.a(rdimon-syscalls.o)
 .bss.monitor_stdin
                0x200065a4        0x4 c:/microsemi/softconsole_v5.1/arm-none-eabi-gcc/bin/../lib/gcc/arm-none-eabi/6.3.1/../../../../arm-none-eabi/lib/thumb/v7-m\librdimon.a(rdimon-syscalls.o)
 .bss.monitor_stdout
                0x200065a8        0x4 c:/microsemi/softconsole_v5.1/arm-none-eabi-gcc/bin/../lib/gcc/arm-none-eabi/6.3.1/../../../../arm-none-eabi/lib/thumb/v7-m\librdimon.a(rdimon-syscalls.o)
 .bss.openfiles
                0x200065ac       0xa0 c:/microsemi/softconsole_v5.1/arm-none-eabi-gcc/bin/../lib/gcc/arm-none-eabi/6.3.1/../../../../arm-none-eabi/lib/thumb/v7-m\librdimon.a(rdimon-syscalls.o)
 *(COMMON)
 COMMON         0x2000664c      0x108 ./drivers/mss_spi/mss_spi.o
                0x2000664c                g_mss_spi1
                0x200066d0                g_mss_spi0
 COMMON         0x20006754       0x14 ./main.o
                0x20006754                g_gpio
                0x2000675c                g_uart
                0x20006764                the_pwm
 COMMON         0x20006768       0x21 c:/microsemi/softconsole_v5.1/arm-none-eabi-gcc/bin/../lib/gcc/arm-none-eabi/6.3.1/../../../../arm-none-eabi/lib/thumb/v7-m\libg.a(lib_a-lock.o)
                0x20006768                __lock___atexit_recursive_mutex
                0x2000676c                __lock___arc4random_mutex
                0x20006770                __lock___env_recursive_mutex
                0x20006774                __lock___sinit_recursive_mutex
                0x20006778                __lock___malloc_recursive_mutex
                0x2000677c                __lock___at_quick_exit_mutex
                0x20006780                __lock___dd_hash_mutex
                0x20006784                __lock___tz_mutex
                0x20006788                __lock___sfp_recursive_mutex
 *fill*         0x20006789        0x3 
 COMMON         0x2000678c        0x4 c:/microsemi/softconsole_v5.1/arm-none-eabi-gcc/bin/../lib/gcc/arm-none-eabi/6.3.1/../../../../arm-none-eabi/lib/thumb/v7-m\libg.a(lib_a-reent.o)
                0x2000678c                errno
                0x20006790                . = ALIGN (0x10)
                0x20006790                __bss_end__ = .
                0x20006790                _end = .
                0x20006790                __end = _end
                0x20006790                _ebss = .
                0x20006790                PROVIDE (end, .)

.heap           0x20006790     0x8870
                0x20006790                __heap_start__ = .
                0x20007790                . = (. + MIN_SIZE_HEAP)
 *fill*         0x20006790     0x1000 
                0x2000f000                . = (. + (((ABSOLUTE (RAM_START_ADDRESS) + RAM_SIZE) - MAIN_STACK_SIZE) - .))
 *fill*         0x20007790     0x7870 
                0x2000f000                _eheap = .

.stack          0x2000f000     0x1000
                0x2000f000                __stack_start__ = .
                0x20010000                . = (. + MAIN_STACK_SIZE)
 *fill*         0x2000f000     0x1000 
                0x20010000                _estack = .

.stab
 *(.stab)

.stabstr
 *(.stabstr)

.debug
 *(.debug)

.line
 *(.line)

.debug_srcinfo
 *(.debug_srcinfo)

.debug_sfnames
 *(.debug_sfnames)

.debug_aranges  0x00000000      0x800
 *(.debug_aranges)
 .debug_aranges
                0x00000000       0x20 ./hal/CortexM3/GNU/hal.o
 .debug_aranges
                0x00000020       0x20 ./hal/CortexM3/GNU/hw_reg_access.o
 .debug_aranges
                0x00000040       0x48 ./hal/CortexM3/cortex_nvic.o
 .debug_aranges
                0x00000088       0x18 ./drivers_config/sys_config/sys_config.o
 .debug_aranges
                0x000000a0       0x90 ./drivers/mss_sys_services/mss_comblk.o
 .debug_aranges
                0x00000130      0x1c8 ./drivers/mss_sys_services/mss_sys_services.o
 .debug_aranges
                0x000002f8       0xe0 ./drivers/mss_spi/mss_spi.o
 .debug_aranges
                0x000003d8       0xc0 ./drivers/mss_rtc/mss_rtc.o
 .debug_aranges
                0x00000498       0x80 ./drivers/mss_nvm/mss_nvm.o
 .debug_aranges
                0x00000518       0x80 ./drivers/mss_hpdma/mss_hpdma.o
 .debug_aranges
                0x00000598       0x48 ./drivers/CoreUARTapb/core_uart_apb.o
 .debug_aranges
                0x000005e0       0xb8 ./drivers/CorePWM/core_pwm.o
 .debug_aranges
                0x00000698       0x68 ./drivers/CoreGPIO/core_gpio.o
 .debug_aranges
                0x00000700       0x20 ./CMSIS/startup_gcc/startup_m2sxxx.o
 .debug_aranges
                0x00000720       0x50 ./CMSIS/system_m2sxxx.o
 .debug_aranges
                0x00000770       0x90 ./main.o

.debug_pubnames
 *(.debug_pubnames)

.debug_info     0x00000000     0xca29
 *(.debug_info .gnu.linkonce.wi.*)
 .debug_info    0x00000000       0x8a ./hal/CortexM3/GNU/hal.o
 .debug_info    0x0000008a       0x94 ./hal/CortexM3/GNU/hw_reg_access.o
 .debug_info    0x0000011e      0x18f ./hal/CortexM3/cortex_nvic.o
 .debug_info    0x000002ad       0x96 ./drivers_config/sys_config/sys_config.o
 .debug_info    0x00000343      0xadb ./drivers/mss_sys_services/mss_comblk.o
 .debug_info    0x00000e1e     0x262d ./drivers/mss_sys_services/mss_sys_services.o
 .debug_info    0x0000344b     0x1da8 ./drivers/mss_spi/mss_spi.o
 .debug_info    0x000051f3     0x195f ./drivers/mss_rtc/mss_rtc.o
 .debug_info    0x00006b52     0x11c4 ./drivers/mss_nvm/mss_nvm.o
 .debug_info    0x00007d16     0x1145 ./drivers/mss_hpdma/mss_hpdma.o
 .debug_info    0x00008e5b      0x374 ./drivers/CoreUARTapb/core_uart_apb.o
 .debug_info    0x000091cf      0xafc ./drivers/CorePWM/core_pwm.o
 .debug_info    0x00009ccb      0x579 ./drivers/CoreGPIO/core_gpio.o
 .debug_info    0x0000a244       0x96 ./CMSIS/startup_gcc/startup_m2sxxx.o
 .debug_info    0x0000a2da      0xab9 ./CMSIS/system_m2sxxx.o
 .debug_info    0x0000ad93     0x1c96 ./main.o

.debug_abbrev   0x00000000     0x196d
 *(.debug_abbrev)
 .debug_abbrev  0x00000000       0x14 ./hal/CortexM3/GNU/hal.o
 .debug_abbrev  0x00000014       0x14 ./hal/CortexM3/GNU/hw_reg_access.o
 .debug_abbrev  0x00000028       0x8b ./hal/CortexM3/cortex_nvic.o
 .debug_abbrev  0x000000b3       0x4e ./drivers_config/sys_config/sys_config.o
 .debug_abbrev  0x00000101      0x1fc ./drivers/mss_sys_services/mss_comblk.o
 .debug_abbrev  0x000002fd      0x31d ./drivers/mss_sys_services/mss_sys_services.o
 .debug_abbrev  0x0000061a      0x311 ./drivers/mss_spi/mss_spi.o
 .debug_abbrev  0x0000092b      0x341 ./drivers/mss_rtc/mss_rtc.o
 .debug_abbrev  0x00000c6c      0x1cb ./drivers/mss_nvm/mss_nvm.o
 .debug_abbrev  0x00000e37      0x269 ./drivers/mss_hpdma/mss_hpdma.o
 .debug_abbrev  0x000010a0      0x127 ./drivers/CoreUARTapb/core_uart_apb.o
 .debug_abbrev  0x000011c7      0x186 ./drivers/CorePWM/core_pwm.o
 .debug_abbrev  0x0000134d      0x142 ./drivers/CoreGPIO/core_gpio.o
 .debug_abbrev  0x0000148f       0x14 ./CMSIS/startup_gcc/startup_m2sxxx.o
 .debug_abbrev  0x000014a3      0x190 ./CMSIS/system_m2sxxx.o
 .debug_abbrev  0x00001633      0x33a ./main.o

.debug_line     0x00000000     0x4f21
 *(.debug_line)
 .debug_line    0x00000000       0x4d ./hal/CortexM3/GNU/hal.o
 .debug_line    0x0000004d       0x8b ./hal/CortexM3/GNU/hw_reg_access.o
 .debug_line    0x000000d8      0x2c5 ./hal/CortexM3/cortex_nvic.o
 .debug_line    0x0000039d      0x2ce ./drivers_config/sys_config/sys_config.o
 .debug_line    0x0000066b      0x587 ./drivers/mss_sys_services/mss_comblk.o
 .debug_line    0x00000bf2      0xdee ./drivers/mss_sys_services/mss_sys_services.o
 .debug_line    0x000019e0      0x7fc ./drivers/mss_spi/mss_spi.o
 .debug_line    0x000021dc      0x6ab ./drivers/mss_rtc/mss_rtc.o
 .debug_line    0x00002887      0x6c5 ./drivers/mss_nvm/mss_nvm.o
 .debug_line    0x00002f4c      0x490 ./drivers/mss_hpdma/mss_hpdma.o
 .debug_line    0x000033dc      0x454 ./drivers/CoreUARTapb/core_uart_apb.o
 .debug_line    0x00003830      0x6ed ./drivers/CorePWM/core_pwm.o
 .debug_line    0x00003f1d      0x491 ./drivers/CoreGPIO/core_gpio.o
 .debug_line    0x000043ae      0x18e ./CMSIS/startup_gcc/startup_m2sxxx.o
 .debug_line    0x0000453c      0x37d ./CMSIS/system_m2sxxx.o
 .debug_line    0x000048b9      0x668 ./main.o

.debug_frame    0x00000000     0x2fcc
 *(.debug_frame)
 .debug_frame   0x00000000       0xf8 ./hal/CortexM3/cortex_nvic.o
 .debug_frame   0x000000f8      0x240 ./drivers/mss_sys_services/mss_comblk.o
 .debug_frame   0x00000338      0x7dc ./drivers/mss_sys_services/mss_sys_services.o
 .debug_frame   0x00000b14      0x3c0 ./drivers/mss_spi/mss_spi.o
 .debug_frame   0x00000ed4      0x32c ./drivers/mss_rtc/mss_rtc.o
 .debug_frame   0x00001200      0x208 ./drivers/mss_nvm/mss_nvm.o
 .debug_frame   0x00001408      0x210 ./drivers/mss_hpdma/mss_hpdma.o
 .debug_frame   0x00001618       0xf0 ./drivers/CoreUARTapb/core_uart_apb.o
 .debug_frame   0x00001708      0x2e0 ./drivers/CorePWM/core_pwm.o
 .debug_frame   0x000019e8      0x178 ./drivers/CoreGPIO/core_gpio.o
 .debug_frame   0x00001b60      0x10c ./CMSIS/system_m2sxxx.o
 .debug_frame   0x00001c6c      0x210 ./main.o
 .debug_frame   0x00001e7c       0x28 c:/microsemi/softconsole_v5.1/arm-none-eabi-gcc/bin/../lib/gcc/arm-none-eabi/6.3.1/../../../../arm-none-eabi/lib/thumb/v7-m\libg.a(lib_a-exit.o)
 .debug_frame   0x00001ea4       0x2c c:/microsemi/softconsole_v5.1/arm-none-eabi-gcc/bin/../lib/gcc/arm-none-eabi/6.3.1/../../../../arm-none-eabi/lib/thumb/v7-m\libg.a(lib_a-init.o)
 .debug_frame   0x00001ed0       0x78 c:/microsemi/softconsole_v5.1/arm-none-eabi-gcc/bin/../lib/gcc/arm-none-eabi/6.3.1/../../../../arm-none-eabi/lib/thumb/v7-m\libg.a(lib_a-iprintf.o)
 .debug_frame   0x00001f48       0x34 c:/microsemi/softconsole_v5.1/arm-none-eabi-gcc/bin/../lib/gcc/arm-none-eabi/6.3.1/../../../../arm-none-eabi/lib/thumb/v7-m\libg.a(lib_a-memset.o)
 .debug_frame   0x00001f7c       0xd8 c:/microsemi/softconsole_v5.1/arm-none-eabi-gcc/bin/../lib/gcc/arm-none-eabi/6.3.1/../../../../arm-none-eabi/lib/thumb/v7-m\libg.a(lib_a-vfiprintf.o)
 .debug_frame   0x00002054       0x2c c:/microsemi/softconsole_v5.1/arm-none-eabi-gcc/bin/../lib/gcc/arm-none-eabi/6.3.1/../../../../arm-none-eabi/lib/thumb/v7-m\libg.a(lib_a-wsetup.o)
 .debug_frame   0x00002080       0x5c c:/microsemi/softconsole_v5.1/arm-none-eabi-gcc/bin/../lib/gcc/arm-none-eabi/6.3.1/../../../../arm-none-eabi/lib/thumb/v7-m\libg.a(lib_a-__call_atexit.o)
 .debug_frame   0x000020dc       0x20 c:/microsemi/softconsole_v5.1/arm-none-eabi-gcc/bin/../lib/gcc/arm-none-eabi/6.3.1/../../../../arm-none-eabi/lib/thumb/v7-m\libg.a(lib_a-atexit.o)
 .debug_frame   0x000020fc       0x5c c:/microsemi/softconsole_v5.1/arm-none-eabi-gcc/bin/../lib/gcc/arm-none-eabi/6.3.1/../../../../arm-none-eabi/lib/thumb/v7-m\libg.a(lib_a-fflush.o)
 .debug_frame   0x00002158      0x150 c:/microsemi/softconsole_v5.1/arm-none-eabi-gcc/bin/../lib/gcc/arm-none-eabi/6.3.1/../../../../arm-none-eabi/lib/thumb/v7-m\libg.a(lib_a-findfp.o)
 .debug_frame   0x000022a8       0x34 c:/microsemi/softconsole_v5.1/arm-none-eabi-gcc/bin/../lib/gcc/arm-none-eabi/6.3.1/../../../../arm-none-eabi/lib/thumb/v7-m\libg.a(lib_a-fini.o)
 .debug_frame   0x000022dc       0x90 c:/microsemi/softconsole_v5.1/arm-none-eabi-gcc/bin/../lib/gcc/arm-none-eabi/6.3.1/../../../../arm-none-eabi/lib/thumb/v7-m\libg.a(lib_a-fputwc.o)
 .debug_frame   0x0000236c       0x74 c:/microsemi/softconsole_v5.1/arm-none-eabi-gcc/bin/../lib/gcc/arm-none-eabi/6.3.1/../../../../arm-none-eabi/lib/thumb/v7-m\libg.a(lib_a-freer.o)
 .debug_frame   0x000023e0       0x68 c:/microsemi/softconsole_v5.1/arm-none-eabi-gcc/bin/../lib/gcc/arm-none-eabi/6.3.1/../../../../arm-none-eabi/lib/thumb/v7-m\libg.a(lib_a-fvwrite.o)
 .debug_frame   0x00002448       0x54 c:/microsemi/softconsole_v5.1/arm-none-eabi-gcc/bin/../lib/gcc/arm-none-eabi/6.3.1/../../../../arm-none-eabi/lib/thumb/v7-m\libg.a(lib_a-fwalk.o)
 .debug_frame   0x0000249c       0x6c c:/microsemi/softconsole_v5.1/arm-none-eabi-gcc/bin/../lib/gcc/arm-none-eabi/6.3.1/../../../../arm-none-eabi/lib/thumb/v7-m\libg.a(lib_a-locale.o)
 .debug_frame   0x00002508       0xb0 c:/microsemi/softconsole_v5.1/arm-none-eabi-gcc/bin/../lib/gcc/arm-none-eabi/6.3.1/../../../../arm-none-eabi/lib/thumb/v7-m\libg.a(lib_a-lock.o)
 .debug_frame   0x000025b8       0x68 c:/microsemi/softconsole_v5.1/arm-none-eabi-gcc/bin/../lib/gcc/arm-none-eabi/6.3.1/../../../../arm-none-eabi/lib/thumb/v7-m\libg.a(lib_a-makebuf.o)
 .debug_frame   0x00002620       0x54 c:/microsemi/softconsole_v5.1/arm-none-eabi-gcc/bin/../lib/gcc/arm-none-eabi/6.3.1/../../../../arm-none-eabi/lib/thumb/v7-m\libg.a(lib_a-mallocr.o)
 .debug_frame   0x00002674       0x4c c:/microsemi/softconsole_v5.1/arm-none-eabi-gcc/bin/../lib/gcc/arm-none-eabi/6.3.1/../../../../arm-none-eabi/lib/thumb/v7-m\libg.a(lib_a-mbtowc_r.o)
 .debug_frame   0x000026c0       0x34 c:/microsemi/softconsole_v5.1/arm-none-eabi-gcc/bin/../lib/gcc/arm-none-eabi/6.3.1/../../../../arm-none-eabi/lib/thumb/v7-m\libg.a(lib_a-memchr-stub.o)
 .debug_frame   0x000026f4       0x30 c:/microsemi/softconsole_v5.1/arm-none-eabi-gcc/bin/../lib/gcc/arm-none-eabi/6.3.1/../../../../arm-none-eabi/lib/thumb/v7-m\libg.a(lib_a-memmove.o)
 .debug_frame   0x00002724       0x30 c:/microsemi/softconsole_v5.1/arm-none-eabi-gcc/bin/../lib/gcc/arm-none-eabi/6.3.1/../../../../arm-none-eabi/lib/thumb/v7-m\libg.a(lib_a-mlock.o)
 .debug_frame   0x00002754       0x68 c:/microsemi/softconsole_v5.1/arm-none-eabi-gcc/bin/../lib/gcc/arm-none-eabi/6.3.1/../../../../arm-none-eabi/lib/thumb/v7-m\libg.a(lib_a-reallocr.o)
 .debug_frame   0x000027bc       0x2c c:/microsemi/softconsole_v5.1/arm-none-eabi-gcc/bin/../lib/gcc/arm-none-eabi/6.3.1/../../../../arm-none-eabi/lib/thumb/v7-m\libg.a(lib_a-sbrkr.o)
 .debug_frame   0x000027e8       0x88 c:/microsemi/softconsole_v5.1/arm-none-eabi-gcc/bin/../lib/gcc/arm-none-eabi/6.3.1/../../../../arm-none-eabi/lib/thumb/v7-m\libg.a(lib_a-stdio.o)
 .debug_frame   0x00002870       0x34 c:/microsemi/softconsole_v5.1/arm-none-eabi-gcc/bin/../lib/gcc/arm-none-eabi/6.3.1/../../../../arm-none-eabi/lib/thumb/v7-m\libg.a(lib_a-strcmp.o)
 .debug_frame   0x000028a4       0x20 c:/microsemi/softconsole_v5.1/arm-none-eabi-gcc/bin/../lib/gcc/arm-none-eabi/6.3.1/../../../../arm-none-eabi/lib/thumb/v7-m\libg.a(lib_a-strlen-stub.o)
 .debug_frame   0x000028c4       0x40 c:/microsemi/softconsole_v5.1/arm-none-eabi-gcc/bin/../lib/gcc/arm-none-eabi/6.3.1/../../../../arm-none-eabi/lib/thumb/v7-m\libg.a(lib_a-wbuf.o)
 .debug_frame   0x00002904       0x5c c:/microsemi/softconsole_v5.1/arm-none-eabi-gcc/bin/../lib/gcc/arm-none-eabi/6.3.1/../../../../arm-none-eabi/lib/thumb/v7-m\libg.a(lib_a-wcrtomb.o)
 .debug_frame   0x00002960       0x3c c:/microsemi/softconsole_v5.1/arm-none-eabi-gcc/bin/../lib/gcc/arm-none-eabi/6.3.1/../../../../arm-none-eabi/lib/thumb/v7-m\libg.a(lib_a-wctomb_r.o)
 .debug_frame   0x0000299c       0x30 c:/microsemi/softconsole_v5.1/arm-none-eabi-gcc/bin/../lib/gcc/arm-none-eabi/6.3.1/../../../../arm-none-eabi/lib/thumb/v7-m\libg.a(lib_a-writer.o)
 .debug_frame   0x000029cc       0x34 c:/microsemi/softconsole_v5.1/arm-none-eabi-gcc/bin/../lib/gcc/arm-none-eabi/6.3.1/../../../../arm-none-eabi/lib/thumb/v7-m\libg.a(lib_a-__atexit.o)
 .debug_frame   0x00002a00       0x2c c:/microsemi/softconsole_v5.1/arm-none-eabi-gcc/bin/../lib/gcc/arm-none-eabi/6.3.1/../../../../arm-none-eabi/lib/thumb/v7-m\libg.a(lib_a-closer.o)
 .debug_frame   0x00002a2c       0x3c c:/microsemi/softconsole_v5.1/arm-none-eabi-gcc/bin/../lib/gcc/arm-none-eabi/6.3.1/../../../../arm-none-eabi/lib/thumb/v7-m\libg.a(lib_a-fclose.o)
 .debug_frame   0x00002a68       0x2c c:/microsemi/softconsole_v5.1/arm-none-eabi-gcc/bin/../lib/gcc/arm-none-eabi/6.3.1/../../../../arm-none-eabi/lib/thumb/v7-m\libg.a(lib_a-fstatr.o)
 .debug_frame   0x00002a94       0x2c c:/microsemi/softconsole_v5.1/arm-none-eabi-gcc/bin/../lib/gcc/arm-none-eabi/6.3.1/../../../../arm-none-eabi/lib/thumb/v7-m\libg.a(lib_a-isattyr.o)
 .debug_frame   0x00002ac0       0x30 c:/microsemi/softconsole_v5.1/arm-none-eabi-gcc/bin/../lib/gcc/arm-none-eabi/6.3.1/../../../../arm-none-eabi/lib/thumb/v7-m\libg.a(lib_a-lseekr.o)
 .debug_frame   0x00002af0       0x30 c:/microsemi/softconsole_v5.1/arm-none-eabi-gcc/bin/../lib/gcc/arm-none-eabi/6.3.1/../../../../arm-none-eabi/lib/thumb/v7-m\libg.a(lib_a-readr.o)
 .debug_frame   0x00002b20       0x58 c:/microsemi/softconsole_v5.1/arm-none-eabi-gcc/bin/../lib/gcc/arm-none-eabi/6.3.1/../../../../arm-none-eabi/lib/thumb/v7-m\libg.a(lib_a-reent.o)
 .debug_frame   0x00002b78       0x2c c:/microsemi/softconsole_v5.1/arm-none-eabi-gcc/bin/../lib/gcc/arm-none-eabi/6.3.1/thumb/v7-m\libgcc.a(_aeabi_uldivmod.o)
 .debug_frame   0x00002ba4       0x34 c:/microsemi/softconsole_v5.1/arm-none-eabi-gcc/bin/../lib/gcc/arm-none-eabi/6.3.1/thumb/v7-m\libgcc.a(_udivmoddi4.o)
 .debug_frame   0x00002bd8      0x388 c:/microsemi/softconsole_v5.1/arm-none-eabi-gcc/bin/../lib/gcc/arm-none-eabi/6.3.1/../../../../arm-none-eabi/lib/thumb/v7-m\librdimon.a(rdimon-syscalls.o)
 .debug_frame   0x00002f60       0x20 c:/microsemi/softconsole_v5.1/arm-none-eabi-gcc/bin/../lib/gcc/arm-none-eabi/6.3.1/../../../../arm-none-eabi/lib/thumb/v7-m\librdimon.a(rdimon-_exit.o)
 .debug_frame   0x00002f80       0x2c c:/microsemi/softconsole_v5.1/arm-none-eabi-gcc/bin/../lib/gcc/arm-none-eabi/6.3.1/../../../../arm-none-eabi/lib/thumb/v7-m\librdimon.a(rdimon-_kill.o)
 .debug_frame   0x00002fac       0x20 c:/microsemi/softconsole_v5.1/arm-none-eabi-gcc/bin/../lib/gcc/arm-none-eabi/6.3.1/../../../../arm-none-eabi/lib/thumb/v7-m\libc.a(lib_a-errno.o)

.debug_str      0x00000000    0x15ac9
 *(.debug_str)
 .debug_str     0x00000000     0x3877 ./hal/CortexM3/cortex_nvic.o
                               0x3a09 (size before relaxing)
 .debug_str     0x00003877     0x58a9 ./drivers_config/sys_config/sys_config.o
                               0x8c9e (size before relaxing)
 .debug_str     0x00009120      0xa28 ./drivers/mss_sys_services/mss_comblk.o
                               0x9a67 (size before relaxing)
 .debug_str     0x00009b48     0x5577 ./drivers/mss_sys_services/mss_sys_services.o
                               0xe75f (size before relaxing)
 .debug_str     0x0000f0bf      0xae6 ./drivers/mss_spi/mss_spi.o
                               0xd2ca (size before relaxing)
 .debug_str     0x0000fba5      0x828 ./drivers/mss_rtc/mss_rtc.o
                               0xcf09 (size before relaxing)
 .debug_str     0x000103cd      0xd4a ./drivers/mss_nvm/mss_nvm.o
                               0xa42e (size before relaxing)
 .debug_str     0x00011117      0x754 ./drivers/mss_hpdma/mss_hpdma.o
                               0xa381 (size before relaxing)
 .debug_str     0x0001186b      0xf46 ./drivers/CoreUARTapb/core_uart_apb.o
                               0x48d8 (size before relaxing)
 .debug_str     0x000127b1      0xe48 ./drivers/CorePWM/core_pwm.o
                               0x4f49 (size before relaxing)
 .debug_str     0x000135f9      0x996 ./drivers/CoreGPIO/core_gpio.o
                               0x4a8d (size before relaxing)
 .debug_str     0x00013f8f      0x4ee ./CMSIS/system_m2sxxx.o
                               0x994d (size before relaxing)
 .debug_str     0x0001447d     0x164c ./main.o
                               0xec02 (size before relaxing)

.debug_loc
 *(.debug_loc)

.debug_macinfo
 *(.debug_macinfo)

.debug_weaknames
 *(.debug_weaknames)

.debug_funcnames
 *(.debug_funcnames)

.debug_typenames
 *(.debug_typenames)

.debug_varnames
 *(.debug_varnames)

.note.gnu.arm.ident
 *(.note.gnu.arm.ident)

.ARM.attributes
                0x00000000       0x29
 *(.ARM.attributes)
 .ARM.attributes
                0x00000000       0x1d c:/microsemi/softconsole_v5.1/arm-none-eabi-gcc/bin/../lib/gcc/arm-none-eabi/6.3.1/thumb/v7-m/crti.o
 .ARM.attributes
                0x0000001d       0x2d c:/microsemi/softconsole_v5.1/arm-none-eabi-gcc/bin/../lib/gcc/arm-none-eabi/6.3.1/thumb/v7-m/crtbegin.o
 .ARM.attributes
                0x0000004a       0x1b c:/microsemi/softconsole_v5.1/arm-none-eabi-gcc/bin/../lib/gcc/arm-none-eabi/6.3.1/../../../../arm-none-eabi/lib/thumb/v7-m/rdimon-crt0.o
 .ARM.attributes
                0x00000065       0x21 ./hal/CortexM3/GNU/hal.o
 .ARM.attributes
                0x00000086       0x21 ./hal/CortexM3/GNU/hw_reg_access.o
 .ARM.attributes
                0x000000a7       0x33 ./hal/CortexM3/cortex_nvic.o
 .ARM.attributes
                0x000000da       0x33 ./drivers_config/sys_config/sys_config.o
 .ARM.attributes
                0x0000010d       0x33 ./drivers/mss_sys_services/mss_comblk.o
 .ARM.attributes
                0x00000140       0x33 ./drivers/mss_sys_services/mss_sys_services.o
 .ARM.attributes
                0x00000173       0x33 ./drivers/mss_spi/mss_spi.o
 .ARM.attributes
                0x000001a6       0x33 ./drivers/mss_rtc/mss_rtc.o
 .ARM.attributes
                0x000001d9       0x33 ./drivers/mss_nvm/mss_nvm.o
 .ARM.attributes
                0x0000020c       0x33 ./drivers/mss_hpdma/mss_hpdma.o
 .ARM.attributes
                0x0000023f       0x33 ./drivers/CoreUARTapb/core_uart_apb.o
 .ARM.attributes
                0x00000272       0x33 ./drivers/CorePWM/core_pwm.o
 .ARM.attributes
                0x000002a5       0x33 ./drivers/CoreGPIO/core_gpio.o
 .ARM.attributes
                0x000002d8       0x21 ./CMSIS/startup_gcc/startup_m2sxxx.o
 .ARM.attributes
                0x000002f9       0x33 ./CMSIS/system_m2sxxx.o
 .ARM.attributes
                0x0000032c       0x33 ./main.o
 .ARM.attributes
                0x0000035f       0x2d c:/microsemi/softconsole_v5.1/arm-none-eabi-gcc/bin/../lib/gcc/arm-none-eabi/6.3.1/../../../../arm-none-eabi/lib/thumb/v7-m\libg.a(lib_a-exit.o)
 .ARM.attributes
                0x0000038c       0x2d c:/microsemi/softconsole_v5.1/arm-none-eabi-gcc/bin/../lib/gcc/arm-none-eabi/6.3.1/../../../../arm-none-eabi/lib/thumb/v7-m\libg.a(lib_a-impure.o)
 .ARM.attributes
                0x000003b9       0x2d c:/microsemi/softconsole_v5.1/arm-none-eabi-gcc/bin/../lib/gcc/arm-none-eabi/6.3.1/../../../../arm-none-eabi/lib/thumb/v7-m\libg.a(lib_a-init.o)
 .ARM.attributes
                0x000003e6       0x2d c:/microsemi/softconsole_v5.1/arm-none-eabi-gcc/bin/../lib/gcc/arm-none-eabi/6.3.1/../../../../arm-none-eabi/lib/thumb/v7-m\libg.a(lib_a-iprintf.o)
 .ARM.attributes
                0x00000413       0x1b c:/microsemi/softconsole_v5.1/arm-none-eabi-gcc/bin/../lib/gcc/arm-none-eabi/6.3.1/../../../../arm-none-eabi/lib/thumb/v7-m\libg.a(lib_a-memcpy.o)
 .ARM.attributes
                0x0000042e       0x2d c:/microsemi/softconsole_v5.1/arm-none-eabi-gcc/bin/../lib/gcc/arm-none-eabi/6.3.1/../../../../arm-none-eabi/lib/thumb/v7-m\libg.a(lib_a-memset.o)
 .ARM.attributes
                0x0000045b       0x2d c:/microsemi/softconsole_v5.1/arm-none-eabi-gcc/bin/../lib/gcc/arm-none-eabi/6.3.1/../../../../arm-none-eabi/lib/thumb/v7-m\libg.a(lib_a-vfiprintf.o)
 .ARM.attributes
                0x00000488       0x2d c:/microsemi/softconsole_v5.1/arm-none-eabi-gcc/bin/../lib/gcc/arm-none-eabi/6.3.1/../../../../arm-none-eabi/lib/thumb/v7-m\libg.a(lib_a-wsetup.o)
 .ARM.attributes
                0x000004b5       0x2d c:/microsemi/softconsole_v5.1/arm-none-eabi-gcc/bin/../lib/gcc/arm-none-eabi/6.3.1/../../../../arm-none-eabi/lib/thumb/v7-m\libg.a(lib_a-__call_atexit.o)
 .ARM.attributes
                0x000004e2       0x2d c:/microsemi/softconsole_v5.1/arm-none-eabi-gcc/bin/../lib/gcc/arm-none-eabi/6.3.1/../../../../arm-none-eabi/lib/thumb/v7-m\libg.a(lib_a-atexit.o)
 .ARM.attributes
                0x0000050f       0x2d c:/microsemi/softconsole_v5.1/arm-none-eabi-gcc/bin/../lib/gcc/arm-none-eabi/6.3.1/../../../../arm-none-eabi/lib/thumb/v7-m\libg.a(lib_a-fflush.o)
 .ARM.attributes
                0x0000053c       0x2d c:/microsemi/softconsole_v5.1/arm-none-eabi-gcc/bin/../lib/gcc/arm-none-eabi/6.3.1/../../../../arm-none-eabi/lib/thumb/v7-m\libg.a(lib_a-findfp.o)
 .ARM.attributes
                0x00000569       0x2d c:/microsemi/softconsole_v5.1/arm-none-eabi-gcc/bin/../lib/gcc/arm-none-eabi/6.3.1/../../../../arm-none-eabi/lib/thumb/v7-m\libg.a(lib_a-fini.o)
 .ARM.attributes
                0x00000596       0x2d c:/microsemi/softconsole_v5.1/arm-none-eabi-gcc/bin/../lib/gcc/arm-none-eabi/6.3.1/../../../../arm-none-eabi/lib/thumb/v7-m\libg.a(lib_a-fputwc.o)
 .ARM.attributes
                0x000005c3       0x2d c:/microsemi/softconsole_v5.1/arm-none-eabi-gcc/bin/../lib/gcc/arm-none-eabi/6.3.1/../../../../arm-none-eabi/lib/thumb/v7-m\libg.a(lib_a-freer.o)
 .ARM.attributes
                0x000005f0       0x2d c:/microsemi/softconsole_v5.1/arm-none-eabi-gcc/bin/../lib/gcc/arm-none-eabi/6.3.1/../../../../arm-none-eabi/lib/thumb/v7-m\libg.a(lib_a-fvwrite.o)
 .ARM.attributes
                0x0000061d       0x2d c:/microsemi/softconsole_v5.1/arm-none-eabi-gcc/bin/../lib/gcc/arm-none-eabi/6.3.1/../../../../arm-none-eabi/lib/thumb/v7-m\libg.a(lib_a-fwalk.o)
 .ARM.attributes
                0x0000064a       0x2d c:/microsemi/softconsole_v5.1/arm-none-eabi-gcc/bin/../lib/gcc/arm-none-eabi/6.3.1/../../../../arm-none-eabi/lib/thumb/v7-m\libg.a(lib_a-locale.o)
 .ARM.attributes
                0x00000677       0x2d c:/microsemi/softconsole_v5.1/arm-none-eabi-gcc/bin/../lib/gcc/arm-none-eabi/6.3.1/../../../../arm-none-eabi/lib/thumb/v7-m\libg.a(lib_a-lock.o)
 .ARM.attributes
                0x000006a4       0x2d c:/microsemi/softconsole_v5.1/arm-none-eabi-gcc/bin/../lib/gcc/arm-none-eabi/6.3.1/../../../../arm-none-eabi/lib/thumb/v7-m\libg.a(lib_a-makebuf.o)
 .ARM.attributes
                0x000006d1       0x2d c:/microsemi/softconsole_v5.1/arm-none-eabi-gcc/bin/../lib/gcc/arm-none-eabi/6.3.1/../../../../arm-none-eabi/lib/thumb/v7-m\libg.a(lib_a-mallocr.o)
 .ARM.attributes
                0x000006fe       0x2d c:/microsemi/softconsole_v5.1/arm-none-eabi-gcc/bin/../lib/gcc/arm-none-eabi/6.3.1/../../../../arm-none-eabi/lib/thumb/v7-m\libg.a(lib_a-mbtowc_r.o)
 .ARM.attributes
                0x0000072b       0x2d c:/microsemi/softconsole_v5.1/arm-none-eabi-gcc/bin/../lib/gcc/arm-none-eabi/6.3.1/../../../../arm-none-eabi/lib/thumb/v7-m\libg.a(lib_a-memchr-stub.o)
 .ARM.attributes
                0x00000758       0x2d c:/microsemi/softconsole_v5.1/arm-none-eabi-gcc/bin/../lib/gcc/arm-none-eabi/6.3.1/../../../../arm-none-eabi/lib/thumb/v7-m\libg.a(lib_a-memmove.o)
 .ARM.attributes
                0x00000785       0x2d c:/microsemi/softconsole_v5.1/arm-none-eabi-gcc/bin/../lib/gcc/arm-none-eabi/6.3.1/../../../../arm-none-eabi/lib/thumb/v7-m\libg.a(lib_a-mlock.o)
 .ARM.attributes
                0x000007b2       0x2d c:/microsemi/softconsole_v5.1/arm-none-eabi-gcc/bin/../lib/gcc/arm-none-eabi/6.3.1/../../../../arm-none-eabi/lib/thumb/v7-m\libg.a(lib_a-reallocr.o)
 .ARM.attributes
                0x000007df       0x2d c:/microsemi/softconsole_v5.1/arm-none-eabi-gcc/bin/../lib/gcc/arm-none-eabi/6.3.1/../../../../arm-none-eabi/lib/thumb/v7-m\libg.a(lib_a-sbrkr.o)
 .ARM.attributes
                0x0000080c       0x2d c:/microsemi/softconsole_v5.1/arm-none-eabi-gcc/bin/../lib/gcc/arm-none-eabi/6.3.1/../../../../arm-none-eabi/lib/thumb/v7-m\libg.a(lib_a-stdio.o)
 .ARM.attributes
                0x00000839       0x1b c:/microsemi/softconsole_v5.1/arm-none-eabi-gcc/bin/../lib/gcc/arm-none-eabi/6.3.1/../../../../arm-none-eabi/lib/thumb/v7-m\libg.a(lib_a-strcmp.o)
 .ARM.attributes
                0x00000854       0x2d c:/microsemi/softconsole_v5.1/arm-none-eabi-gcc/bin/../lib/gcc/arm-none-eabi/6.3.1/../../../../arm-none-eabi/lib/thumb/v7-m\libg.a(lib_a-strlen-stub.o)
 .ARM.attributes
                0x00000881       0x2d c:/microsemi/softconsole_v5.1/arm-none-eabi-gcc/bin/../lib/gcc/arm-none-eabi/6.3.1/../../../../arm-none-eabi/lib/thumb/v7-m\libg.a(lib_a-wbuf.o)
 .ARM.attributes
                0x000008ae       0x2d c:/microsemi/softconsole_v5.1/arm-none-eabi-gcc/bin/../lib/gcc/arm-none-eabi/6.3.1/../../../../arm-none-eabi/lib/thumb/v7-m\libg.a(lib_a-wcrtomb.o)
 .ARM.attributes
                0x000008db       0x2d c:/microsemi/softconsole_v5.1/arm-none-eabi-gcc/bin/../lib/gcc/arm-none-eabi/6.3.1/../../../../arm-none-eabi/lib/thumb/v7-m\libg.a(lib_a-wctomb_r.o)
 .ARM.attributes
                0x00000908       0x2d c:/microsemi/softconsole_v5.1/arm-none-eabi-gcc/bin/../lib/gcc/arm-none-eabi/6.3.1/../../../../arm-none-eabi/lib/thumb/v7-m\libg.a(lib_a-writer.o)
 .ARM.attributes
                0x00000935       0x2d c:/microsemi/softconsole_v5.1/arm-none-eabi-gcc/bin/../lib/gcc/arm-none-eabi/6.3.1/../../../../arm-none-eabi/lib/thumb/v7-m\libg.a(lib_a-__atexit.o)
 .ARM.attributes
                0x00000962       0x2d c:/microsemi/softconsole_v5.1/arm-none-eabi-gcc/bin/../lib/gcc/arm-none-eabi/6.3.1/../../../../arm-none-eabi/lib/thumb/v7-m\libg.a(lib_a-closer.o)
 .ARM.attributes
                0x0000098f       0x2d c:/microsemi/softconsole_v5.1/arm-none-eabi-gcc/bin/../lib/gcc/arm-none-eabi/6.3.1/../../../../arm-none-eabi/lib/thumb/v7-m\libg.a(lib_a-ctype_.o)
 .ARM.attributes
                0x000009bc       0x2d c:/microsemi/softconsole_v5.1/arm-none-eabi-gcc/bin/../lib/gcc/arm-none-eabi/6.3.1/../../../../arm-none-eabi/lib/thumb/v7-m\libg.a(lib_a-fclose.o)
 .ARM.attributes
                0x000009e9       0x2d c:/microsemi/softconsole_v5.1/arm-none-eabi-gcc/bin/../lib/gcc/arm-none-eabi/6.3.1/../../../../arm-none-eabi/lib/thumb/v7-m\libg.a(lib_a-fstatr.o)
 .ARM.attributes
                0x00000a16       0x2d c:/microsemi/softconsole_v5.1/arm-none-eabi-gcc/bin/../lib/gcc/arm-none-eabi/6.3.1/../../../../arm-none-eabi/lib/thumb/v7-m\libg.a(lib_a-isattyr.o)
 .ARM.attributes
                0x00000a43       0x2d c:/microsemi/softconsole_v5.1/arm-none-eabi-gcc/bin/../lib/gcc/arm-none-eabi/6.3.1/../../../../arm-none-eabi/lib/thumb/v7-m\libg.a(lib_a-lseekr.o)
 .ARM.attributes
                0x00000a70       0x2d c:/microsemi/softconsole_v5.1/arm-none-eabi-gcc/bin/../lib/gcc/arm-none-eabi/6.3.1/../../../../arm-none-eabi/lib/thumb/v7-m\libg.a(lib_a-readr.o)
 .ARM.attributes
                0x00000a9d       0x2d c:/microsemi/softconsole_v5.1/arm-none-eabi-gcc/bin/../lib/gcc/arm-none-eabi/6.3.1/../../../../arm-none-eabi/lib/thumb/v7-m\libg.a(lib_a-reent.o)
 .ARM.attributes
                0x00000aca       0x1d c:/microsemi/softconsole_v5.1/arm-none-eabi-gcc/bin/../lib/gcc/arm-none-eabi/6.3.1/thumb/v7-m\libgcc.a(_aeabi_uldivmod.o)
 .ARM.attributes
                0x00000ae7       0x2d c:/microsemi/softconsole_v5.1/arm-none-eabi-gcc/bin/../lib/gcc/arm-none-eabi/6.3.1/thumb/v7-m\libgcc.a(_udivmoddi4.o)
 .ARM.attributes
                0x00000b14       0x1d c:/microsemi/softconsole_v5.1/arm-none-eabi-gcc/bin/../lib/gcc/arm-none-eabi/6.3.1/thumb/v7-m\libgcc.a(_dvmd_tls.o)
 .ARM.attributes
                0x00000b31       0x2d c:/microsemi/softconsole_v5.1/arm-none-eabi-gcc/bin/../lib/gcc/arm-none-eabi/6.3.1/../../../../arm-none-eabi/lib/thumb/v7-m\librdimon.a(rdimon-syscalls.o)
 .ARM.attributes
                0x00000b5e       0x2d c:/microsemi/softconsole_v5.1/arm-none-eabi-gcc/bin/../lib/gcc/arm-none-eabi/6.3.1/../../../../arm-none-eabi/lib/thumb/v7-m\librdimon.a(rdimon-_exit.o)
 .ARM.attributes
                0x00000b8b       0x2d c:/microsemi/softconsole_v5.1/arm-none-eabi-gcc/bin/../lib/gcc/arm-none-eabi/6.3.1/../../../../arm-none-eabi/lib/thumb/v7-m\librdimon.a(rdimon-_kill.o)
 .ARM.attributes
                0x00000bb8       0x2d c:/microsemi/softconsole_v5.1/arm-none-eabi-gcc/bin/../lib/gcc/arm-none-eabi/6.3.1/../../../../arm-none-eabi/lib/thumb/v7-m\libc.a(lib_a-errno.o)
 .ARM.attributes
                0x00000be5       0x2d c:/microsemi/softconsole_v5.1/arm-none-eabi-gcc/bin/../lib/gcc/arm-none-eabi/6.3.1/thumb/v7-m/crtend.o
 .ARM.attributes
                0x00000c12       0x1d c:/microsemi/softconsole_v5.1/arm-none-eabi-gcc/bin/../lib/gcc/arm-none-eabi/6.3.1/thumb/v7-m/crtn.o

/DISCARD/
 *(.note.GNU-stack)
 *(.isr_vector)
OUTPUT(digikey.elf elf32-littlearm)

.debug_ranges   0x00000000      0x748
 .debug_ranges  0x00000000       0x38 ./hal/CortexM3/cortex_nvic.o
 .debug_ranges  0x00000038       0xd0 ./drivers/mss_sys_services/mss_comblk.o
 .debug_ranges  0x00000108      0x1b8 ./drivers/mss_sys_services/mss_sys_services.o
 .debug_ranges  0x000002c0       0xd0 ./drivers/mss_spi/mss_spi.o
 .debug_ranges  0x00000390       0xc8 ./drivers/mss_rtc/mss_rtc.o
 .debug_ranges  0x00000458       0x70 ./drivers/mss_nvm/mss_nvm.o
 .debug_ranges  0x000004c8       0x70 ./drivers/mss_hpdma/mss_hpdma.o
 .debug_ranges  0x00000538       0x38 ./drivers/CoreUARTapb/core_uart_apb.o
 .debug_ranges  0x00000570       0xa8 ./drivers/CorePWM/core_pwm.o
 .debug_ranges  0x00000618       0x58 ./drivers/CoreGPIO/core_gpio.o
 .debug_ranges  0x00000670       0x58 ./CMSIS/system_m2sxxx.o
 .debug_ranges  0x000006c8       0x80 ./main.o

.debug_macro    0x00000000     0x4c3b
 .debug_macro   0x00000000       0xb7 ./hal/CortexM3/cortex_nvic.o
 .debug_macro   0x000000b7      0x898 ./hal/CortexM3/cortex_nvic.o
 .debug_macro   0x0000094f       0x22 ./hal/CortexM3/cortex_nvic.o
 .debug_macro   0x00000971       0x87 ./hal/CortexM3/cortex_nvic.o
 .debug_macro   0x000009f8       0x51 ./hal/CortexM3/cortex_nvic.o
 .debug_macro   0x00000a49       0xef ./hal/CortexM3/cortex_nvic.o
 .debug_macro   0x00000b38       0x6a ./hal/CortexM3/cortex_nvic.o
 .debug_macro   0x00000ba2      0x1df ./hal/CortexM3/cortex_nvic.o
 .debug_macro   0x00000d81       0x58 ./hal/CortexM3/cortex_nvic.o
 .debug_macro   0x00000dd9       0x35 ./hal/CortexM3/cortex_nvic.o
 .debug_macro   0x00000e0e       0x9c ./hal/CortexM3/cortex_nvic.o
 .debug_macro   0x00000eaa       0x1c ./hal/CortexM3/cortex_nvic.o
 .debug_macro   0x00000ec6       0xc7 ./drivers_config/sys_config/sys_config.o
 .debug_macro   0x00000f8d       0x26 ./drivers_config/sys_config/sys_config.o
 .debug_macro   0x00000fb3       0x34 ./drivers_config/sys_config/sys_config.o
 .debug_macro   0x00000fe7       0x34 ./drivers_config/sys_config/sys_config.o
 .debug_macro   0x0000101b      0xca6 ./drivers_config/sys_config/sys_config.o
 .debug_macro   0x00001cc1      0x265 ./drivers_config/sys_config/sys_config.o
 .debug_macro   0x00001f26       0x3a ./drivers_config/sys_config/sys_config.o
 .debug_macro   0x00001f60       0x34 ./drivers_config/sys_config/sys_config.o
 .debug_macro   0x00001f94      0x169 ./drivers/mss_sys_services/mss_comblk.o
 .debug_macro   0x000020fd      0x3eb ./drivers/mss_sys_services/mss_sys_services.o
 .debug_macro   0x000024e8      0x2f8 ./drivers/mss_sys_services/mss_sys_services.o
 .debug_macro   0x000027e0      0x174 ./drivers/mss_sys_services/mss_sys_services.o
 .debug_macro   0x00002954       0x58 ./drivers/mss_sys_services/mss_sys_services.o
 .debug_macro   0x000029ac       0x1f ./drivers/mss_sys_services/mss_sys_services.o
 .debug_macro   0x000029cb       0x43 ./drivers/mss_sys_services/mss_sys_services.o
 .debug_macro   0x00002a0e       0x20 ./drivers/mss_sys_services/mss_sys_services.o
 .debug_macro   0x00002a2e      0x187 ./drivers/mss_sys_services/mss_sys_services.o
 .debug_macro   0x00002bb5      0x30d ./drivers/mss_sys_services/mss_sys_services.o
 .debug_macro   0x00002ec2       0x10 ./drivers/mss_sys_services/mss_sys_services.o
 .debug_macro   0x00002ed2       0x35 ./drivers/mss_sys_services/mss_sys_services.o
 .debug_macro   0x00002f07      0x261 ./drivers/mss_spi/mss_spi.o
 .debug_macro   0x00003168      0x229 ./drivers/mss_rtc/mss_rtc.o
 .debug_macro   0x00003391       0x4a ./drivers/mss_rtc/mss_rtc.o
 .debug_macro   0x000033db      0x2b0 ./drivers/mss_nvm/mss_nvm.o
 .debug_macro   0x0000368b       0x16 ./drivers/mss_nvm/mss_nvm.o
 .debug_macro   0x000036a1      0x152 ./drivers/mss_hpdma/mss_hpdma.o
 .debug_macro   0x000037f3       0x52 ./drivers/mss_hpdma/mss_hpdma.o
 .debug_macro   0x00003845       0x8d ./drivers/mss_hpdma/mss_hpdma.o
 .debug_macro   0x000038d2       0x57 ./drivers/mss_hpdma/mss_hpdma.o
 .debug_macro   0x00003929       0x10 ./drivers/mss_hpdma/mss_hpdma.o
 .debug_macro   0x00003939      0x128 ./drivers/CoreUARTapb/core_uart_apb.o
 .debug_macro   0x00003a61       0x64 ./drivers/CoreUARTapb/core_uart_apb.o
 .debug_macro   0x00003ac5      0x106 ./drivers/CoreUARTapb/core_uart_apb.o
 .debug_macro   0x00003bcb       0x46 ./drivers/CoreUARTapb/core_uart_apb.o
 .debug_macro   0x00003c11      0x10c ./drivers/CorePWM/core_pwm.o
 .debug_macro   0x00003d1d       0x12 ./drivers/CorePWM/core_pwm.o
 .debug_macro   0x00003d2f      0x191 ./drivers/CorePWM/core_pwm.o
 .debug_macro   0x00003ec0      0x11c ./drivers/CoreGPIO/core_gpio.o
 .debug_macro   0x00003fdc      0x11c ./drivers/CoreGPIO/core_gpio.o
 .debug_macro   0x000040f8       0x64 ./drivers/CoreGPIO/core_gpio.o
 .debug_macro   0x0000415c      0x173 ./CMSIS/system_m2sxxx.o
 .debug_macro   0x000042cf      0x2ba ./main.o
 .debug_macro   0x00004589       0x16 ./main.o
 .debug_macro   0x0000459f       0x3a ./main.o
 .debug_macro   0x000045d9      0x122 ./main.o
 .debug_macro   0x000046fb       0x16 ./main.o
 .debug_macro   0x00004711       0x97 ./main.o
 .debug_macro   0x000047a8       0xfd ./main.o
 .debug_macro   0x000048a5       0x10 ./main.o
 .debug_macro   0x000048b5       0x10 ./main.o
 .debug_macro   0x000048c5       0x1c ./main.o
 .debug_macro   0x000048e1       0x52 ./main.o
 .debug_macro   0x00004933       0x40 ./main.o
 .debug_macro   0x00004973       0x10 ./main.o
 .debug_macro   0x00004983       0x40 ./main.o
 .debug_macro   0x000049c3       0xd7 ./main.o
 .debug_macro   0x00004a9a       0x16 ./main.o
 .debug_macro   0x00004ab0      0x18b ./main.o

.comment        0x00000000       0x7f
 .comment       0x00000000       0x7f ./hal/CortexM3/cortex_nvic.o
                                 0x80 (size before relaxing)
 .comment       0x0000007f       0x80 ./drivers_config/sys_config/sys_config.o
 .comment       0x0000007f       0x80 ./drivers/mss_sys_services/mss_comblk.o
 .comment       0x0000007f       0x80 ./drivers/mss_sys_services/mss_sys_services.o
 .comment       0x0000007f       0x80 ./drivers/mss_spi/mss_spi.o
 .comment       0x0000007f       0x80 ./drivers/mss_rtc/mss_rtc.o
 .comment       0x0000007f       0x80 ./drivers/mss_nvm/mss_nvm.o
 .comment       0x0000007f       0x80 ./drivers/mss_hpdma/mss_hpdma.o
 .comment       0x0000007f       0x80 ./drivers/CoreUARTapb/core_uart_apb.o
 .comment       0x0000007f       0x80 ./drivers/CorePWM/core_pwm.o
 .comment       0x0000007f       0x80 ./drivers/CoreGPIO/core_gpio.o
 .comment       0x0000007f       0x80 ./CMSIS/system_m2sxxx.o
 .comment       0x0000007f       0x80 ./main.o
