15:46:36 **** Incremental Build of configuration Release for project digikey ****
make all 
Building target: digikey.elf
Invoking: Cross ARM C Linker
arm-none-eabi-gcc -mcpu=cortex-m3 -mthumb -O2 -fmessage-length=0 -fsigned-char -ffunction-sections -fdata-sections  -g3 -T "C:\Users\Hiperwall\Desktop\Servo-arm3 - Copy\SoftConsole\digikey\CMSIS\startup_gcc\production-smartfusion2-execute-in-place.ld" -Xlinker --gc-sections -Wl,-Map,"digikey.map" -o "digikey.elf"  ./hal/CortexM3/GNU/hal.o ./hal/CortexM3/GNU/hw_reg_access.o  ./hal/CortexM3/cortex_nvic.o  ./drivers_config/sys_config/sys_config.o  ./drivers/mss_sys_services/mss_comblk.o ./drivers/mss_sys_services/mss_sys_services.o  ./drivers/mss_spi/mss_spi.o  ./drivers/mss_rtc/mss_rtc.o  ./drivers/mss_nvm/mss_nvm.o  ./drivers/mss_hpdma/mss_hpdma.o  ./drivers/CoreUARTapb/core_uart_apb.o  ./drivers/CorePWM/core_pwm.o  ./drivers/CoreGPIO/core_gpio.o  ./CMSIS/startup_gcc/newlib_stubs.o ./CMSIS/startup_gcc/startup_m2sxxx.o  ./CMSIS/system_m2sxxx.o  ./.metadata/.plugins/org.eclipse.cdt.make.core/specs.o  ./main.o   
Finished building target: digikey.elf
 
Invoking: Cross ARM GNU Create Flash Image
arm-none-eabi-objcopy -O ihex "digikey.elf"  "digikey.hex"
Finished building: digikey.hex
 
Invoking: Cross ARM GNU Print Size
arm-none-eabi-size --format=berkeley "digikey.elf"
   text	   data	    bss	    dec	    hex	filename
   6848	   1120	  64416	  72384	  11ac0	digikey.elf
Finished building: digikey.siz
 
