Archive member included because of file (symbol)

c:/microsemi/softconsole_v4.0/arm-none-eabi-gcc/bin/../lib/gcc/arm-none-eabi/4.9.3/armv7-m\libgcc.a(_arm_addsubdf3.o)
                              ./main.o (__aeabi_dadd)
c:/microsemi/softconsole_v4.0/arm-none-eabi-gcc/bin/../lib/gcc/arm-none-eabi/4.9.3/armv7-m\libgcc.a(_arm_muldivdf3.o)
                              ./main.o (__aeabi_dmul)
c:/microsemi/softconsole_v4.0/arm-none-eabi-gcc/bin/../lib/gcc/arm-none-eabi/4.9.3/armv7-m\libgcc.a(_arm_truncdfsf2.o)
                              ./main.o (__aeabi_d2f)
c:/microsemi/softconsole_v4.0/arm-none-eabi-gcc/bin/../lib/gcc/arm-none-eabi/4.9.3/armv7-m\libgcc.a(_arm_addsubsf3.o)
                              ./main.o (__aeabi_fsub)
c:/microsemi/softconsole_v4.0/arm-none-eabi-gcc/bin/../lib/gcc/arm-none-eabi/4.9.3/armv7-m\libgcc.a(_arm_cmpsf2.o)
                              ./main.o (__aeabi_fcmple)
c:/microsemi/softconsole_v4.0/arm-none-eabi-gcc/bin/../lib/gcc/arm-none-eabi/4.9.3/armv7-m\libgcc.a(_arm_fixsfsi.o)
                              ./main.o (__aeabi_f2iz)
c:/microsemi/softconsole_v4.0/arm-none-eabi-gcc/bin/../lib/gcc/arm-none-eabi/4.9.3/../../../../arm-none-eabi/lib/armv7-m\libg.a(lib_a-exit.o)
                              c:/microsemi/softconsole_v4.0/arm-none-eabi-gcc/bin/../lib/gcc/arm-none-eabi/4.9.3/../../../../arm-none-eabi/lib/armv7-m/rdimon-crt0.o (exit)
c:/microsemi/softconsole_v4.0/arm-none-eabi-gcc/bin/../lib/gcc/arm-none-eabi/4.9.3/../../../../arm-none-eabi/lib/armv7-m\libg.a(lib_a-impure.o)
                              c:/microsemi/softconsole_v4.0/arm-none-eabi-gcc/bin/../lib/gcc/arm-none-eabi/4.9.3/../../../../arm-none-eabi/lib/armv7-m\libg.a(lib_a-exit.o) (_global_impure_ptr)
c:/microsemi/softconsole_v4.0/arm-none-eabi-gcc/bin/../lib/gcc/arm-none-eabi/4.9.3/../../../../arm-none-eabi/lib/armv7-m\libg.a(lib_a-init.o)
                              c:/microsemi/softconsole_v4.0/arm-none-eabi-gcc/bin/../lib/gcc/arm-none-eabi/4.9.3/../../../../arm-none-eabi/lib/armv7-m/rdimon-crt0.o (__libc_init_array)
c:/microsemi/softconsole_v4.0/arm-none-eabi-gcc/bin/../lib/gcc/arm-none-eabi/4.9.3/../../../../arm-none-eabi/lib/armv7-m\libg.a(lib_a-iprintf.o)
                              ./main.o (iprintf)
c:/microsemi/softconsole_v4.0/arm-none-eabi-gcc/bin/../lib/gcc/arm-none-eabi/4.9.3/../../../../arm-none-eabi/lib/armv7-m\libg.a(lib_a-memcpy.o)
                              ./drivers/mss_sys_services/mss_sys_services.o (memcpy)
c:/microsemi/softconsole_v4.0/arm-none-eabi-gcc/bin/../lib/gcc/arm-none-eabi/4.9.3/../../../../arm-none-eabi/lib/armv7-m\libg.a(lib_a-memset.o)
                              c:/microsemi/softconsole_v4.0/arm-none-eabi-gcc/bin/../lib/gcc/arm-none-eabi/4.9.3/../../../../arm-none-eabi/lib/armv7-m/rdimon-crt0.o (memset)
c:/microsemi/softconsole_v4.0/arm-none-eabi-gcc/bin/../lib/gcc/arm-none-eabi/4.9.3/../../../../arm-none-eabi/lib/armv7-m\libg.a(lib_a-vfiprintf.o)
                              c:/microsemi/softconsole_v4.0/arm-none-eabi-gcc/bin/../lib/gcc/arm-none-eabi/4.9.3/../../../../arm-none-eabi/lib/armv7-m\libg.a(lib_a-iprintf.o) (_vfiprintf_r)
c:/microsemi/softconsole_v4.0/arm-none-eabi-gcc/bin/../lib/gcc/arm-none-eabi/4.9.3/../../../../arm-none-eabi/lib/armv7-m\libg.a(lib_a-wsetup.o)
                              c:/microsemi/softconsole_v4.0/arm-none-eabi-gcc/bin/../lib/gcc/arm-none-eabi/4.9.3/../../../../arm-none-eabi/lib/armv7-m\libg.a(lib_a-vfiprintf.o) (__swsetup_r)
c:/microsemi/softconsole_v4.0/arm-none-eabi-gcc/bin/../lib/gcc/arm-none-eabi/4.9.3/../../../../arm-none-eabi/lib/armv7-m\libg.a(lib_a-__call_atexit.o)
                              c:/microsemi/softconsole_v4.0/arm-none-eabi-gcc/bin/../lib/gcc/arm-none-eabi/4.9.3/../../../../arm-none-eabi/lib/armv7-m\libg.a(lib_a-exit.o) (__call_exitprocs)
c:/microsemi/softconsole_v4.0/arm-none-eabi-gcc/bin/../lib/gcc/arm-none-eabi/4.9.3/../../../../arm-none-eabi/lib/armv7-m\libg.a(lib_a-atexit.o)
                              c:/microsemi/softconsole_v4.0/arm-none-eabi-gcc/bin/../lib/gcc/arm-none-eabi/4.9.3/../../../../arm-none-eabi/lib/armv7-m\libg.a(lib_a-__call_atexit.o) (atexit)
c:/microsemi/softconsole_v4.0/arm-none-eabi-gcc/bin/../lib/gcc/arm-none-eabi/4.9.3/../../../../arm-none-eabi/lib/armv7-m\libg.a(lib_a-fflush.o)
                              c:/microsemi/softconsole_v4.0/arm-none-eabi-gcc/bin/../lib/gcc/arm-none-eabi/4.9.3/../../../../arm-none-eabi/lib/armv7-m\libg.a(lib_a-vfiprintf.o) (_fflush_r)
c:/microsemi/softconsole_v4.0/arm-none-eabi-gcc/bin/../lib/gcc/arm-none-eabi/4.9.3/../../../../arm-none-eabi/lib/armv7-m\libg.a(lib_a-findfp.o)
                              c:/microsemi/softconsole_v4.0/arm-none-eabi-gcc/bin/../lib/gcc/arm-none-eabi/4.9.3/../../../../arm-none-eabi/lib/armv7-m\libg.a(lib_a-vfiprintf.o) (__sinit)
c:/microsemi/softconsole_v4.0/arm-none-eabi-gcc/bin/../lib/gcc/arm-none-eabi/4.9.3/../../../../arm-none-eabi/lib/armv7-m\libg.a(lib_a-fini.o)
[...]
Memory Configuration

Name             Origin             Length             Attributes
ram              0x20000000         0x00010000         xrw
*default*        0x00000000         0xffffffff

Linker script and memory map

LOAD c:/microsemi/softconsole_v4.0/arm-none-eabi-gcc/bin/../lib/gcc/arm-none-eabi/4.9.3/armv7-m/crti.o
LOAD c:/microsemi/softconsole_v4.0/arm-none-eabi-gcc/bin/../lib/gcc/arm-none-eabi/4.9.3/armv7-m/crtbegin.o
LOAD c:/microsemi/softconsole_v4.0/arm-none-eabi-gcc/bin/../lib/gcc/arm-none-eabi/4.9.3/../../../../arm-none-eabi/lib/armv7-m/rdimon-crt0.o
LOAD ./hal/CortexM3/GNU/hal.o
LOAD ./hal/CortexM3/GNU/hw_reg_access.o
LOAD ./hal/CortexM3/cortex_nvic.o
LOAD ./drivers_config/sys_config/sys_config.o
LOAD ./drivers/mss_sys_services/mss_comblk.o
LOAD ./drivers/mss_sys_services/mss_sys_services.o
LOAD ./drivers/mss_spi/mss_spi.o
LOAD ./drivers/mss_rtc/mss_rtc.o
LOAD ./drivers/mss_nvm/mss_nvm.o
LOAD ./drivers/mss_hpdma/mss_hpdma.o
LOAD ./drivers/CoreUARTapb/core_uart_apb.o
LOAD ./drivers/CorePWM/core_pwm.o
LOAD ./drivers/CoreGPIO/core_gpio.o
LOAD ./CMSIS/startup_gcc/startup_m2sxxx.o
LOAD ./CMSIS/system_m2sxxx.o
LOAD ./main.o
START GROUP
LOAD c:/microsemi/softconsole_v4.0/arm-none-eabi-gcc/bin/../lib/gcc/arm-none-eabi/4.9.3/armv7-m\libgcc.a
LOAD c:/microsemi/softconsole_v4.0/arm-none-eabi-gcc/bin/../lib/gcc/arm-none-eabi/4.9.3/../../../../arm-none-eabi/lib/armv7-m\libg.a
LOAD c:/microsemi/softconsole_v4.0/arm-none-eabi-gcc/bin/../lib/gcc/arm-none-eabi/4.9.3/../../../../arm-none-eabi/lib/armv7-m\libc.a
END GROUP
START GROUP
LOAD c:/microsemi/softconsole_v4.0/arm-none-eabi-gcc/bin/../lib/gcc/arm-none-eabi/4.9.3/armv7-m\libgcc.a
LOAD c:/microsemi/softconsole_v4.0/arm-none-eabi-gcc/bin/../lib/gcc/arm-none-eabi/4.9.3/../../../../arm-none-eabi/lib/armv7-m\libc.a
LOAD c:/microsemi/softconsole_v4.0/arm-none-eabi-gcc/bin/../lib/gcc/arm-none-eabi/4.9.3/../../../../arm-none-eabi/lib/armv7-m\librdimon.a
END GROUP
LOAD c:/microsemi/softconsole_v4.0/arm-none-eabi-gcc/bin/../lib/gcc/arm-none-eabi/4.9.3/armv7-m/crtend.o
LOAD c:/microsemi/softconsole_v4.0/arm-none-eabi-gcc/bin/../lib/gcc/arm-none-eabi/4.9.3/armv7-m/crtn.o
START GROUP
LOAD c:/microsemi/softconsole_v4.0/arm-none-eabi-gcc/bin/../lib/gcc/arm-none-eabi/4.9.3/../../../../arm-none-eabi/lib/armv7-m\libc.a
LOAD c:/microsemi/softconsole_v4.0/arm-none-eabi-gcc/bin/../lib/gcc/arm-none-eabi/4.9.3/armv7-m\libgcc.a
LOAD c:/microsemi/softconsole_v4.0/arm-none-eabi-gcc/bin/../lib/gcc/arm-none-eabi/4.9.3/../../../../arm-none-eabi/lib/armv7-m\libm.a
END GROUP
                0x00000000                __DYNAMIC = 0x0
                0x20000000                RAM_START_ADDRESS = 0x20000000
                0x00010000                RAM_SIZE = 0x10000
                0x00001000                MAIN_STACK_SIZE = 0x1000
                0x00001000                MIN_SIZE_HEAP = 0x1000
                0x20010000                PROVIDE (__main_stack_start, (RAM_START_ADDRESS + RAM_SIZE))
                0x20010000                PROVIDE (_estack, __main_stack_start)
                0x00000000                PROVIDE (__mirrored_nvm, 0x0)
                0x00000000                PROVIDE (__smartfusion2_memory_remap, 0x0)

.vector_table   0x20000000      0x190
                0x20000000                __vector_table_load = LOADADDR (.vector_table)
                0x20000000                __vector_table_start = .
                0x20000000                __vector_table_vma_base_address = .
 *(.isr_vector)
 .isr_vector    0x20000000      0x190 ./CMSIS/startup_gcc/startup_m2sxxx.o
                0x20000000                g_pfnVectors
                0x20000190                . = ALIGN (0x10)
                0x20000190                _evector_table = .

.boot_code      0x20000190      0x330
 *(.boot_code)
 .boot_code     0x20000190      0x324 ./CMSIS/startup_gcc/startup_m2sxxx.o
                0x20000190                Reset_Handler
                0x2000037e                NMI_Handler
                0x20000380                HardFault_Handler
                0x20000382                MemManage_Handler
                0x20000384                BusFault_Handler
                0x20000386                UsageFault_Handler
                0x20000388                SVC_Handler
                0x2000038a                DebugMon_Handler
                0x2000038c                PendSV_Handler
                0x2000038e                SysTick_Handler
                0x20000390                WdogWakeup_IRQHandler
                0x20000392                RTC_Wakeup_IRQHandler
                0x20000398                I2C0_IRQHandler
                0x2000039a                I2C0_SMBAlert_IRQHandler
                0x2000039c                I2C0_SMBus_IRQHandler
                0x2000039e                I2C1_IRQHandler
                0x200003a0                I2C1_SMBAlert_IRQHandler
                0x200003a2                I2C1_SMBus_IRQHandler
                0x200003a4                UART0_IRQHandler
                0x200003a6                UART1_IRQHandler
                0x200003a8                EthernetMAC_IRQHandler
                0x200003aa                DMA_IRQHandler
                0x200003ae                Timer2_IRQHandler
                0x200003b0                CAN_IRQHandler
                0x200003b2                ENVM0_IRQHandler
                0x200003b4                ENVM1_IRQHandler
                0x200003b8                USB_IRQHandler
                0x200003ba                USB_DMA_IRQHandler
                0x200003bc                PLL_Lock_IRQHandler
                0x200003be                PLL_LockLost_IRQHandler
                0x200003c0                CommSwitchError_IRQHandler
                0x200003c2                CacheError_IRQHandler
                0x200003c4                DDR_IRQHandler
                0x200003ca                ECC_Error_IRQHandler
                0x200003cc                MDDR_IOCalib_IRQHandler
                0x200003ce                FAB_PLL_Lock_IRQHandler
                0x200003d0                FAB_PLL_LockLost_IRQHandler
                0x200003d2                FIC64_IRQHandler
                0x200003d4                FabricIrq0_IRQHandler
                0x200003d8                FabricIrq2_IRQHandler
                0x200003da                FabricIrq3_IRQHandler
                0x200003dc                FabricIrq4_IRQHandler
                0x200003de                FabricIrq5_IRQHandler
                0x200003e0                FabricIrq6_IRQHandler
                0x200003e2                FabricIrq7_IRQHandler
                0x200003e4                FabricIrq8_IRQHandler
                0x200003e6                FabricIrq9_IRQHandler
                0x200003e8                FabricIrq10_IRQHandler
                0x200003ea                FabricIrq11_IRQHandler
                0x200003ec                FabricIrq12_IRQHandler
                0x200003ee                FabricIrq13_IRQHandler
                0x200003f0                FabricIrq14_IRQHandler
                0x200003f2                FabricIrq15_IRQHandler
                0x200003f4                GPIO0_IRQHandler
                0x200003f6                GPIO1_IRQHandler
                0x200003f8                GPIO2_IRQHandler
                0x200003fa                GPIO3_IRQHandler
                0x200003fc                GPIO4_IRQHandler
                0x200003fe                GPIO5_IRQHandler
                0x20000400                GPIO6_IRQHandler
                0x20000402                GPIO7_IRQHandler
                0x20000404                GPIO8_IRQHandler
                0x20000406                GPIO9_IRQHandler
                0x20000408                GPIO10_IRQHandler
                0x2000040a                GPIO11_IRQHandler
                0x2000040c                GPIO12_IRQHandler
                0x2000040e                GPIO13_IRQHandler
                0x20000410                GPIO14_IRQHandler
                0x20000412                GPIO15_IRQHandler
                0x20000414                GPIO16_IRQHandler
                0x20000416                GPIO17_IRQHandler
                0x20000418                GPIO18_IRQHandler
                0x2000041a                GPIO19_IRQHandler
                0x2000041c                GPIO20_IRQHandler
                0x2000041e                GPIO21_IRQHandler
                0x20000420                GPIO22_IRQHandler
                0x20000422                GPIO23_IRQHandler
                0x20000424                GPIO24_IRQHandler
                0x20000426                GPIO25_IRQHandler
                0x20000428                GPIO26_IRQHandler
                0x2000042a                GPIO27_IRQHandler
                0x2000042c                GPIO28_IRQHandler
                0x2000042e                GPIO29_IRQHandler
                0x20000430                GPIO30_IRQHandler
                0x20000432                GPIO31_IRQHandler
                0x20000434                mscc_post_hw_cfg_init
                0x200004c0                . = ALIGN (0x10)
 *fill*         0x200004b4        0xc 

.text           0x200004c0     0x7d20
 CREATE_OBJECT_SYMBOLS
                0x200004c0                __text_load = LOADADDR (.text)
                0x200004c0                __text_start = .
 *(.text .text.* .gnu.linkonce.t.*)
 .text          0x200004c0       0x5c c:/microsemi/softconsole_v4.0/arm-none-eabi-gcc/bin/../lib/gcc/arm-none-eabi/4.9.3/armv7-m/crtbegin.o
 .text          0x2000051c       0x90 ./hal/CortexM3/GNU/hw_reg_access.o
                0x2000051c                HW_set_32bit_reg
                0x20000520                HW_get_32bit_reg
                0x20000524                HW_set_32bit_reg_field
                0x20000540                HW_get_32bit_reg_field
                0x2000054c                HW_set_16bit_reg
                0x20000550                HW_get_16bit_reg
                0x20000554                HW_set_16bit_reg_field
                0x20000570                HW_get_16bit_reg_field
                0x2000057c                HW_set_8bit_reg
                0x20000580                HW_get_8bit_reg
                0x20000584                HW_set_8bit_reg_field
                0x200005a0                HW_get_8bit_reg_field
 .text.ComBlk_IRQHandler
                0x200005ac       0x48 ./drivers/mss_sys_services/mss_comblk.o
                0x200005ac                ComBlk_IRQHandler
 .text.handle_tx_okay_irq
                0x200005f4      0x1b0 ./drivers/mss_sys_services/mss_comblk.o
 .text.handle_rx_okay_irq
                0x200007a4      0x204 ./drivers/mss_sys_services/mss_comblk.o
 .text.complete_request
                0x200009a8       0x40 ./drivers/mss_sys_services/mss_comblk.o
 .text.abort_current_cmd
                0x200009e8       0x4c ./drivers/mss_sys_services/mss_comblk.o
 .text.fill_tx_fifo
                0x20000a34       0x64 ./drivers/mss_sys_services/mss_comblk.o
 .text.process_sys_ctrl_command
                0x20000a98       0x28 ./drivers/mss_sys_services/mss_comblk.o
 .text.NVIC_ClearPendingIRQ
                0x20000ac0       0x34 ./drivers/mss_spi/mss_spi.o
 .text.recover_from_rx_overflow
                0x20000af4      0x124 ./drivers/mss_spi/mss_spi.o
 .text.fill_slave_tx_fifo
                0x20000c18       0xd8 ./drivers/mss_spi/mss_spi.o
 .text.read_slave_rx_fifo
                0x20000cf0       0xa8 ./drivers/mss_spi/mss_spi.o
 .text.mss_spi_isr
                0x20000d98      0x280 ./drivers/mss_spi/mss_spi.o
 .text.SPI0_IRQHandler
                0x20001018       0x20 ./drivers/mss_spi/mss_spi.o
                0x20001018                SPI0_IRQHandler
 .text.SPI1_IRQHandler
                0x20001038       0x20 ./drivers/mss_spi/mss_spi.o
                0x20001038                SPI1_IRQHandler
 .text.start_transfer
                0x20001058      0x14c ./drivers/mss_hpdma/mss_hpdma.o
 .text.HPDMA_Complete_IRQHandler
                0x200011a4       0xf4 ./drivers/mss_hpdma/mss_hpdma.o
                0x200011a4                HPDMA_Complete_IRQHandler
 .text.HPDMA_Error_IRQHandler
                0x20001298      0x100 ./drivers/mss_hpdma/mss_hpdma.o
                0x20001298                HPDMA_Error_IRQHandler
 .text.UART_init
                0x20001398      0x114 ./drivers/CoreUARTapb/core_uart_apb.o
                0x20001398                UART_init
 .text.UART_send
                0x200014ac       0x80 ./drivers/CoreUARTapb/core_uart_apb.o
                0x200014ac                UART_send
 .text.UART_get_rx
                0x2000152c       0xc0 ./drivers/CoreUARTapb/core_uart_apb.o
                0x2000152c                UART_get_rx
 .text.UART_get_rx_status
                0x200015ec       0x3c ./drivers/CoreUARTapb/core_uart_apb.o
                0x200015ec                UART_get_rx_status
 .text.PWM_init
                0x20001628      0x138 ./drivers/CorePWM/core_pwm.o
                0x20001628                PWM_init
 .text.PWM_enable
                0x20001760       0x98 ./drivers/CorePWM/core_pwm.o
                0x20001760                PWM_enable
 .text.PWM_disable
                0x200017f8       0xa0 ./drivers/CorePWM/core_pwm.o
                0x200017f8                PWM_disable
 .text.PWM_set_duty_cycle
                0x20001898       0xc0 ./drivers/CorePWM/core_pwm.o
                0x20001898                PWM_set_duty_cycle
 .text.GPIO_init
                0x20001958       0xd0 ./drivers/CoreGPIO/core_gpio.o
                0x20001958                GPIO_init
 .text.GPIO_config
                0x20001a28       0x4c ./drivers/CoreGPIO/core_gpio.o
                0x20001a28                GPIO_config
 .text.GPIO_set_outputs
                0x20001a74       0xc8 ./drivers/CoreGPIO/core_gpio.o
                0x20001a74                GPIO_set_outputs
 .text.GPIO_get_inputs
                0x20001b3c       0xcc ./drivers/CoreGPIO/core_gpio.o
                0x20001b3c                GPIO_get_inputs
 .text.GPIO_get_outputs
                0x20001c08       0xcc ./drivers/CoreGPIO/core_gpio.o
                0x20001c08                GPIO_get_outputs
 .text.GPIO_enable_irq
                0x20001cd4       0x4c ./drivers/CoreGPIO/core_gpio.o
                0x20001cd4                GPIO_enable_irq
 .text.GPIO_disable_irq
                0x20001d20       0x4c ./drivers/CoreGPIO/core_gpio.o
                0x20001d20                GPIO_disable_irq
 .text.GPIO_clear_irq
                0x20001d6c       0xb4 ./drivers/CoreGPIO/core_gpio.o
                0x20001d6c                GPIO_clear_irq
 .text.SystemInit
                0x20001e20       0x20 ./CMSIS/system_m2sxxx.o
                0x20001e20                SystemInit
 .text.SystemCoreClockUpdate
                0x20001e40       0xf8 ./CMSIS/system_m2sxxx.o
                0x20001e40                SystemCoreClockUpdate
 .text.get_rcosc_25_50mhz_frequency
                0x20001f38       0x3c ./CMSIS/system_m2sxxx.o
 .text.set_clock_frequency_globals
                0x20001f74       0x5c ./CMSIS/system_m2sxxx.o
 .text.get_silicon_revision
                0x20001fd0       0x48 ./CMSIS/system_m2sxxx.o
 .text.silicon_workarounds
                0x20002018       0x20 ./CMSIS/system_m2sxxx.o
 .text.m2s050_rev_a_workarounds
                0x20002038       0x30 ./CMSIS/system_m2sxxx.o
 .text.NVIC_EnableIRQ
                0x20002068       0x30 ./main.o
 .text.NVIC_DisableIRQ
                0x20002098       0x34 ./main.o
 .text.NVIC_ClearPendingIRQ
                0x200020cc       0x34 ./main.o
 .text.MSS_TIM1_init
                0x20002100       0x58 ./main.o
 .text.MSS_TIM1_start
                0x20002158       0x18 ./main.o
 .text.MSS_TIM1_load_immediate
                0x20002170       0x1c ./main.o
 .text.MSS_TIM1_enable_irq
                0x2000218c       0x18 ./main.o
 .text.MSS_TIM1_clear_irq
                0x200021a4       0x18 ./main.o
 .text.main     0x200021bc      0x3ac ./main.o
                0x200021bc                main
 .text.Timer1_IRQHandler
                0x20002568       0x48 ./main.o
                0x20002568                Timer1_IRQHandler
 .text.FabricIrq1_IRQHandler
                0x200025b0      0x194 ./main.o
                0x200025b0                FabricIrq1_IRQHandler
 .text.delay    0x20002744       0x30 ./main.o
                0x20002744                delay
 *fill*         0x20002774        0x4 
 .text.set_deg_abs
                0x20002778      0x398 ./main.o
                0x20002778                set_deg_abs
 .text.returntohold
                0x20002b10       0x64 ./main.o
                0x20002b10                returntohold
 .text.grabtube
                0x20002b74       0x64 ./main.o
                0x20002b74                grabtube
 .text.calmotions
                0x20002bd8      0x10c ./main.o
                0x20002bd8                calmotions
 .text.set_deg_inc
                0x20002ce4       0x8c ./main.o
                0x20002ce4                set_deg_inc
 .text.motiononeHoldtoA
                0x20002d70       0xd0 ./main.o
                0x20002d70                motiononeHoldtoA
 .text.motiononeAtoB
                0x20002e40       0x9c ./main.o
                0x20002e40                motiononeAtoB
 .text.motiononebheighttransition
                0x20002edc       0x94 ./main.o
                0x20002edc                motiononebheighttransition
 .text.motiononeBtoHold
                0x20002f70       0x9c ./main.o
                0x20002f70                motiononeBtoHold
 .text.motiontwoHoldtoB
                0x2000300c       0xe4 ./main.o
                0x2000300c                motiontwoHoldtoB
 .text.motiontwoBtoA
                0x200030f0       0xbc ./main.o
                0x200030f0                motiontwoBtoA
 .text.motionotwoaheighttransition
                0x200031ac       0x70 ./main.o
                0x200031ac                motionotwoaheighttransition
 .text.motiontwoAtoHold
                0x2000321c       0xb8 ./main.o
                0x2000321c                motiontwoAtoHold
 .text.motionthreeHoldtoC
                0x200032d4       0xe4 ./main.o
                0x200032d4                motionthreeHoldtoC
 .text.motionthreeCtoD
                0x200033b8       0x7c ./main.o
                0x200033b8                motionthreeCtoD
 .text.motionthreeDtoHold
                0x20003434       0xcc ./main.o
                0x20003434                motionthreeDtoHold
 .text.motionfourHoldtoD
                0x20003500       0xcc ./main.o
                0x20003500                motionfourHoldtoD
 .text.motionfourDtoC
                0x200035cc       0x84 ./main.o
                0x200035cc                motionfourDtoC
 .text.motionfourCheighttransition
                0x20003650       0x54 ./main.o
                0x20003650                motionfourCheighttransition
 .text.motionfourCtoHold
                0x200036a4       0x9c ./main.o
                0x200036a4                motionfourCtoHold
 .text.motionfiveAtoagitate
                0x20003740       0xac ./main.o
                0x20003740                motionfiveAtoagitate
 .text.putdownA
                0x200037ec       0xf8 ./main.o
                0x200037ec                putdownA
 .text.motionsevenCtoagitate
                0x200038e4      0x124 ./main.o
                0x200038e4                motionsevenCtoagitate
 .text.putdownC
                0x20003a08       0xcc ./main.o
                0x20003a08                putdownC
 .text.motionsevenCtoHold
                0x20003ad4       0x80 ./main.o
                0x20003ad4                motionsevenCtoHold
 .text.Demo     0x20003b54      0x210 ./main.o
                0x20003b54                Demo
 .text.AtoB     0x20003d64       0x64 ./main.o
                0x20003d64                AtoB
 .text.BtoA     0x20003dc8       0x5c ./main.o
                0x20003dc8                BtoA
 .text.CtoD     0x20003e24       0x4c ./main.o
                0x20003e24                CtoD
 .text.DtoC     0x20003e70       0x58 ./main.o
                0x20003e70                DtoC
 .text.AgitateA
                0x20003ec8       0x48 ./main.o
                0x20003ec8                AgitateA
 .text.AgitateC
                0x20003f10       0x40 ./main.o
                0x20003f10                AgitateC
 .text          0x20003f50      0x370 c:/microsemi/softconsole_v4.0/arm-none-eabi-gcc/bin/../lib/gcc/arm-none-eabi/4.9.3/armv7-m\libgcc.a(_arm_addsubdf3.o)
                0x20003f50                __aeabi_drsub
                0x20003f58                __aeabi_dsub
                0x20003f58                __subdf3
                0x20003f5c                __aeabi_dadd
                0x20003f5c                __adddf3
                0x200041d4                __floatunsidf
                0x200041d4                __aeabi_ui2d
                0x200041f4                __floatsidf
                0x200041f4                __aeabi_i2d
                0x20004218                __aeabi_f2d
                0x20004218                __extendsfdf2
                0x20004254                __floatundidf
                0x20004254                __aeabi_ul2d
                0x20004264                __floatdidf
                0x20004264                __aeabi_l2d
 .text          0x200042c0      0x424 c:/microsemi/softconsole_v4.0/arm-none-eabi-gcc/bin/../lib/gcc/arm-none-eabi/4.9.3/armv7-m\libgcc.a(_arm_muldivdf3.o)
                0x200042c0                __aeabi_dmul
                0x200042c0                __muldf3
                0x20004514                __divdf3
                0x20004514                __aeabi_ddiv
 .text          0x200046e4       0xa0 c:/microsemi/softconsole_v4.0/arm-none-eabi-gcc/bin/../lib/gcc/arm-none-eabi/4.9.3/armv7-m\libgcc.a(_arm_truncdfsf2.o)
                0x200046e4                __truncdfsf2
                0x200046e4                __aeabi_d2f
 .text          0x20004784      0x21c c:/microsemi/softconsole_v4.0/arm-none-eabi-gcc/bin/../lib/gcc/arm-none-eabi/4.9.3/armv7-m\libgcc.a(_arm_addsubsf3.o)
                0x20004784                __aeabi_frsub
                0x2000478c                __subsf3
                0x2000478c                __aeabi_fsub
                0x20004790                __aeabi_fadd
                0x20004790                __addsf3
                0x200048f0                __aeabi_ui2f
                0x200048f0                __floatunsisf
                0x200048f8                __aeabi_i2f
                0x200048f8                __floatsisf
                0x20004914                __aeabi_ul2f
                0x20004914                __floatundisf
                0x20004924                __aeabi_l2f
                0x20004924                __floatdisf
 .text          0x200049a0       0xec c:/microsemi/softconsole_v4.0/arm-none-eabi-gcc/bin/../lib/gcc/arm-none-eabi/4.9.3/armv7-m\libgcc.a(_arm_cmpsf2.o)
                0x200049a0                __gesf2
                0x200049a0                __gtsf2
                0x200049a8                __lesf2
                0x200049a8                __ltsf2
                0x200049b0                __nesf2
                0x200049b0                __eqsf2
                0x200049b0                __cmpsf2
                0x20004a10                __aeabi_cfrcmple
                0x20004a18                __aeabi_cfcmpeq
                0x20004a18                __aeabi_cfcmple
                0x20004a28                __aeabi_fcmpeq
                0x20004a3c                __aeabi_fcmplt
                0x20004a50                __aeabi_fcmple
                0x20004a64                __aeabi_fcmpge
                0x20004a78                __aeabi_fcmpgt
 .text          0x20004a8c       0x4c c:/microsemi/softconsole_v4.0/arm-none-eabi-gcc/bin/../lib/gcc/arm-none-eabi/4.9.3/armv7-m\libgcc.a(_arm_fixsfsi.o)
                0x20004a8c                __aeabi_f2iz
                0x20004a8c                __fixsfsi
 .text.__libc_init_array
                0x20004ad8       0x50 c:/microsemi/softconsole_v4.0/arm-none-eabi-gcc/bin/../lib/gcc/arm-none-eabi/4.9.3/../../../../arm-none-eabi/lib/armv7-m\libg.a(lib_a-init.o)
                0x20004ad8                __libc_init_array
 .text.iprintf  0x20004b28       0x28 c:/microsemi/softconsole_v4.0/arm-none-eabi-gcc/bin/../lib/gcc/arm-none-eabi/4.9.3/../../../../arm-none-eabi/lib/armv7-m\libg.a(lib_a-iprintf.o)
                0x20004b28                iprintf
 .text          0x20004b50       0xec c:/microsemi/softconsole_v4.0/arm-none-eabi-gcc/bin/../lib/gcc/arm-none-eabi/4.9.3/../../../../arm-none-eabi/lib/armv7-m\libg.a(lib_a-memcpy.o)
                0x20004b50                memcpy
 .text.memset   0x20004c3c       0x9c c:/microsemi/softconsole_v4.0/arm-none-eabi-gcc/bin/../lib/gcc/arm-none-eabi/4.9.3/../../../../arm-none-eabi/lib/armv7-m\libg.a(lib_a-memset.o)
                0x20004c3c                memset
 .text.__sprint_r.part.0
                0x20004cd8       0x78 c:/microsemi/softconsole_v4.0/arm-none-eabi-gcc/bin/../lib/gcc/arm-none-eabi/4.9.3/../../../../arm-none-eabi/lib/armv7-m\libg.a(lib_a-vfiprintf.o)
 .text._vfiprintf_r
                0x20004d50      0xc10 c:/microsemi/softconsole_v4.0/arm-none-eabi-gcc/bin/../lib/gcc/arm-none-eabi/4.9.3/../../../../arm-none-eabi/lib/armv7-m\libg.a(lib_a-vfiprintf.o)
                0x20004d50                _vfiprintf_r
 .text.__sbprintf
                0x20005960       0x7c c:/microsemi/softconsole_v4.0/arm-none-eabi-gcc/bin/../lib/gcc/arm-none-eabi/4.9.3/../../../../arm-none-eabi/lib/armv7-m\libg.a(lib_a-vfiprintf.o)
 .text.__swsetup_r
                0x200059dc       0xc4 c:/microsemi/softconsole_v4.0/arm-none-eabi-gcc/bin/../lib/gcc/arm-none-eabi/4.9.3/../../../../arm-none-eabi/lib/armv7-m\libg.a(lib_a-wsetup.o)
                0x200059dc                __swsetup_r
 .text.startup.register_fini
                0x20005aa0       0x14 c:/microsemi/softconsole_v4.0/arm-none-eabi-gcc/bin/../lib/gcc/arm-none-eabi/4.9.3/../../../../arm-none-eabi/lib/armv7-m\libg.a(lib_a-__call_atexit.o)
 .text.atexit   0x20005ab4        0xc c:/microsemi/softconsole_v4.0/arm-none-eabi-gcc/bin/../lib/gcc/arm-none-eabi/4.9.3/../../../../arm-none-eabi/lib/armv7-m\libg.a(lib_a-atexit.o)
                0x20005ab4                atexit
 .text.__sflush_r
                0x20005ac0      0x148 c:/microsemi/softconsole_v4.0/arm-none-eabi-gcc/bin/../lib/gcc/arm-none-eabi/4.9.3/../../../../arm-none-eabi/lib/armv7-m\libg.a(lib_a-fflush.o)
                0x20005ac0                __sflush_r
 .text._fflush_r
                0x20005c08       0x2c c:/microsemi/softconsole_v4.0/arm-none-eabi-gcc/bin/../lib/gcc/arm-none-eabi/4.9.3/../../../../arm-none-eabi/lib/armv7-m\libg.a(lib_a-fflush.o)
                0x20005c08                _fflush_r
 .text._cleanup_r
                0x20005c34        0xc c:/microsemi/softconsole_v4.0/arm-none-eabi-gcc/bin/../lib/gcc/arm-none-eabi/4.9.3/../../../../arm-none-eabi/lib/armv7-m\libg.a(lib_a-findfp.o)
                0x20005c34                _cleanup_r
 .text.__sinit.part.1
                0x20005c40       0xf0 c:/microsemi/softconsole_v4.0/arm-none-eabi-gcc/bin/../lib/gcc/arm-none-eabi/4.9.3/../../../../arm-none-eabi/lib/armv7-m\libg.a(lib_a-findfp.o)
 .text.__sinit  0x20005d30        0xc c:/microsemi/softconsole_v4.0/arm-none-eabi-gcc/bin/../lib/gcc/arm-none-eabi/4.9.3/../../../../arm-none-eabi/lib/armv7-m\libg.a(lib_a-findfp.o)
                0x20005d30                __sinit
 .text.__sfp_lock_acquire
                0x20005d3c        0x4 c:/microsemi/softconsole_v4.0/arm-none-eabi-gcc/bin/../lib/gcc/arm-none-eabi/4.9.3/../../../../arm-none-eabi/lib/armv7-m\libg.a(lib_a-findfp.o)
                0x20005d3c                __sfp_lock_acquire
 .text.__sfp_lock_release
                0x20005d40        0x4 c:/microsemi/softconsole_v4.0/arm-none-eabi-gcc/bin/../lib/gcc/arm-none-eabi/4.9.3/../../../../arm-none-eabi/lib/armv7-m\libg.a(lib_a-findfp.o)
                0x20005d40                __sfp_lock_release
 .text.__libc_fini_array
                0x20005d44       0x2c c:/microsemi/softconsole_v4.0/arm-none-eabi-gcc/bin/../lib/gcc/arm-none-eabi/4.9.3/../../../../arm-none-eabi/lib/armv7-m\libg.a(lib_a-fini.o)
                0x20005d44                __libc_fini_array
 .text.__fputwc
                0x20005d70       0xb0 c:/microsemi/softconsole_v4.0/arm-none-eabi-gcc/bin/../lib/gcc/arm-none-eabi/4.9.3/../../../../arm-none-eabi/lib/armv7-m\libg.a(lib_a-fputwc.o)
                0x20005d70                __fputwc
 .text._fputwc_r
                0x20005e20       0x24 c:/microsemi/softconsole_v4.0/arm-none-eabi-gcc/bin/../lib/gcc/arm-none-eabi/4.9.3/../../../../arm-none-eabi/lib/armv7-m\libg.a(lib_a-fputwc.o)
                0x20005e20                _fputwc_r
 .text._malloc_trim_r
                0x20005e44       0x9c c:/microsemi/softconsole_v4.0/arm-none-eabi-gcc/bin/../lib/gcc/arm-none-eabi/4.9.3/../../../../arm-none-eabi/lib/armv7-m\libg.a(lib_a-freer.o)
                0x20005e44                _malloc_trim_r
 .text._free_r  0x20005ee0      0x1b0 c:/microsemi/softconsole_v4.0/arm-none-eabi-gcc/bin/../lib/gcc/arm-none-eabi/4.9.3/../../../../arm-none-eabi/lib/armv7-m\libg.a(lib_a-freer.o)
                0x20005ee0                _free_r
 .text.__sfvwrite_r
                0x20006090      0x320 c:/microsemi/softconsole_v4.0/arm-none-eabi-gcc/bin/../lib/gcc/arm-none-eabi/4.9.3/../../../../arm-none-eabi/lib/armv7-m\libg.a(lib_a-fvwrite.o)
                0x20006090                __sfvwrite_r
 .text._fwalk_reent
                0x200063b0       0x50 c:/microsemi/softconsole_v4.0/arm-none-eabi-gcc/bin/../lib/gcc/arm-none-eabi/4.9.3/../../../../arm-none-eabi/lib/armv7-m\libg.a(lib_a-fwalk.o)
                0x200063b0                _fwalk_reent
 .text.__locale_charset
                0x20006400        0x8 c:/microsemi/softconsole_v4.0/arm-none-eabi-gcc/bin/../lib/gcc/arm-none-eabi/4.9.3/../../../../arm-none-eabi/lib/armv7-m\libg.a(lib_a-locale.o)
                0x20006400                __locale_charset
 .text.__locale_mb_cur_max
                0x20006408        0xc c:/microsemi/softconsole_v4.0/arm-none-eabi-gcc/bin/../lib/gcc/arm-none-eabi/4.9.3/../../../../arm-none-eabi/lib/armv7-m\libg.a(lib_a-locale.o)
                0x20006408                __locale_mb_cur_max
 .text.__smakebuf_r
                0x20006414       0xe0 c:/microsemi/softconsole_v4.0/arm-none-eabi-gcc/bin/../lib/gcc/arm-none-eabi/4.9.3/../../../../arm-none-eabi/lib/armv7-m\libg.a(lib_a-makebuf.o)
                0x20006414                __smakebuf_r
 .text._malloc_r
                0x200064f4      0x50c c:/microsemi/softconsole_v4.0/arm-none-eabi-gcc/bin/../lib/gcc/arm-none-eabi/4.9.3/../../../../arm-none-eabi/lib/armv7-m\libg.a(lib_a-mallocr.o)
                0x200064f4                _malloc_r
 .text.memchr   0x20006a00       0x94 c:/microsemi/softconsole_v4.0/arm-none-eabi-gcc/bin/../lib/gcc/arm-none-eabi/4.9.3/../../../../arm-none-eabi/lib/armv7-m\libg.a(lib_a-memchr.o)
                0x20006a00                memchr
 .text.memmove  0x20006a94       0xc8 c:/microsemi/softconsole_v4.0/arm-none-eabi-gcc/bin/../lib/gcc/arm-none-eabi/4.9.3/../../../../arm-none-eabi/lib/armv7-m\libg.a(lib_a-memmove.o)
                0x20006a94                memmove
 .text.__malloc_lock
                0x20006b5c        0x4 c:/microsemi/softconsole_v4.0/arm-none-eabi-gcc/bin/../lib/gcc/arm-none-eabi/4.9.3/../../../../arm-none-eabi/lib/armv7-m\libg.a(lib_a-mlock.o)
                0x20006b5c                __malloc_lock
 .text.__malloc_unlock
                0x20006b60        0x4 c:/microsemi/softconsole_v4.0/arm-none-eabi-gcc/bin/../lib/gcc/arm-none-eabi/4.9.3/../../../../arm-none-eabi/lib/armv7-m\libg.a(lib_a-mlock.o)
                0x20006b60                __malloc_unlock
 .text._realloc_r
                0x20006b64      0x3e0 c:/microsemi/softconsole_v4.0/arm-none-eabi-gcc/bin/../lib/gcc/arm-none-eabi/4.9.3/../../../../arm-none-eabi/lib/armv7-m\libg.a(lib_a-reallocr.o)
                0x20006b64                _realloc_r
 .text._sbrk_r  0x20006f44       0x24 c:/microsemi/softconsole_v4.0/arm-none-eabi-gcc/bin/../lib/gcc/arm-none-eabi/4.9.3/../../../../arm-none-eabi/lib/armv7-m\libg.a(lib_a-sbrkr.o)
                0x20006f44                _sbrk_r
 .text.__sread  0x20006f68       0x24 c:/microsemi/softconsole_v4.0/arm-none-eabi-gcc/bin/../lib/gcc/arm-none-eabi/4.9.3/../../../../arm-none-eabi/lib/armv7-m\libg.a(lib_a-stdio.o)
                0x20006f68                __sread
 .text.__swrite
                0x20006f8c       0x38 c:/microsemi/softconsole_v4.0/arm-none-eabi-gcc/bin/../lib/gcc/arm-none-eabi/4.9.3/../../../../arm-none-eabi/lib/armv7-m\libg.a(lib_a-stdio.o)
                0x20006f8c                __swrite
 .text.__sseek  0x20006fc4       0x20 c:/microsemi/softconsole_v4.0/arm-none-eabi-gcc/bin/../lib/gcc/arm-none-eabi/4.9.3/../../../../arm-none-eabi/lib/armv7-m\libg.a(lib_a-stdio.o)
                0x20006fc4                __sseek
 .text.__sclose
                0x20006fe4        0x8 c:/microsemi/softconsole_v4.0/arm-none-eabi-gcc/bin/../lib/gcc/arm-none-eabi/4.9.3/../../../../arm-none-eabi/lib/armv7-m\libg.a(lib_a-stdio.o)
                0x20006fe4                __sclose
 .text.strlen   0x20006fec       0x5c c:/microsemi/softconsole_v4.0/arm-none-eabi-gcc/bin/../lib/gcc/arm-none-eabi/4.9.3/../../../../arm-none-eabi/lib/armv7-m\libg.a(lib_a-strlen.o)
                0x20006fec                strlen
 .text.__swbuf_r
                0x20007048       0xa8 c:/microsemi/softconsole_v4.0/arm-none-eabi-gcc/bin/../lib/gcc/arm-none-eabi/4.9.3/../../../../arm-none-eabi/lib/armv7-m\libg.a(lib_a-wbuf.o)
                0x20007048                __swbuf_r
 .text._wcrtomb_r
                0x200070f0       0x54 c:/microsemi/softconsole_v4.0/arm-none-eabi-gcc/bin/../lib/gcc/arm-none-eabi/4.9.3/../../../../arm-none-eabi/lib/armv7-m\libg.a(lib_a-wcrtomb.o)
                0x200070f0                _wcrtomb_r
 .text.__ascii_wctomb
                0x20007144       0x1c c:/microsemi/softconsole_v4.0/arm-none-eabi-gcc/bin/../lib/gcc/arm-none-eabi/4.9.3/../../../../arm-none-eabi/lib/armv7-m\libg.a(lib_a-wctomb_r.o)
                0x20007144                __ascii_wctomb
 .text._write_r
                0x20007160       0x28 c:/microsemi/softconsole_v4.0/arm-none-eabi-gcc/bin/../lib/gcc/arm-none-eabi/4.9.3/../../../../arm-none-eabi/lib/armv7-m\libg.a(lib_a-writer.o)
                0x20007160                _write_r
 .text.__register_exitproc
                0x20007188       0xa4 c:/microsemi/softconsole_v4.0/arm-none-eabi-gcc/bin/../lib/gcc/arm-none-eabi/4.9.3/../../../../arm-none-eabi/lib/armv7-m\libg.a(lib_a-__atexit.o)
                0x20007188                __register_exitproc
 .text._close_r
                0x2000722c       0x24 c:/microsemi/softconsole_v4.0/arm-none-eabi-gcc/bin/../lib/gcc/arm-none-eabi/4.9.3/../../../../arm-none-eabi/lib/armv7-m\libg.a(lib_a-closer.o)
                0x2000722c                _close_r
 .text._fclose_r
                0x20007250       0x84 c:/microsemi/softconsole_v4.0/arm-none-eabi-gcc/bin/../lib/gcc/arm-none-eabi/4.9.3/../../../../arm-none-eabi/lib/armv7-m\libg.a(lib_a-fclose.o)
                0x20007250                _fclose_r
 .text._fstat_r
                0x200072d4       0x28 c:/microsemi/softconsole_v4.0/arm-none-eabi-gcc/bin/../lib/gcc/arm-none-eabi/4.9.3/../../../../arm-none-eabi/lib/armv7-m\libg.a(lib_a-fstatr.o)
                0x200072d4                _fstat_r
 .text._isatty_r
                0x200072fc       0x24 c:/microsemi/softconsole_v4.0/arm-none-eabi-gcc/bin/../lib/gcc/arm-none-eabi/4.9.3/../../../../arm-none-eabi/lib/armv7-m\libg.a(lib_a-isattyr.o)
                0x200072fc                _isatty_r
 .text._lseek_r
                0x20007320       0x28 c:/microsemi/softconsole_v4.0/arm-none-eabi-gcc/bin/../lib/gcc/arm-none-eabi/4.9.3/../../../../arm-none-eabi/lib/armv7-m\libg.a(lib_a-lseekr.o)
                0x20007320                _lseek_r
 .text._read_r  0x20007348       0x28 c:/microsemi/softconsole_v4.0/arm-none-eabi-gcc/bin/../lib/gcc/arm-none-eabi/4.9.3/../../../../arm-none-eabi/lib/armv7-m\libg.a(lib_a-readr.o)
                0x20007348                _read_r
 .text          0x20007370       0x30 c:/microsemi/softconsole_v4.0/arm-none-eabi-gcc/bin/../lib/gcc/arm-none-eabi/4.9.3/armv7-m\libgcc.a(_aeabi_uldivmod.o)
                0x20007370                __aeabi_uldivmod
 .text          0x200073a0       0x60 c:/microsemi/softconsole_v4.0/arm-none-eabi-gcc/bin/../lib/gcc/arm-none-eabi/4.9.3/armv7-m\libgcc.a(bpabi.o)
                0x200073a0                __gnu_ldivmod_helper
                0x200073d0                __gnu_uldivmod_helper
 .text          0x20007400        0x4 c:/microsemi/softconsole_v4.0/arm-none-eabi-gcc/bin/../lib/gcc/arm-none-eabi/4.9.3/armv7-m\libgcc.a(_dvmd_tls.o)
                0x20007400                __aeabi_idiv0
                0x20007400                __aeabi_ldiv0
 .text          0x20007404      0x2ac c:/microsemi/softconsole_v4.0/arm-none-eabi-gcc/bin/../lib/gcc/arm-none-eabi/4.9.3/armv7-m\libgcc.a(_divdi3.o)
                0x20007404                __divdi3
 .text          0x200076b0      0x270 c:/microsemi/softconsole_v4.0/arm-none-eabi-gcc/bin/../lib/gcc/arm-none-eabi/4.9.3/armv7-m\libgcc.a(_udivdi3.o)
                0x200076b0                __udivdi3
 .text.findslot
                0x20007920       0x38 c:/microsemi/softconsole_v4.0/arm-none-eabi-gcc/bin/../lib/gcc/arm-none-eabi/4.9.3/../../../../arm-none-eabi/lib/armv7-m\librdimon.a(rdimon-syscalls.o)
 .text.checkerror.part.0
                0x20007958       0x1c c:/microsemi/softconsole_v4.0/arm-none-eabi-gcc/bin/../lib/gcc/arm-none-eabi/4.9.3/../../../../arm-none-eabi/lib/armv7-m\librdimon.a(rdimon-syscalls.o)
 .text.initialise_monitor_handles
                0x20007974       0xa4 c:/microsemi/softconsole_v4.0/arm-none-eabi-gcc/bin/../lib/gcc/arm-none-eabi/4.9.3/../../../../arm-none-eabi/lib/armv7-m\librdimon.a(rdimon-syscalls.o)
                0x20007974                initialise_monitor_handles
 .text._swiread
                0x20007a18       0x28 c:/microsemi/softconsole_v4.0/arm-none-eabi-gcc/bin/../lib/gcc/arm-none-eabi/4.9.3/../../../../arm-none-eabi/lib/armv7-m\librdimon.a(rdimon-syscalls.o)
                0x20007a18                _swiread
 .text._read    0x20007a40       0x34 c:/microsemi/softconsole_v4.0/arm-none-eabi-gcc/bin/../lib/gcc/arm-none-eabi/4.9.3/../../../../arm-none-eabi/lib/armv7-m\librdimon.a(rdimon-syscalls.o)
                0x20007a40                _read
 .text._swilseek
                0x20007a74       0x94 c:/microsemi/softconsole_v4.0/arm-none-eabi-gcc/bin/../lib/gcc/arm-none-eabi/4.9.3/../../../../arm-none-eabi/lib/armv7-m\librdimon.a(rdimon-syscalls.o)
                0x20007a74                _swilseek
 .text._lseek   0x20007b08        0x4 c:/microsemi/softconsole_v4.0/arm-none-eabi-gcc/bin/../lib/gcc/arm-none-eabi/4.9.3/../../../../arm-none-eabi/lib/armv7-m\librdimon.a(rdimon-syscalls.o)
                0x20007b08                _lseek
 .text._swiwrite
                0x20007b0c       0x28 c:/microsemi/softconsole_v4.0/arm-none-eabi-gcc/bin/../lib/gcc/arm-none-eabi/4.9.3/../../../../arm-none-eabi/lib/armv7-m\librdimon.a(rdimon-syscalls.o)
                0x20007b0c                _swiwrite
 .text._write   0x20007b34       0x58 c:/microsemi/softconsole_v4.0/arm-none-eabi-gcc/bin/../lib/gcc/arm-none-eabi/4.9.3/../../../../arm-none-eabi/lib/armv7-m\librdimon.a(rdimon-syscalls.o)
                0x20007b34                _write
 .text._close   0x20007b8c       0x68 c:/microsemi/softconsole_v4.0/arm-none-eabi-gcc/bin/../lib/gcc/arm-none-eabi/4.9.3/../../../../arm-none-eabi/lib/armv7-m\librdimon.a(rdimon-syscalls.o)
                0x20007b8c                _close
 .text._sbrk    0x20007bf4       0x4c c:/microsemi/softconsole_v4.0/arm-none-eabi-gcc/bin/../lib/gcc/arm-none-eabi/4.9.3/../../../../arm-none-eabi/lib/armv7-m\librdimon.a(rdimon-syscalls.o)
                0x20007bf4                _sbrk
 .text._swistat
                0x20007c40       0x48 c:/microsemi/softconsole_v4.0/arm-none-eabi-gcc/bin/../lib/gcc/arm-none-eabi/4.9.3/../../../../arm-none-eabi/lib/armv7-m\librdimon.a(rdimon-syscalls.o)
                0x20007c40                _swistat
 .text._fstat   0x20007c88       0x1c c:/microsemi/softconsole_v4.0/arm-none-eabi-gcc/bin/../lib/gcc/arm-none-eabi/4.9.3/../../../../arm-none-eabi/lib/armv7-m\librdimon.a(rdimon-syscalls.o)
                0x20007c88                _fstat
 .text._isatty  0x20007ca4       0x3c c:/microsemi/softconsole_v4.0/arm-none-eabi-gcc/bin/../lib/gcc/arm-none-eabi/4.9.3/../../../../arm-none-eabi/lib/armv7-m\librdimon.a(rdimon-syscalls.o)
                0x20007ca4                _isatty
 .text.__errno  0x20007ce0        0xc c:/microsemi/softconsole_v4.0/arm-none-eabi-gcc/bin/../lib/gcc/arm-none-eabi/4.9.3/../../../../arm-none-eabi/lib/armv7-m\libc.a(lib_a-errno.o)
                0x20007ce0                __errno
 *(.plt)
 *(.gnu.warning)
 *(.glue_7t)
 .glue_7t       0x00000000        0x0 linker stubs
 *(.glue_7)
 .glue_7        0x00000000        0x0 linker stubs
 *(.vfp11_veneer)
 .vfp11_veneer  0x00000000        0x0 linker stubs
                0x20007cec                . = ALIGN (0x4)
 *crtbegin.o(.ctors)
 *(EXCLUDE_FILE(*crtend.o) .ctors)
 *(SORT(.ctors.*))
 *crtend.o(.ctors)
 *crtbegin.o(.dtors)
 *(EXCLUDE_FILE(*crtend.o) .dtors)
 *(SORT(.dtors.*))
 *crtend.o(.dtors)
 *(.rodata .rodata.* .gnu.linkonce.r.*)
 .rodata.g_pwm_id_mask_lut
                0x20007cec       0x11 ./drivers/CorePWM/core_pwm.o
 *fill*         0x20007cfd        0x3 
 .rodata.g_pwm_posedge_offset_lut
                0x20007d00       0x44 ./drivers/CorePWM/core_pwm.o
 .rodata.g_pwm_negedge_offset_lut
                0x20007d44       0x44 ./drivers/CorePWM/core_pwm.o
 .rodata        0x20007d88        0x8 ./CMSIS/system_m2sxxx.o
 .rodata        0x20007d90      0x3c3 ./main.o
 *fill*         0x20008153        0x1 
 .rodata.str1.4
                0x20008154        0x2 c:/microsemi/softconsole_v4.0/arm-none-eabi-gcc/bin/../lib/gcc/arm-none-eabi/4.9.3/../../../../arm-none-eabi/lib/armv7-m\libg.a(lib_a-impure.o)
 *fill*         0x20008156        0x2 
 .rodata._global_impure_ptr
                0x20008158        0x4 c:/microsemi/softconsole_v4.0/arm-none-eabi-gcc/bin/../lib/gcc/arm-none-eabi/4.9.3/../../../../arm-none-eabi/lib/armv7-m\libg.a(lib_a-impure.o)
                0x20008158                _global_impure_ptr
 .rodata.zeroes.6869
                0x2000815c       0x10 c:/microsemi/softconsole_v4.0/arm-none-eabi-gcc/bin/../lib/gcc/arm-none-eabi/4.9.3/../../../../arm-none-eabi/lib/armv7-m\libg.a(lib_a-vfiprintf.o)
 .rodata.str1.4
                0x2000816c       0x2f c:/microsemi/softconsole_v4.0/arm-none-eabi-gcc/bin/../lib/gcc/arm-none-eabi/4.9.3/../../../../arm-none-eabi/lib/armv7-m\libg.a(lib_a-vfiprintf.o)
 *fill*         0x2000819b        0x1 
 .rodata.blanks.6868
                0x2000819c       0x10 c:/microsemi/softconsole_v4.0/arm-none-eabi-gcc/bin/../lib/gcc/arm-none-eabi/4.9.3/../../../../arm-none-eabi/lib/armv7-m\libg.a(lib_a-vfiprintf.o)
 .rodata.str1.4
                0x200081ac        0x4 c:/microsemi/softconsole_v4.0/arm-none-eabi-gcc/bin/../lib/gcc/arm-none-eabi/4.9.3/../../../../arm-none-eabi/lib/armv7-m\librdimon.a(rdimon-syscalls.o)
 *(.ARM.extab* .gnu.linkonce.armextab.*)
 *(.gcc_except_table)
 *(.eh_frame_hdr)
 *(.eh_frame)
 .eh_frame      0x200081b0        0x0 c:/microsemi/softconsole_v4.0/arm-none-eabi-gcc/bin/../lib/gcc/arm-none-eabi/4.9.3/armv7-m/crtbegin.o
 *(.vector_table)
 *(.init)
 .init          0x200081b0        0x4 c:/microsemi/softconsole_v4.0/arm-none-eabi-gcc/bin/../lib/gcc/arm-none-eabi/4.9.3/armv7-m/crti.o
                0x200081b0                _init
 .init          0x200081b4        0x8 c:/microsemi/softconsole_v4.0/arm-none-eabi-gcc/bin/../lib/gcc/arm-none-eabi/4.9.3/armv7-m/crtn.o
 *(.fini)
 .fini          0x200081bc        0x4 c:/microsemi/softconsole_v4.0/arm-none-eabi-gcc/bin/../lib/gcc/arm-none-eabi/4.9.3/armv7-m/crti.o
                0x200081bc                _fini
 .fini          0x200081c0        0x8 c:/microsemi/softconsole_v4.0/arm-none-eabi-gcc/bin/../lib/gcc/arm-none-eabi/4.9.3/armv7-m/crtn.o
                0x200081c8                PROVIDE (__preinit_array_start, .)
 *(.preinit_array)
                0x200081c8                PROVIDE (__preinit_array_end, .)
                0x200081c8                PROVIDE (__init_array_start, .)
 *(SORT(.init_array.*))
 .init_array.00000
                0x200081c8        0x4 c:/microsemi/softconsole_v4.0/arm-none-eabi-gcc/bin/../lib/gcc/arm-none-eabi/4.9.3/../../../../arm-none-eabi/lib/armv7-m\libg.a(lib_a-__call_atexit.o)
 *(.init_array)
 .init_array    0x200081cc        0x4 c:/microsemi/softconsole_v4.0/arm-none-eabi-gcc/bin/../lib/gcc/arm-none-eabi/4.9.3/armv7-m/crtbegin.o
                0x200081d0                PROVIDE (__init_array_end, .)
                0x200081d0                PROVIDE (__fini_array_start, .)
 *(.fini_array)
 .fini_array    0x200081d0        0x4 c:/microsemi/softconsole_v4.0/arm-none-eabi-gcc/bin/../lib/gcc/arm-none-eabi/4.9.3/armv7-m/crtbegin.o
 *(SORT(.fini_array.*))
                0x200081d4                PROVIDE (__fini_array_end, .)
                0x200081e0                . = ALIGN (0x10)
 *fill*         0x200081d4        0xc 
                0x200081e0                __exidx_start = .

.v4_bx          0x200081e0        0x0
 .v4_bx         0x00000000        0x0 linker stubs

.iplt           0x200081e0        0x0
 .iplt          0x00000000        0x0 c:/microsemi/softconsole_v4.0/arm-none-eabi-gcc/bin/../lib/gcc/arm-none-eabi/4.9.3/armv7-m/crtbegin.o

.ARM.exidx      0x200081e0        0x8
 *(.ARM.exidx* .gnu.linkonce.armexidx.*)
 .ARM.exidx     0x200081e0        0x8 c:/microsemi/softconsole_v4.0/arm-none-eabi-gcc/bin/../lib/gcc/arm-none-eabi/4.9.3/armv7-m\libgcc.a(_divdi3.o)
 .ARM.exidx     0x200081e8        0x0 c:/microsemi/softconsole_v4.0/arm-none-eabi-gcc/bin/../lib/gcc/arm-none-eabi/4.9.3/armv7-m\libgcc.a(_udivdi3.o)
                                  0x8 (size before relaxing)
                0x200081e8                __exidx_end = .
                0x200081e8                _etext = .
                0x200081e8                PROVIDE (__text_end, .)

.rel.dyn        0x200081e8        0x0
 .rel.iplt      0x00000000        0x0 c:/microsemi/softconsole_v4.0/arm-none-eabi-gcc/bin/../lib/gcc/arm-none-eabi/4.9.3/armv7-m/crtbegin.o

.data           0x200081f0      0x890
                0x200081f0                __data_load = LOADADDR (.data)
                0x200081f0                _sidata = LOADADDR (.data)
                0x200081f0                __data_start = .
                0x200081f0                _sdata = .
 *(.jcr)
 .jcr           0x200081f0        0x0 c:/microsemi/softconsole_v4.0/arm-none-eabi-gcc/bin/../lib/gcc/arm-none-eabi/4.9.3/armv7-m/crtbegin.o
 .jcr           0x200081f0        0x4 c:/microsemi/softconsole_v4.0/arm-none-eabi-gcc/bin/../lib/gcc/arm-none-eabi/4.9.3/armv7-m/crtend.o
 *(.got.plt)
 *(.got)
 *(.shdata)
 *(.data .data.* .gnu.linkonce.d.*)
 .data.SystemCoreClock
                0x200081f4        0x4 ./CMSIS/system_m2sxxx.o
                0x200081f4                SystemCoreClock
 .data.g_FrequencyPCLK0
                0x200081f8        0x4 ./CMSIS/system_m2sxxx.o
                0x200081f8                g_FrequencyPCLK0
 .data.g_FrequencyPCLK1
                0x200081fc        0x4 ./CMSIS/system_m2sxxx.o
                0x200081fc                g_FrequencyPCLK1
 .data.g_FrequencyPCLK2
                0x20008200        0x4 ./CMSIS/system_m2sxxx.o
                0x20008200                g_FrequencyPCLK2
 .data.g_FrequencyFIC0
                0x20008204        0x4 ./CMSIS/system_m2sxxx.o
                0x20008204                g_FrequencyFIC0
 .data.g_FrequencyFIC1
                0x20008208        0x4 ./CMSIS/system_m2sxxx.o
                0x20008208                g_FrequencyFIC1
 .data.g_FrequencyFIC64
                0x2000820c        0x4 ./CMSIS/system_m2sxxx.o
                0x2000820c                g_FrequencyFIC64
 .data.g_message
                0x20008210        0x2 ./main.o
                0x20008210                g_message
 *fill*         0x20008212        0x2 
 .data.g_gpio_pattern
                0x20008214        0x4 ./main.o
                0x20008214                g_gpio_pattern
 .data.impure_data
                0x20008218      0x428 c:/microsemi/softconsole_v4.0/arm-none-eabi-gcc/bin/../lib/gcc/arm-none-eabi/4.9.3/../../../../arm-none-eabi/lib/armv7-m\libg.a(lib_a-impure.o)
 .data._impure_ptr
                0x20008640        0x4 c:/microsemi/softconsole_v4.0/arm-none-eabi-gcc/bin/../lib/gcc/arm-none-eabi/4.9.3/../../../../arm-none-eabi/lib/armv7-m\libg.a(lib_a-impure.o)
                0x20008640                _impure_ptr
 .data.lc_ctype_charset
                0x20008644       0x20 c:/microsemi/softconsole_v4.0/arm-none-eabi-gcc/bin/../lib/gcc/arm-none-eabi/4.9.3/../../../../arm-none-eabi/lib/armv7-m\libg.a(lib_a-locale.o)
 .data.__mb_cur_max
                0x20008664        0x4 c:/microsemi/softconsole_v4.0/arm-none-eabi-gcc/bin/../lib/gcc/arm-none-eabi/4.9.3/../../../../arm-none-eabi/lib/armv7-m\libg.a(lib_a-locale.o)
                0x20008664                __mb_cur_max
 .data.__malloc_av_
                0x20008668      0x408 c:/microsemi/softconsole_v4.0/arm-none-eabi-gcc/bin/../lib/gcc/arm-none-eabi/4.9.3/../../../../arm-none-eabi/lib/armv7-m\libg.a(lib_a-mallocr.o)
                0x20008668                __malloc_av_
 .data.__malloc_trim_threshold
                0x20008a70        0x4 c:/microsemi/softconsole_v4.0/arm-none-eabi-gcc/bin/../lib/gcc/arm-none-eabi/4.9.3/../../../../arm-none-eabi/lib/armv7-m\libg.a(lib_a-mallocr.o)
                0x20008a70                __malloc_trim_threshold
 .data.__malloc_sbrk_base
                0x20008a74        0x4 c:/microsemi/softconsole_v4.0/arm-none-eabi-gcc/bin/../lib/gcc/arm-none-eabi/4.9.3/../../../../arm-none-eabi/lib/armv7-m\libg.a(lib_a-mallocr.o)
                0x20008a74                __malloc_sbrk_base
 .data.__wctomb
                0x20008a78        0x4 c:/microsemi/softconsole_v4.0/arm-none-eabi-gcc/bin/../lib/gcc/arm-none-eabi/4.9.3/../../../../arm-none-eabi/lib/armv7-m\libg.a(lib_a-wctomb_r.o)
                0x20008a78                __wctomb
 .data.__heap_limit
                0x20008a7c        0x4 c:/microsemi/softconsole_v4.0/arm-none-eabi-gcc/bin/../lib/gcc/arm-none-eabi/4.9.3/../../../../arm-none-eabi/lib/armv7-m\librdimon.a(rdimon-syscalls.o)
                0x20008a7c                __heap_limit
                0x20008a80                . = ALIGN (0x10)
                0x20008a80                _edata = .

.igot.plt       0x20008a80        0x0
 .igot.plt      0x00000000        0x0 c:/microsemi/softconsole_v4.0/arm-none-eabi-gcc/bin/../lib/gcc/arm-none-eabi/4.9.3/armv7-m/crtbegin.o

.bss            0x20008a80      0x270
                0x20008a80                __bss_start__ = .
                0x20008a80                _sbss = .
 *(.shbss)
 *(.bss .bss.* .gnu.linkonce.b.*)
 .bss           0x20008a80       0x1c c:/microsemi/softconsole_v4.0/arm-none-eabi-gcc/bin/../lib/gcc/arm-none-eabi/4.9.3/armv7-m/crtbegin.o
 .bss.g_comblk_cmd_opcode
                0x20008a9c        0x1 ./drivers/mss_sys_services/mss_comblk.o
 *fill*         0x20008a9d        0x3 
 .bss.g_comblk_p_cmd
                0x20008aa0        0x4 ./drivers/mss_sys_services/mss_comblk.o
 .bss.g_comblk_cmd_size
                0x20008aa4        0x2 ./drivers/mss_sys_services/mss_comblk.o
 *fill*         0x20008aa6        0x2 
 .bss.g_comblk_p_data
                0x20008aa8        0x4 ./drivers/mss_sys_services/mss_comblk.o
 .bss.g_comblk_data_size
                0x20008aac        0x4 ./drivers/mss_sys_services/mss_comblk.o
 .bss.g_comblk_p_response
                0x20008ab0        0x4 ./drivers/mss_sys_services/mss_comblk.o
 .bss.g_comblk_response_size
                0x20008ab4        0x2 ./drivers/mss_sys_services/mss_comblk.o
 .bss.g_comblk_response_idx
                0x20008ab6        0x2 ./drivers/mss_sys_services/mss_comblk.o
 .bss.g_comblk_completion_handler
                0x20008ab8        0x4 ./drivers/mss_sys_services/mss_comblk.o
 .bss.g_comblk_page_handler
                0x20008abc        0x4 ./drivers/mss_sys_services/mss_comblk.o
 .bss.g_request_in_progress
                0x20008ac0        0x1 ./drivers/mss_sys_services/mss_comblk.o
 .bss.g_comblk_state
                0x20008ac1        0x1 ./drivers/mss_sys_services/mss_comblk.o
 *fill*         0x20008ac2        0x2 
 .bss.g_async_event_handler
                0x20008ac4        0x4 ./drivers/mss_sys_services/mss_comblk.o
 .bss.g_transfer
                0x20008ac8       0x18 ./drivers/mss_hpdma/mss_hpdma.o
 .bss.g_hpdma_end_desc
                0x20008ae0        0x4 ./drivers/mss_hpdma/mss_hpdma.o
 .bss.g_hpdma_current_desc
                0x20008ae4        0x4 ./drivers/mss_hpdma/mss_hpdma.o
 .bss.__malloc_max_total_mem
                0x20008ae8        0x4 c:/microsemi/softconsole_v4.0/arm-none-eabi-gcc/bin/../lib/gcc/arm-none-eabi/4.9.3/../../../../arm-none-eabi/lib/armv7-m\libg.a(lib_a-mallocr.o)
                0x20008ae8                __malloc_max_total_mem
 .bss.__malloc_max_sbrked_mem
                0x20008aec        0x4 c:/microsemi/softconsole_v4.0/arm-none-eabi-gcc/bin/../lib/gcc/arm-none-eabi/4.9.3/../../../../arm-none-eabi/lib/armv7-m\libg.a(lib_a-mallocr.o)
                0x20008aec                __malloc_max_sbrked_mem
 .bss.__malloc_top_pad
                0x20008af0        0x4 c:/microsemi/softconsole_v4.0/arm-none-eabi-gcc/bin/../lib/gcc/arm-none-eabi/4.9.3/../../../../arm-none-eabi/lib/armv7-m\libg.a(lib_a-mallocr.o)
                0x20008af0                __malloc_top_pad
 .bss.__malloc_current_mallinfo
                0x20008af4       0x28 c:/microsemi/softconsole_v4.0/arm-none-eabi-gcc/bin/../lib/gcc/arm-none-eabi/4.9.3/../../../../arm-none-eabi/lib/armv7-m\libg.a(lib_a-mallocr.o)
                0x20008af4                __malloc_current_mallinfo
 .bss.monitor_stdout
                0x20008b1c        0x4 c:/microsemi/softconsole_v4.0/arm-none-eabi-gcc/bin/../lib/gcc/arm-none-eabi/4.9.3/../../../../arm-none-eabi/lib/armv7-m\librdimon.a(rdimon-syscalls.o)
 .bss.heap_end.5994
                0x20008b20        0x4 c:/microsemi/softconsole_v4.0/arm-none-eabi-gcc/bin/../lib/gcc/arm-none-eabi/4.9.3/../../../../arm-none-eabi/lib/armv7-m\librdimon.a(rdimon-syscalls.o)
 .bss.monitor_stdin
                0x20008b24        0x4 c:/microsemi/softconsole_v4.0/arm-none-eabi-gcc/bin/../lib/gcc/arm-none-eabi/4.9.3/../../../../arm-none-eabi/lib/armv7-m\librdimon.a(rdimon-syscalls.o)
 .bss.monitor_stderr
                0x20008b28        0x4 c:/microsemi/softconsole_v4.0/arm-none-eabi-gcc/bin/../lib/gcc/arm-none-eabi/4.9.3/../../../../arm-none-eabi/lib/armv7-m\librdimon.a(rdimon-syscalls.o)
 .bss.openfiles
                0x20008b2c       0xa0 c:/microsemi/softconsole_v4.0/arm-none-eabi-gcc/bin/../lib/gcc/arm-none-eabi/4.9.3/../../../../arm-none-eabi/lib/armv7-m\librdimon.a(rdimon-syscalls.o)
 *(COMMON)
 COMMON         0x20008bcc      0x108 ./drivers/mss_spi/mss_spi.o
                0x20008bcc                g_mss_spi1
                0x20008c50                g_mss_spi0
 COMMON         0x20008cd4       0x14 ./main.o
                0x20008cd4                g_gpio
                0x20008cdc                g_uart
                0x20008ce4                the_pwm
 COMMON         0x20008ce8        0x4 c:/microsemi/softconsole_v4.0/arm-none-eabi-gcc/bin/../lib/gcc/arm-none-eabi/4.9.3/../../../../arm-none-eabi/lib/armv7-m\libg.a(lib_a-reent.o)
                0x20008ce8                errno
                0x20008cf0                . = ALIGN (0x10)
 *fill*         0x20008cec        0x4 
                0x20008cf0                __bss_end__ = .
                0x20008cf0                _end = .
                0x20008cf0                __end = _end
                0x20008cf0                _ebss = .
                0x20008cf0                PROVIDE (end, .)

.heap           0x20008cf0     0x6310
                0x20008cf0                __heap_start__ = .
                0x20009cf0                . = (. + MIN_SIZE_HEAP)
 *fill*         0x20008cf0     0x1000 
                0x2000f000                . = (. + (((ABSOLUTE (RAM_START_ADDRESS) + RAM_SIZE) - MAIN_STACK_SIZE) - .))
 *fill*         0x20009cf0     0x5310 
                0x2000f000                _eheap = .

.stack          0x2000f000     0x1000
                0x2000f000                __stack_start__ = .
                0x20010000                . = (. + MAIN_STACK_SIZE)
 *fill*         0x2000f000     0x1000 
                0x20010000                _estack = .

.stab
 *(.stab)

.stabstr
 *(.stabstr)

.debug
 *(.debug)

.line
 *(.line)

.debug_srcinfo
 *(.debug_srcinfo)

.debug_sfnames
 *(.debug_sfnames)

.debug_aranges  0x00000000      0x8f0
 *(.debug_aranges)
 .debug_aranges
                0x00000000       0x20 ./hal/CortexM3/GNU/hal.o
 .debug_aranges
                0x00000020       0x20 ./hal/CortexM3/GNU/hw_reg_access.o
 .debug_aranges
                0x00000040       0x48 ./hal/CortexM3/cortex_nvic.o
 .debug_aranges
                0x00000088       0x18 ./drivers_config/sys_config/sys_config.o
 .debug_aranges
                0x000000a0       0x90 ./drivers/mss_sys_services/mss_comblk.o
 .debug_aranges
                0x00000130      0x1c8 ./drivers/mss_sys_services/mss_sys_services.o
 .debug_aranges
                0x000002f8       0xe0 ./drivers/mss_spi/mss_spi.o
 .debug_aranges
                0x000003d8       0xc0 ./drivers/mss_rtc/mss_rtc.o
 .debug_aranges
                0x00000498       0x80 ./drivers/mss_nvm/mss_nvm.o
 .debug_aranges
                0x00000518       0x80 ./drivers/mss_hpdma/mss_hpdma.o
 .debug_aranges
                0x00000598       0x48 ./drivers/CoreUARTapb/core_uart_apb.o
 .debug_aranges
                0x000005e0       0xb8 ./drivers/CorePWM/core_pwm.o
 .debug_aranges
                0x00000698       0x68 ./drivers/CoreGPIO/core_gpio.o
 .debug_aranges
                0x00000700       0x20 ./CMSIS/startup_gcc/startup_m2sxxx.o
 .debug_aranges
                0x00000720       0x50 ./CMSIS/system_m2sxxx.o
 .debug_aranges
                0x00000770      0x180 ./main.o

.debug_pubnames
 *(.debug_pubnames)

.debug_info     0x00000000     0xab41
 *(.debug_info .gnu.linkonce.wi.*)
 .debug_info    0x00000000       0x9c ./hal/CortexM3/GNU/hal.o
 .debug_info    0x0000009c       0xa6 ./hal/CortexM3/GNU/hw_reg_access.o
 .debug_info    0x00000142      0x18b ./hal/CortexM3/cortex_nvic.o
 .debug_info    0x000002cd       0x96 ./drivers_config/sys_config/sys_config.o
 .debug_info    0x00000363      0xb0d ./drivers/mss_sys_services/mss_comblk.o
 .debug_info    0x00000e70     0x1e16 ./drivers/mss_sys_services/mss_sys_services.o
 .debug_info    0x00002c86     0x1592 ./drivers/mss_spi/mss_spi.o
 .debug_info    0x00004218     0x1165 ./drivers/mss_rtc/mss_rtc.o
 .debug_info    0x0000537d     0x114e ./drivers/mss_nvm/mss_nvm.o
 .debug_info    0x000064cb     0x1169 ./drivers/mss_hpdma/mss_hpdma.o
 .debug_info    0x00007634      0x374 ./drivers/CoreUARTapb/core_uart_apb.o
 .debug_info    0x000079a8      0xaeb ./drivers/CorePWM/core_pwm.o
 .debug_info    0x00008493      0x56d ./drivers/CoreGPIO/core_gpio.o
 .debug_info    0x00008a00       0xa8 ./CMSIS/startup_gcc/startup_m2sxxx.o
 .debug_info    0x00008aa8      0xaa3 ./CMSIS/system_m2sxxx.o
 .debug_info    0x0000954b     0x15f6 ./main.o

.debug_abbrev   0x00000000     0x15ff
 *(.debug_abbrev)
 .debug_abbrev  0x00000000       0x14 ./hal/CortexM3/GNU/hal.o
 .debug_abbrev  0x00000014       0x14 ./hal/CortexM3/GNU/hw_reg_access.o
 .debug_abbrev  0x00000028       0xa3 ./hal/CortexM3/cortex_nvic.o
 .debug_abbrev  0x000000cb       0x4e ./drivers_config/sys_config/sys_config.o
 .debug_abbrev  0x00000119      0x1d2 ./drivers/mss_sys_services/mss_comblk.o
 .debug_abbrev  0x000002eb      0x251 ./drivers/mss_sys_services/mss_sys_services.o
 .debug_abbrev  0x0000053c      0x22c ./drivers/mss_spi/mss_spi.o
 .debug_abbrev  0x00000768      0x268 ./drivers/mss_rtc/mss_rtc.o
 .debug_abbrev  0x000009d0      0x1cb ./drivers/mss_nvm/mss_nvm.o
 .debug_abbrev  0x00000b9b      0x246 ./drivers/mss_hpdma/mss_hpdma.o
 .debug_abbrev  0x00000de1      0x10d ./drivers/CoreUARTapb/core_uart_apb.o
 .debug_abbrev  0x00000eee      0x168 ./drivers/CorePWM/core_pwm.o
 .debug_abbrev  0x00001056      0x140 ./drivers/CoreGPIO/core_gpio.o
 .debug_abbrev  0x00001196       0x14 ./CMSIS/startup_gcc/startup_m2sxxx.o
 .debug_abbrev  0x000011aa      0x189 ./CMSIS/system_m2sxxx.o
 .debug_abbrev  0x00001333      0x2cc ./main.o

.debug_line     0x00000000     0x50d2
 *(.debug_line)
 .debug_line    0x00000000       0x4d ./hal/CortexM3/GNU/hal.o
 .debug_line    0x0000004d       0x8b ./hal/CortexM3/GNU/hw_reg_access.o
 .debug_line    0x000000d8      0x2b0 ./hal/CortexM3/cortex_nvic.o
 .debug_line    0x00000388      0x2aa ./drivers_config/sys_config/sys_config.o
 .debug_line    0x00000632      0x53d ./drivers/mss_sys_services/mss_comblk.o
 .debug_line    0x00000b6f      0xdaf ./drivers/mss_sys_services/mss_sys_services.o
 .debug_line    0x0000191e      0x7c9 ./drivers/mss_spi/mss_spi.o
 .debug_line    0x000020e7      0x676 ./drivers/mss_rtc/mss_rtc.o
 .debug_line    0x0000275d      0x696 ./drivers/mss_nvm/mss_nvm.o
 .debug_line    0x00002df3      0x467 ./drivers/mss_hpdma/mss_hpdma.o
 .debug_line    0x0000325a      0x43f ./drivers/CoreUARTapb/core_uart_apb.o
 .debug_line    0x00003699      0x6c6 ./drivers/CorePWM/core_pwm.o
 .debug_line    0x00003d5f      0x47c ./drivers/CoreGPIO/core_gpio.o
 .debug_line    0x000041db      0x190 ./CMSIS/startup_gcc/startup_m2sxxx.o
 .debug_line    0x0000436b      0x354 ./CMSIS/system_m2sxxx.o
 .debug_line    0x000046bf      0xa13 ./main.o

.debug_frame    0x00000000     0x32ec
 *(.debug_frame)
 .debug_frame   0x00000000       0xf8 ./hal/CortexM3/cortex_nvic.o
 .debug_frame   0x000000f8      0x240 ./drivers/mss_sys_services/mss_comblk.o
 .debug_frame   0x00000338      0x7e0 ./drivers/mss_sys_services/mss_sys_services.o
 .debug_frame   0x00000b18      0x3c0 ./drivers/mss_spi/mss_spi.o
 .debug_frame   0x00000ed8      0x324 ./drivers/mss_rtc/mss_rtc.o
 .debug_frame   0x000011fc      0x208 ./drivers/mss_nvm/mss_nvm.o
 .debug_frame   0x00001404      0x210 ./drivers/mss_hpdma/mss_hpdma.o
 .debug_frame   0x00001614       0xf0 ./drivers/CoreUARTapb/core_uart_apb.o
 .debug_frame   0x00001704      0x2e0 ./drivers/CorePWM/core_pwm.o
 .debug_frame   0x000019e4      0x178 ./drivers/CoreGPIO/core_gpio.o
 .debug_frame   0x00001b5c      0x10c ./CMSIS/system_m2sxxx.o
 .debug_frame   0x00001c68      0x628 ./main.o
 .debug_frame   0x00002290       0x28 c:/microsemi/softconsole_v4.0/arm-none-eabi-gcc/bin/../lib/gcc/arm-none-eabi/4.9.3/../../../../arm-none-eabi/lib/armv7-m\libg.a(lib_a-exit.o)
 .debug_frame   0x000022b8       0x2c c:/microsemi/softconsole_v4.0/arm-none-eabi-gcc/bin/../lib/gcc/arm-none-eabi/4.9.3/../../../../arm-none-eabi/lib/armv7-m\libg.a(lib_a-init.o)
 .debug_frame   0x000022e4       0x78 c:/microsemi/softconsole_v4.0/arm-none-eabi-gcc/bin/../lib/gcc/arm-none-eabi/4.9.3/../../../../arm-none-eabi/lib/armv7-m\libg.a(lib_a-iprintf.o)
 .debug_frame   0x0000235c       0x34 c:/microsemi/softconsole_v4.0/arm-none-eabi-gcc/bin/../lib/gcc/arm-none-eabi/4.9.3/../../../../arm-none-eabi/lib/armv7-m\libg.a(lib_a-memset.o)
 .debug_frame   0x00002390       0xd8 c:/microsemi/softconsole_v4.0/arm-none-eabi-gcc/bin/../lib/gcc/arm-none-eabi/4.9.3/../../../../arm-none-eabi/lib/armv7-m\libg.a(lib_a-vfiprintf.o)
 .debug_frame   0x00002468       0x2c c:/microsemi/softconsole_v4.0/arm-none-eabi-gcc/bin/../lib/gcc/arm-none-eabi/4.9.3/../../../../arm-none-eabi/lib/armv7-m\libg.a(lib_a-wsetup.o)
 .debug_frame   0x00002494       0x50 c:/microsemi/softconsole_v4.0/arm-none-eabi-gcc/bin/../lib/gcc/arm-none-eabi/4.9.3/../../../../arm-none-eabi/lib/armv7-m\libg.a(lib_a-__call_atexit.o)
 .debug_frame   0x000024e4       0x20 c:/microsemi/softconsole_v4.0/arm-none-eabi-gcc/bin/../lib/gcc/arm-none-eabi/4.9.3/../../../../arm-none-eabi/lib/armv7-m\libg.a(lib_a-atexit.o)
 .debug_frame   0x00002504       0x6c c:/microsemi/softconsole_v4.0/arm-none-eabi-gcc/bin/../lib/gcc/arm-none-eabi/4.9.3/../../../../arm-none-eabi/lib/armv7-m\libg.a(lib_a-fflush.o)
 .debug_frame   0x00002570      0x124 c:/microsemi/softconsole_v4.0/arm-none-eabi-gcc/bin/../lib/gcc/arm-none-eabi/4.9.3/../../../../arm-none-eabi/lib/armv7-m\libg.a(lib_a-findfp.o)
 .debug_frame   0x00002694       0x34 c:/microsemi/softconsole_v4.0/arm-none-eabi-gcc/bin/../lib/gcc/arm-none-eabi/4.9.3/../../../../arm-none-eabi/lib/armv7-m\libg.a(lib_a-fini.o)
 .debug_frame   0x000026c8       0x84 c:/microsemi/softconsole_v4.0/arm-none-eabi-gcc/bin/../lib/gcc/arm-none-eabi/4.9.3/../../../../arm-none-eabi/lib/armv7-m\libg.a(lib_a-fputwc.o)
 .debug_frame   0x0000274c       0x74 c:/microsemi/softconsole_v4.0/arm-none-eabi-gcc/bin/../lib/gcc/arm-none-eabi/4.9.3/../../../../arm-none-eabi/lib/armv7-m\libg.a(lib_a-freer.o)
 .debug_frame   0x000027c0       0x68 c:/microsemi/softconsole_v4.0/arm-none-eabi-gcc/bin/../lib/gcc/arm-none-eabi/4.9.3/../../../../arm-none-eabi/lib/armv7-m\libg.a(lib_a-fvwrite.o)
 .debug_frame   0x00002828       0x54 c:/microsemi/softconsole_v4.0/arm-none-eabi-gcc/bin/../lib/gcc/arm-none-eabi/4.9.3/../../../../arm-none-eabi/lib/armv7-m\libg.a(lib_a-fwalk.o)
 .debug_frame   0x0000287c       0x9c c:/microsemi/softconsole_v4.0/arm-none-eabi-gcc/bin/../lib/gcc/arm-none-eabi/4.9.3/../../../../arm-none-eabi/lib/armv7-m\libg.a(lib_a-locale.o)
 .debug_frame   0x00002918       0x48 c:/microsemi/softconsole_v4.0/arm-none-eabi-gcc/bin/../lib/gcc/arm-none-eabi/4.9.3/../../../../arm-none-eabi/lib/armv7-m\libg.a(lib_a-makebuf.o)
 .debug_frame   0x00002960       0x54 c:/microsemi/softconsole_v4.0/arm-none-eabi-gcc/bin/../lib/gcc/arm-none-eabi/4.9.3/../../../../arm-none-eabi/lib/armv7-m\libg.a(lib_a-mallocr.o)
 .debug_frame   0x000029b4       0x3c c:/microsemi/softconsole_v4.0/arm-none-eabi-gcc/bin/../lib/gcc/arm-none-eabi/4.9.3/../../../../arm-none-eabi/lib/armv7-m\libg.a(lib_a-memchr.o)
 .debug_frame   0x000029f0       0x30 c:/microsemi/softconsole_v4.0/arm-none-eabi-gcc/bin/../lib/gcc/arm-none-eabi/4.9.3/../../../../arm-none-eabi/lib/armv7-m\libg.a(lib_a-memmove.o)
 .debug_frame   0x00002a20       0x30 c:/microsemi/softconsole_v4.0/arm-none-eabi-gcc/bin/../lib/gcc/arm-none-eabi/4.9.3/../../../../arm-none-eabi/lib/armv7-m\libg.a(lib_a-mlock.o)
 .debug_frame   0x00002a50       0x58 c:/microsemi/softconsole_v4.0/arm-none-eabi-gcc/bin/../lib/gcc/arm-none-eabi/4.9.3/../../../../arm-none-eabi/lib/armv7-m\libg.a(lib_a-reallocr.o)
 .debug_frame   0x00002aa8       0x2c c:/microsemi/softconsole_v4.0/arm-none-eabi-gcc/bin/../lib/gcc/arm-none-eabi/4.9.3/../../../../arm-none-eabi/lib/armv7-m\libg.a(lib_a-sbrkr.o)
 .debug_frame   0x00002ad4       0x88 c:/microsemi/softconsole_v4.0/arm-none-eabi-gcc/bin/../lib/gcc/arm-none-eabi/4.9.3/../../../../arm-none-eabi/lib/armv7-m\libg.a(lib_a-stdio.o)
 .debug_frame   0x00002b5c       0x20 c:/microsemi/softconsole_v4.0/arm-none-eabi-gcc/bin/../lib/gcc/arm-none-eabi/4.9.3/../../../../arm-none-eabi/lib/armv7-m\libg.a(lib_a-strlen.o)
 .debug_frame   0x00002b7c       0x3c c:/microsemi/softconsole_v4.0/arm-none-eabi-gcc/bin/../lib/gcc/arm-none-eabi/4.9.3/../../../../arm-none-eabi/lib/armv7-m\libg.a(lib_a-wbuf.o)
 .debug_frame   0x00002bb8       0x60 c:/microsemi/softconsole_v4.0/arm-none-eabi-gcc/bin/../lib/gcc/arm-none-eabi/4.9.3/../../../../arm-none-eabi/lib/armv7-m\libg.a(lib_a-wcrtomb.o)
 .debug_frame   0x00002c18       0x48 c:/microsemi/softconsole_v4.0/arm-none-eabi-gcc/bin/../lib/gcc/arm-none-eabi/4.9.3/../../../../arm-none-eabi/lib/armv7-m\libg.a(lib_a-wctomb_r.o)
 .debug_frame   0x00002c60       0x2c c:/microsemi/softconsole_v4.0/arm-none-eabi-gcc/bin/../lib/gcc/arm-none-eabi/4.9.3/../../../../arm-none-eabi/lib/armv7-m\libg.a(lib_a-writer.o)
 .debug_frame   0x00002c8c       0x34 c:/microsemi/softconsole_v4.0/arm-none-eabi-gcc/bin/../lib/gcc/arm-none-eabi/4.9.3/../../../../arm-none-eabi/lib/armv7-m\libg.a(lib_a-__atexit.o)
 .debug_frame   0x00002cc0       0x2c c:/microsemi/softconsole_v4.0/arm-none-eabi-gcc/bin/../lib/gcc/arm-none-eabi/4.9.3/../../../../arm-none-eabi/lib/armv7-m\libg.a(lib_a-closer.o)
 .debug_frame   0x00002cec       0x44 c:/microsemi/softconsole_v4.0/arm-none-eabi-gcc/bin/../lib/gcc/arm-none-eabi/4.9.3/../../../../arm-none-eabi/lib/armv7-m\libg.a(lib_a-fclose.o)
 .debug_frame   0x00002d30       0x2c c:/microsemi/softconsole_v4.0/arm-none-eabi-gcc/bin/../lib/gcc/arm-none-eabi/4.9.3/../../../../arm-none-eabi/lib/armv7-m\libg.a(lib_a-fstatr.o)
 .debug_frame   0x00002d5c       0x2c c:/microsemi/softconsole_v4.0/arm-none-eabi-gcc/bin/../lib/gcc/arm-none-eabi/4.9.3/../../../../arm-none-eabi/lib/armv7-m\libg.a(lib_a-isattyr.o)
 .debug_frame   0x00002d88       0x2c c:/microsemi/softconsole_v4.0/arm-none-eabi-gcc/bin/../lib/gcc/arm-none-eabi/4.9.3/../../../../arm-none-eabi/lib/armv7-m\libg.a(lib_a-lseekr.o)
 .debug_frame   0x00002db4       0x2c c:/microsemi/softconsole_v4.0/arm-none-eabi-gcc/bin/../lib/gcc/arm-none-eabi/4.9.3/../../../../arm-none-eabi/lib/armv7-m\libg.a(lib_a-readr.o)
 .debug_frame   0x00002de0       0x58 c:/microsemi/softconsole_v4.0/arm-none-eabi-gcc/bin/../lib/gcc/arm-none-eabi/4.9.3/../../../../arm-none-eabi/lib/armv7-m\libg.a(lib_a-reent.o)
 .debug_frame   0x00002e38       0x28 c:/microsemi/softconsole_v4.0/arm-none-eabi-gcc/bin/../lib/gcc/arm-none-eabi/4.9.3/armv7-m\libgcc.a(_aeabi_uldivmod.o)
 .debug_frame   0x00002e60       0x54 c:/microsemi/softconsole_v4.0/arm-none-eabi-gcc/bin/../lib/gcc/arm-none-eabi/4.9.3/armv7-m\libgcc.a(bpabi.o)
 .debug_frame   0x00002eb4       0x34 c:/microsemi/softconsole_v4.0/arm-none-eabi-gcc/bin/../lib/gcc/arm-none-eabi/4.9.3/armv7-m\libgcc.a(_divdi3.o)
 .debug_frame   0x00002ee8       0x34 c:/microsemi/softconsole_v4.0/arm-none-eabi-gcc/bin/../lib/gcc/arm-none-eabi/4.9.3/armv7-m\libgcc.a(_udivdi3.o)
 .debug_frame   0x00002f1c      0x364 c:/microsemi/softconsole_v4.0/arm-none-eabi-gcc/bin/../lib/gcc/arm-none-eabi/4.9.3/../../../../arm-none-eabi/lib/armv7-m\librdimon.a(rdimon-syscalls.o)
 .debug_frame   0x00003280       0x20 c:/microsemi/softconsole_v4.0/arm-none-eabi-gcc/bin/../lib/gcc/arm-none-eabi/4.9.3/../../../../arm-none-eabi/lib/armv7-m\librdimon.a(rdimon-_exit.o)
 .debug_frame   0x000032a0       0x2c c:/microsemi/softconsole_v4.0/arm-none-eabi-gcc/bin/../lib/gcc/arm-none-eabi/4.9.3/../../../../arm-none-eabi/lib/armv7-m\librdimon.a(rdimon-_kill.o)
 .debug_frame   0x000032cc       0x20 c:/microsemi/softconsole_v4.0/arm-none-eabi-gcc/bin/../lib/gcc/arm-none-eabi/4.9.3/../../../../arm-none-eabi/lib/armv7-m\libc.a(lib_a-errno.o)

.debug_str      0x00000000    0x14a94
 *(.debug_str)
 .debug_str     0x00000000     0x34b3 ./hal/CortexM3/cortex_nvic.o
                               0x3630 (size before relaxing)
 .debug_str     0x000034b3     0x5708 ./drivers_config/sys_config/sys_config.o
                               0x8724 (size before relaxing)
 .debug_str     0x00008bbb      0xa28 ./drivers/mss_sys_services/mss_comblk.o
                               0x94ed (size before relaxing)
 .debug_str     0x000095e3     0x4b0c ./drivers/mss_sys_services/mss_sys_services.o
                               0xd70f (size before relaxing)
 .debug_str     0x0000e0ef      0xae6 ./drivers/mss_spi/mss_spi.o
                               0xc27a (size before relaxing)
 .debug_str     0x0000ebd5      0x832 ./drivers/mss_rtc/mss_rtc.o
                               0xbeb9 (size before relaxing)
 .debug_str     0x0000f407      0xce6 ./drivers/mss_nvm/mss_nvm.o
                               0x9e50 (size before relaxing)
 .debug_str     0x000100ed      0x754 ./drivers/mss_hpdma/mss_hpdma.o
                               0x9e07 (size before relaxing)
 .debug_str     0x00010841      0xf46 ./drivers/CoreUARTapb/core_uart_apb.o
                               0x44ff (size before relaxing)
 .debug_str     0x00011787      0xe48 ./drivers/CorePWM/core_pwm.o
                               0x4b70 (size before relaxing)
 .debug_str     0x000125cf      0x996 ./drivers/CoreGPIO/core_gpio.o
                               0x46b4 (size before relaxing)
 .debug_str     0x00012f65      0x552 ./CMSIS/system_m2sxxx.o
                               0x93d3 (size before relaxing)
 .debug_str     0x000134b7     0x15dd ./main.o
                               0xda9b (size before relaxing)

.debug_loc
 *(.debug_loc)

.debug_macinfo
 *(.debug_macinfo)

.debug_weaknames
 *(.debug_weaknames)

.debug_funcnames
 *(.debug_funcnames)

.debug_typenames
 *(.debug_typenames)

.debug_varnames
 *(.debug_varnames)

.note.gnu.arm.ident
 *(.note.gnu.arm.ident)

.ARM.attributes
                0x00000000       0x29
 *(.ARM.attributes)
 .ARM.attributes
                0x00000000       0x1d c:/microsemi/softconsole_v4.0/arm-none-eabi-gcc/bin/../lib/gcc/arm-none-eabi/4.9.3/armv7-m/crti.o
 .ARM.attributes
                0x0000001d       0x2d c:/microsemi/softconsole_v4.0/arm-none-eabi-gcc/bin/../lib/gcc/arm-none-eabi/4.9.3/armv7-m/crtbegin.o
 .ARM.attributes
                0x0000004a       0x1b c:/microsemi/softconsole_v4.0/arm-none-eabi-gcc/bin/../lib/gcc/arm-none-eabi/4.9.3/../../../../arm-none-eabi/lib/armv7-m/rdimon-crt0.o
 .ARM.attributes
                0x00000065       0x21 ./hal/CortexM3/GNU/hal.o
 .ARM.attributes
                0x00000086       0x21 ./hal/CortexM3/GNU/hw_reg_access.o
 .ARM.attributes
                0x000000a7       0x33 ./hal/CortexM3/cortex_nvic.o
 .ARM.attributes
                0x000000da       0x33 ./drivers_config/sys_config/sys_config.o
 .ARM.attributes
                0x0000010d       0x33 ./drivers/mss_sys_services/mss_comblk.o
 .ARM.attributes
                0x00000140       0x33 ./drivers/mss_sys_services/mss_sys_services.o
 .ARM.attributes
                0x00000173       0x33 ./drivers/mss_spi/mss_spi.o
 .ARM.attributes
                0x000001a6       0x33 ./drivers/mss_rtc/mss_rtc.o
 .ARM.attributes
                0x000001d9       0x33 ./drivers/mss_nvm/mss_nvm.o
 .ARM.attributes
                0x0000020c       0x33 ./drivers/mss_hpdma/mss_hpdma.o
 .ARM.attributes
                0x0000023f       0x33 ./drivers/CoreUARTapb/core_uart_apb.o
 .ARM.attributes
                0x00000272       0x33 ./drivers/CorePWM/core_pwm.o
 .ARM.attributes
                0x000002a5       0x33 ./drivers/CoreGPIO/core_gpio.o
 .ARM.attributes
                0x000002d8       0x21 ./CMSIS/startup_gcc/startup_m2sxxx.o
 .ARM.attributes
                0x000002f9       0x33 ./CMSIS/system_m2sxxx.o
 .ARM.attributes
                0x0000032c       0x33 ./main.o
 .ARM.attributes
                0x0000035f       0x1d c:/microsemi/softconsole_v4.0/arm-none-eabi-gcc/bin/../lib/gcc/arm-none-eabi/4.9.3/armv7-m\libgcc.a(_arm_addsubdf3.o)
 .ARM.attributes
                0x0000037c       0x1d c:/microsemi/softconsole_v4.0/arm-none-eabi-gcc/bin/../lib/gcc/arm-none-eabi/4.9.3/armv7-m\libgcc.a(_arm_muldivdf3.o)
 .ARM.attributes
                0x00000399       0x1d c:/microsemi/softconsole_v4.0/arm-none-eabi-gcc/bin/../lib/gcc/arm-none-eabi/4.9.3/armv7-m\libgcc.a(_arm_truncdfsf2.o)
 .ARM.attributes
                0x000003b6       0x1d c:/microsemi/softconsole_v4.0/arm-none-eabi-gcc/bin/../lib/gcc/arm-none-eabi/4.9.3/armv7-m\libgcc.a(_arm_addsubsf3.o)
 .ARM.attributes
                0x000003d3       0x1d c:/microsemi/softconsole_v4.0/arm-none-eabi-gcc/bin/../lib/gcc/arm-none-eabi/4.9.3/armv7-m\libgcc.a(_arm_cmpsf2.o)
 .ARM.attributes
                0x000003f0       0x1d c:/microsemi/softconsole_v4.0/arm-none-eabi-gcc/bin/../lib/gcc/arm-none-eabi/4.9.3/armv7-m\libgcc.a(_arm_fixsfsi.o)
 .ARM.attributes
                0x0000040d       0x2d c:/microsemi/softconsole_v4.0/arm-none-eabi-gcc/bin/../lib/gcc/arm-none-eabi/4.9.3/../../../../arm-none-eabi/lib/armv7-m\libg.a(lib_a-exit.o)
 .ARM.attributes
                0x0000043a       0x2d c:/microsemi/softconsole_v4.0/arm-none-eabi-gcc/bin/../lib/gcc/arm-none-eabi/4.9.3/../../../../arm-none-eabi/lib/armv7-m\libg.a(lib_a-impure.o)
 .ARM.attributes
                0x00000467       0x2d c:/microsemi/softconsole_v4.0/arm-none-eabi-gcc/bin/../lib/gcc/arm-none-eabi/4.9.3/../../../../arm-none-eabi/lib/armv7-m\libg.a(lib_a-init.o)
 .ARM.attributes
                0x00000494       0x2d c:/microsemi/softconsole_v4.0/arm-none-eabi-gcc/bin/../lib/gcc/arm-none-eabi/4.9.3/../../../../arm-none-eabi/lib/armv7-m\libg.a(lib_a-iprintf.o)
 .ARM.attributes
                0x000004c1       0x1b c:/microsemi/softconsole_v4.0/arm-none-eabi-gcc/bin/../lib/gcc/arm-none-eabi/4.9.3/../../../../arm-none-eabi/lib/armv7-m\libg.a(lib_a-memcpy.o)
 .ARM.attributes
                0x000004dc       0x2d c:/microsemi/softconsole_v4.0/arm-none-eabi-gcc/bin/../lib/gcc/arm-none-eabi/4.9.3/../../../../arm-none-eabi/lib/armv7-m\libg.a(lib_a-memset.o)
 .ARM.attributes
                0x00000509       0x2d c:/microsemi/softconsole_v4.0/arm-none-eabi-gcc/bin/../lib/gcc/arm-none-eabi/4.9.3/../../../../arm-none-eabi/lib/armv7-m\libg.a(lib_a-vfiprintf.o)
 .ARM.attributes
                0x00000536       0x2d c:/microsemi/softconsole_v4.0/arm-none-eabi-gcc/bin/../lib/gcc/arm-none-eabi/4.9.3/../../../../arm-none-eabi/lib/armv7-m\libg.a(lib_a-wsetup.o)
 .ARM.attributes
                0x00000563       0x2d c:/microsemi/softconsole_v4.0/arm-none-eabi-gcc/bin/../lib/gcc/arm-none-eabi/4.9.3/../../../../arm-none-eabi/lib/armv7-m\libg.a(lib_a-__call_atexit.o)
 .ARM.attributes
                0x00000590       0x2d c:/microsemi/softconsole_v4.0/arm-none-eabi-gcc/bin/../lib/gcc/arm-none-eabi/4.9.3/../../../../arm-none-eabi/lib/armv7-m\libg.a(lib_a-atexit.o)
 .ARM.attributes
                0x000005bd       0x2d c:/microsemi/softconsole_v4.0/arm-none-eabi-gcc/bin/../lib/gcc/arm-none-eabi/4.9.3/../../../../arm-none-eabi/lib/armv7-m\libg.a(lib_a-fflush.o)
 .ARM.attributes
                0x000005ea       0x2d c:/microsemi/softconsole_v4.0/arm-none-eabi-gcc/bin/../lib/gcc/arm-none-eabi/4.9.3/../../../../arm-none-eabi/lib/armv7-m\libg.a(lib_a-findfp.o)
 .ARM.attributes
                0x00000617       0x2d c:/microsemi/softconsole_v4.0/arm-none-eabi-gcc/bin/../lib/gcc/arm-none-eabi/4.9.3/../../../../arm-none-eabi/lib/armv7-m\libg.a(lib_a-fini.o)
 .ARM.attributes
                0x00000644       0x2d c:/microsemi/softconsole_v4.0/arm-none-eabi-gcc/bin/../lib/gcc/arm-none-eabi/4.9.3/../../../../arm-none-eabi/lib/armv7-m\libg.a(lib_a-fputwc.o)
 .ARM.attributes
                0x00000671       0x2d c:/microsemi/softconsole_v4.0/arm-none-eabi-gcc/bin/../lib/gcc/arm-none-eabi/4.9.3/../../../../arm-none-eabi/lib/armv7-m\libg.a(lib_a-freer.o)
 .ARM.attributes
                0x0000069e       0x2d c:/microsemi/softconsole_v4.0/arm-none-eabi-gcc/bin/../lib/gcc/arm-none-eabi/4.9.3/../../../../arm-none-eabi/lib/armv7-m\libg.a(lib_a-fvwrite.o)
 .ARM.attributes
                0x000006cb       0x2d c:/microsemi/softconsole_v4.0/arm-none-eabi-gcc/bin/../lib/gcc/arm-none-eabi/4.9.3/../../../../arm-none-eabi/lib/armv7-m\libg.a(lib_a-fwalk.o)
 .ARM.attributes
                0x000006f8       0x2d c:/microsemi/softconsole_v4.0/arm-none-eabi-gcc/bin/../lib/gcc/arm-none-eabi/4.9.3/../../../../arm-none-eabi/lib/armv7-m\libg.a(lib_a-locale.o)
 .ARM.attributes
                0x00000725       0x2d c:/microsemi/softconsole_v4.0/arm-none-eabi-gcc/bin/../lib/gcc/arm-none-eabi/4.9.3/../../../../arm-none-eabi/lib/armv7-m\libg.a(lib_a-makebuf.o)
 .ARM.attributes
                0x00000752       0x2d c:/microsemi/softconsole_v4.0/arm-none-eabi-gcc/bin/../lib/gcc/arm-none-eabi/4.9.3/../../../../arm-none-eabi/lib/armv7-m\libg.a(lib_a-mallocr.o)
 .ARM.attributes
                0x0000077f       0x2d c:/microsemi/softconsole_v4.0/arm-none-eabi-gcc/bin/../lib/gcc/arm-none-eabi/4.9.3/../../../../arm-none-eabi/lib/armv7-m\libg.a(lib_a-memchr.o)
 .ARM.attributes
                0x000007ac       0x2d c:/microsemi/softconsole_v4.0/arm-none-eabi-gcc/bin/../lib/gcc/arm-none-eabi/4.9.3/../../../../arm-none-eabi/lib/armv7-m\libg.a(lib_a-memmove.o)
 .ARM.attributes
                0x000007d9       0x2d c:/microsemi/softconsole_v4.0/arm-none-eabi-gcc/bin/../lib/gcc/arm-none-eabi/4.9.3/../../../../arm-none-eabi/lib/armv7-m\libg.a(lib_a-mlock.o)
 .ARM.attributes
                0x00000806       0x2d c:/microsemi/softconsole_v4.0/arm-none-eabi-gcc/bin/../lib/gcc/arm-none-eabi/4.9.3/../../../../arm-none-eabi/lib/armv7-m\libg.a(lib_a-reallocr.o)
 .ARM.attributes
                0x00000833       0x2d c:/microsemi/softconsole_v4.0/arm-none-eabi-gcc/bin/../lib/gcc/arm-none-eabi/4.9.3/../../../../arm-none-eabi/lib/armv7-m\libg.a(lib_a-sbrkr.o)
 .ARM.attributes
                0x00000860       0x2d c:/microsemi/softconsole_v4.0/arm-none-eabi-gcc/bin/../lib/gcc/arm-none-eabi/4.9.3/../../../../arm-none-eabi/lib/armv7-m\libg.a(lib_a-stdio.o)
 .ARM.attributes
                0x0000088d       0x1b c:/microsemi/softconsole_v4.0/arm-none-eabi-gcc/bin/../lib/gcc/arm-none-eabi/4.9.3/../../../../arm-none-eabi/lib/armv7-m\libg.a(lib_a-strcmp.o)
 .ARM.attributes
                0x000008a8       0x2d c:/microsemi/softconsole_v4.0/arm-none-eabi-gcc/bin/../lib/gcc/arm-none-eabi/4.9.3/../../../../arm-none-eabi/lib/armv7-m\libg.a(lib_a-strlen.o)
 .ARM.attributes
                0x000008d5       0x2d c:/microsemi/softconsole_v4.0/arm-none-eabi-gcc/bin/../lib/gcc/arm-none-eabi/4.9.3/../../../../arm-none-eabi/lib/armv7-m\libg.a(lib_a-wbuf.o)
 .ARM.attributes
                0x00000902       0x2d c:/microsemi/softconsole_v4.0/arm-none-eabi-gcc/bin/../lib/gcc/arm-none-eabi/4.9.3/../../../../arm-none-eabi/lib/armv7-m\libg.a(lib_a-wcrtomb.o)
 .ARM.attributes
                0x0000092f       0x2d c:/microsemi/softconsole_v4.0/arm-none-eabi-gcc/bin/../lib/gcc/arm-none-eabi/4.9.3/../../../../arm-none-eabi/lib/armv7-m\libg.a(lib_a-wctomb_r.o)
 .ARM.attributes
                0x0000095c       0x2d c:/microsemi/softconsole_v4.0/arm-none-eabi-gcc/bin/../lib/gcc/arm-none-eabi/4.9.3/../../../../arm-none-eabi/lib/armv7-m\libg.a(lib_a-writer.o)
 .ARM.attributes
                0x00000989       0x2d c:/microsemi/softconsole_v4.0/arm-none-eabi-gcc/bin/../lib/gcc/arm-none-eabi/4.9.3/../../../../arm-none-eabi/lib/armv7-m\libg.a(lib_a-__atexit.o)
 .ARM.attributes
                0x000009b6       0x2d c:/microsemi/softconsole_v4.0/arm-none-eabi-gcc/bin/../lib/gcc/arm-none-eabi/4.9.3/../../../../arm-none-eabi/lib/armv7-m\libg.a(lib_a-closer.o)
 .ARM.attributes
                0x000009e3       0x2d c:/microsemi/softconsole_v4.0/arm-none-eabi-gcc/bin/../lib/gcc/arm-none-eabi/4.9.3/../../../../arm-none-eabi/lib/armv7-m\libg.a(lib_a-fclose.o)
 .ARM.attributes
                0x00000a10       0x2d c:/microsemi/softconsole_v4.0/arm-none-eabi-gcc/bin/../lib/gcc/arm-none-eabi/4.9.3/../../../../arm-none-eabi/lib/armv7-m\libg.a(lib_a-fstatr.o)
 .ARM.attributes
                0x00000a3d       0x2d c:/microsemi/softconsole_v4.0/arm-none-eabi-gcc/bin/../lib/gcc/arm-none-eabi/4.9.3/../../../../arm-none-eabi/lib/armv7-m\libg.a(lib_a-isattyr.o)
 .ARM.attributes
                0x00000a6a       0x2d c:/microsemi/softconsole_v4.0/arm-none-eabi-gcc/bin/../lib/gcc/arm-none-eabi/4.9.3/../../../../arm-none-eabi/lib/armv7-m\libg.a(lib_a-lseekr.o)
 .ARM.attributes
                0x00000a97       0x2d c:/microsemi/softconsole_v4.0/arm-none-eabi-gcc/bin/../lib/gcc/arm-none-eabi/4.9.3/../../../../arm-none-eabi/lib/armv7-m\libg.a(lib_a-readr.o)
 .ARM.attributes
                0x00000ac4       0x2d c:/microsemi/softconsole_v4.0/arm-none-eabi-gcc/bin/../lib/gcc/arm-none-eabi/4.9.3/../../../../arm-none-eabi/lib/armv7-m\libg.a(lib_a-reent.o)
 .ARM.attributes
                0x00000af1       0x1d c:/microsemi/softconsole_v4.0/arm-none-eabi-gcc/bin/../lib/gcc/arm-none-eabi/4.9.3/armv7-m\libgcc.a(_aeabi_uldivmod.o)
 .ARM.attributes
                0x00000b0e       0x2d c:/microsemi/softconsole_v4.0/arm-none-eabi-gcc/bin/../lib/gcc/arm-none-eabi/4.9.3/armv7-m\libgcc.a(bpabi.o)
 .ARM.attributes
                0x00000b3b       0x1d c:/microsemi/softconsole_v4.0/arm-none-eabi-gcc/bin/../lib/gcc/arm-none-eabi/4.9.3/armv7-m\libgcc.a(_dvmd_tls.o)
 .ARM.attributes
                0x00000b58       0x2d c:/microsemi/softconsole_v4.0/arm-none-eabi-gcc/bin/../lib/gcc/arm-none-eabi/4.9.3/armv7-m\libgcc.a(_divdi3.o)
 .ARM.attributes
                0x00000b85       0x2d c:/microsemi/softconsole_v4.0/arm-none-eabi-gcc/bin/../lib/gcc/arm-none-eabi/4.9.3/armv7-m\libgcc.a(_udivdi3.o)
 .ARM.attributes
                0x00000bb2       0x2d c:/microsemi/softconsole_v4.0/arm-none-eabi-gcc/bin/../lib/gcc/arm-none-eabi/4.9.3/../../../../arm-none-eabi/lib/armv7-m\librdimon.a(rdimon-syscalls.o)
 .ARM.attributes
                0x00000bdf       0x2d c:/microsemi/softconsole_v4.0/arm-none-eabi-gcc/bin/../lib/gcc/arm-none-eabi/4.9.3/../../../../arm-none-eabi/lib/armv7-m\librdimon.a(rdimon-_exit.o)
 .ARM.attributes
                0x00000c0c       0x2d c:/microsemi/softconsole_v4.0/arm-none-eabi-gcc/bin/../lib/gcc/arm-none-eabi/4.9.3/../../../../arm-none-eabi/lib/armv7-m\librdimon.a(rdimon-_kill.o)
 .ARM.attributes
                0x00000c39       0x2d c:/microsemi/softconsole_v4.0/arm-none-eabi-gcc/bin/../lib/gcc/arm-none-eabi/4.9.3/../../../../arm-none-eabi/lib/armv7-m\libc.a(lib_a-errno.o)
 .ARM.attributes
                0x00000c66       0x2d c:/microsemi/softconsole_v4.0/arm-none-eabi-gcc/bin/../lib/gcc/arm-none-eabi/4.9.3/armv7-m/crtend.o
 .ARM.attributes
                0x00000c93       0x1d c:/microsemi/softconsole_v4.0/arm-none-eabi-gcc/bin/../lib/gcc/arm-none-eabi/4.9.3/armv7-m/crtn.o

/DISCARD/
 *(.note.GNU-stack)
 *(.isr_vector)
OUTPUT(servoarm.elf elf32-littlearm)

.debug_ranges   0x00000000      0x7b8
 .debug_ranges  0x00000000       0x38 ./hal/CortexM3/cortex_nvic.o
 .debug_ranges  0x00000038       0x80 ./drivers/mss_sys_services/mss_comblk.o
 .debug_ranges  0x000000b8      0x1b8 ./drivers/mss_sys_services/mss_sys_services.o
 .debug_ranges  0x00000270       0xd0 ./drivers/mss_spi/mss_spi.o
 .debug_ranges  0x00000340       0xb0 ./drivers/mss_rtc/mss_rtc.o
 .debug_ranges  0x000003f0       0x70 ./drivers/mss_nvm/mss_nvm.o
 .debug_ranges  0x00000460       0x70 ./drivers/mss_hpdma/mss_hpdma.o
 .debug_ranges  0x000004d0       0x38 ./drivers/CoreUARTapb/core_uart_apb.o
 .debug_ranges  0x00000508       0xa8 ./drivers/CorePWM/core_pwm.o
 .debug_ranges  0x000005b0       0x58 ./drivers/CoreGPIO/core_gpio.o
 .debug_ranges  0x00000608       0x40 ./CMSIS/system_m2sxxx.o
 .debug_ranges  0x00000648      0x170 ./main.o

.debug_macro    0x00000000     0x46ae
 .debug_macro   0x00000000       0xa8 ./hal/CortexM3/cortex_nvic.o
 .debug_macro   0x000000a8      0x862 ./hal/CortexM3/cortex_nvic.o
 .debug_macro   0x0000090a       0x22 ./hal/CortexM3/cortex_nvic.o
 .debug_macro   0x0000092c       0x44 ./hal/CortexM3/cortex_nvic.o
 .debug_macro   0x00000970       0x58 ./hal/CortexM3/cortex_nvic.o
 .debug_macro   0x000009c8       0x22 ./hal/CortexM3/cortex_nvic.o
 .debug_macro   0x000009ea      0x1df ./hal/CortexM3/cortex_nvic.o
 .debug_macro   0x00000bc9       0x58 ./hal/CortexM3/cortex_nvic.o
 .debug_macro   0x00000c21       0x35 ./hal/CortexM3/cortex_nvic.o
 .debug_macro   0x00000c56       0x9c ./hal/CortexM3/cortex_nvic.o
 .debug_macro   0x00000cf2       0x1c ./hal/CortexM3/cortex_nvic.o
 .debug_macro   0x00000d0e       0xa9 ./drivers_config/sys_config/sys_config.o
 .debug_macro   0x00000db7       0x26 ./drivers_config/sys_config/sys_config.o
 .debug_macro   0x00000ddd       0x3a ./drivers_config/sys_config/sys_config.o
 .debug_macro   0x00000e17       0x34 ./drivers_config/sys_config/sys_config.o
 .debug_macro   0x00000e4b      0xc83 ./drivers_config/sys_config/sys_config.o
 .debug_macro   0x00001ace      0x265 ./drivers_config/sys_config/sys_config.o
 .debug_macro   0x00001d33       0x3a ./drivers_config/sys_config/sys_config.o
 .debug_macro   0x00001d6d       0x34 ./drivers_config/sys_config/sys_config.o
 .debug_macro   0x00001da1      0x14b ./drivers/mss_sys_services/mss_comblk.o
 .debug_macro   0x00001eec      0x3bd ./drivers/mss_sys_services/mss_sys_services.o
 .debug_macro   0x000022a9      0x2f8 ./drivers/mss_sys_services/mss_sys_services.o
 .debug_macro   0x000025a1      0x16d ./drivers/mss_sys_services/mss_sys_services.o
 .debug_macro   0x0000270e       0x52 ./drivers/mss_sys_services/mss_sys_services.o
 .debug_macro   0x00002760       0x16 ./drivers/mss_sys_services/mss_sys_services.o
 .debug_macro   0x00002776       0x43 ./drivers/mss_sys_services/mss_sys_services.o
 .debug_macro   0x000027b9      0x180 ./drivers/mss_sys_services/mss_sys_services.o
 .debug_macro   0x00002939      0x27a ./drivers/mss_sys_services/mss_sys_services.o
 .debug_macro   0x00002bb3       0x10 ./drivers/mss_sys_services/mss_sys_services.o
 .debug_macro   0x00002bc3       0x35 ./drivers/mss_sys_services/mss_sys_services.o
 .debug_macro   0x00002bf8      0x233 ./drivers/mss_spi/mss_spi.o
 .debug_macro   0x00002e2b      0x1fb ./drivers/mss_rtc/mss_rtc.o
 .debug_macro   0x00003026       0x4a ./drivers/mss_rtc/mss_rtc.o
 .debug_macro   0x00003070      0x292 ./drivers/mss_nvm/mss_nvm.o
 .debug_macro   0x00003302       0x16 ./drivers/mss_nvm/mss_nvm.o
 .debug_macro   0x00003318      0x134 ./drivers/mss_hpdma/mss_hpdma.o
 .debug_macro   0x0000344c       0x4a ./drivers/mss_hpdma/mss_hpdma.o
 .debug_macro   0x00003496       0x10 ./drivers/mss_hpdma/mss_hpdma.o
 .debug_macro   0x000034a6      0x119 ./drivers/CoreUARTapb/core_uart_apb.o
 .debug_macro   0x000035bf       0x64 ./drivers/CoreUARTapb/core_uart_apb.o
 .debug_macro   0x00003623      0x106 ./drivers/CoreUARTapb/core_uart_apb.o
 .debug_macro   0x00003729       0x46 ./drivers/CoreUARTapb/core_uart_apb.o
 .debug_macro   0x0000376f       0xfd ./drivers/CorePWM/core_pwm.o
 .debug_macro   0x0000386c       0x12 ./drivers/CorePWM/core_pwm.o
 .debug_macro   0x0000387e      0x191 ./drivers/CorePWM/core_pwm.o
 .debug_macro   0x00003a0f      0x10d ./drivers/CoreGPIO/core_gpio.o
 .debug_macro   0x00003b1c      0x11c ./drivers/CoreGPIO/core_gpio.o
 .debug_macro   0x00003c38       0x64 ./drivers/CoreGPIO/core_gpio.o
 .debug_macro   0x00003c9c      0x155 ./CMSIS/system_m2sxxx.o
 .debug_macro   0x00003df1      0x329 ./main.o
 .debug_macro   0x0000411a       0x22 ./main.o
 .debug_macro   0x0000413c      0x122 ./main.o
 .debug_macro   0x0000425e       0x16 ./main.o
 .debug_macro   0x00004274       0x97 ./main.o
 .debug_macro   0x0000430b       0xf6 ./main.o
 .debug_macro   0x00004401       0x10 ./main.o
 .debug_macro   0x00004411       0x10 ./main.o
 .debug_macro   0x00004421       0x22 ./main.o
 .debug_macro   0x00004443       0xbe ./main.o
 .debug_macro   0x00004501       0x16 ./main.o
 .debug_macro   0x00004517      0x197 ./main.o

.comment        0x00000000       0x70
 .comment       0x00000000       0x70 ./hal/CortexM3/cortex_nvic.o
                                 0x71 (size before relaxing)
 .comment       0x00000000       0x71 ./drivers_config/sys_config/sys_config.o
 .comment       0x00000000       0x71 ./drivers/mss_sys_services/mss_comblk.o
 .comment       0x00000000       0x71 ./drivers/mss_sys_services/mss_sys_services.o
 .comment       0x00000000       0x71 ./drivers/mss_spi/mss_spi.o
 .comment       0x00000000       0x71 ./drivers/mss_rtc/mss_rtc.o
 .comment       0x00000000       0x71 ./drivers/mss_nvm/mss_nvm.o
 .comment       0x00000000       0x71 ./drivers/mss_hpdma/mss_hpdma.o
 .comment       0x00000000       0x71 ./drivers/CoreUARTapb/core_uart_apb.o
 .comment       0x00000000       0x71 ./drivers/CorePWM/core_pwm.o
 .comment       0x00000000       0x71 ./drivers/CoreGPIO/core_gpio.o
 .comment       0x00000000       0x71 ./CMSIS/system_m2sxxx.o
 .comment       0x00000000       0x71 ./main.o
